TimeQuest Timing Analyzer report for mic1
Sun Jul 20 21:13:35 2025
Quartus II 64-Bit Version 13.0.1 Build 232 06/12/2013 Service Pack 1 SJ Web Edition


---------------------
; Table of Contents ;
---------------------
  1. Legal Notice
  2. TimeQuest Timing Analyzer Summary
  3. Parallel Compilation
  4. Clocks
  5. Slow Model Fmax Summary
  6. Slow Model Setup Summary
  7. Slow Model Hold Summary
  8. Slow Model Recovery Summary
  9. Slow Model Removal Summary
 10. Slow Model Minimum Pulse Width Summary
 11. Propagation Delay
 12. Minimum Propagation Delay
 13. Fast Model Setup Summary
 14. Fast Model Hold Summary
 15. Fast Model Recovery Summary
 16. Fast Model Removal Summary
 17. Fast Model Minimum Pulse Width Summary
 18. Propagation Delay
 19. Minimum Propagation Delay
 20. Multicorner Timing Analysis Summary
 21. Progagation Delay
 22. Minimum Progagation Delay
 23. Clock Transfers
 24. Report TCCS
 25. Report RSKM
 26. Unconstrained Paths
 27. TimeQuest Timing Analyzer Messages



----------------
; Legal Notice ;
----------------
Copyright (C) 1991-2013 Altera Corporation
Your use of Altera Corporation's design tools, logic functions 
and other software and tools, and its AMPP partner logic 
functions, and any output files from any of the foregoing 
(including device programming or simulation files), and any 
associated documentation or information are expressly subject 
to the terms and conditions of the Altera Program License 
Subscription Agreement, Altera MegaCore Function License 
Agreement, or other applicable license agreement, including, 
without limitation, that your use is for the sole purpose of 
programming logic devices manufactured by Altera and sold by 
Altera or its authorized distributors.  Please refer to the 
applicable agreement for further details.



+----------------------------------------------------------------------------------------+
; TimeQuest Timing Analyzer Summary                                                      ;
+--------------------+-------------------------------------------------------------------+
; Quartus II Version ; Version 13.0.1 Build 232 06/12/2013 Service Pack 1 SJ Web Edition ;
; Revision Name      ; mic1                                                              ;
; Device Family      ; Cyclone II                                                        ;
; Device Name        ; EP2C5F256C6                                                       ;
; Timing Models      ; Final                                                             ;
; Delay Model        ; Combined                                                          ;
; Rise/Fall Delays   ; Unavailable                                                       ;
+--------------------+-------------------------------------------------------------------+


Parallel compilation was disabled, but you have multiple processors available. Enable parallel compilation to reduce compilation time.
+-------------------------------------+
; Parallel Compilation                ;
+----------------------------+--------+
; Processors                 ; Number ;
+----------------------------+--------+
; Number detected on machine ; 12     ;
; Maximum allowed            ; 1      ;
+----------------------------+--------+


----------
; Clocks ;
----------
No clocks to report.


---------------------------
; Slow Model Fmax Summary ;
---------------------------
No paths to report.


----------------------------
; Slow Model Setup Summary ;
----------------------------
No paths to report.


---------------------------
; Slow Model Hold Summary ;
---------------------------
No paths to report.


-------------------------------
; Slow Model Recovery Summary ;
-------------------------------
No paths to report.


------------------------------
; Slow Model Removal Summary ;
------------------------------
No paths to report.


------------------------------------------
; Slow Model Minimum Pulse Width Summary ;
------------------------------------------
No paths to report.


+--------------------------------------------------------------+
; Propagation Delay                                            ;
+------------+-------------+--------+--------+--------+--------+
; Input Port ; Output Port ; RR     ; RF     ; FR     ; FF     ;
+------------+-------------+--------+--------+--------+--------+
; MIR[22]    ; C[0]        ; 9.764  ; 9.764  ; 9.764  ; 9.764  ;
; MIR[22]    ; C[1]        ; 9.802  ; 9.802  ; 9.802  ; 9.802  ;
; MIR[22]    ; C[2]        ; 9.440  ; 9.440  ; 9.440  ; 9.440  ;
; MIR[22]    ; C[3]        ; 9.469  ; 9.469  ; 9.469  ; 9.469  ;
; MIR[22]    ; C[4]        ; 9.218  ; 9.218  ; 9.218  ; 9.218  ;
; MIR[22]    ; C[5]        ; 9.564  ; 9.564  ; 9.564  ; 9.564  ;
; MIR[22]    ; C[6]        ; 9.855  ; 9.855  ; 9.855  ; 9.855  ;
; MIR[22]    ; C[7]        ; 9.761  ; 9.761  ; 9.761  ; 9.761  ;
; MIR[22]    ; C[8]        ; 10.540 ; 10.540 ; 10.540 ; 10.540 ;
; MIR[22]    ; C[9]        ; 10.277 ; 10.277 ; 10.277 ; 10.277 ;
; MIR[22]    ; C[10]       ; 9.687  ; 9.687  ; 9.687  ; 9.687  ;
; MIR[22]    ; C[11]       ; 10.009 ; 10.009 ; 10.009 ; 10.009 ;
; MIR[22]    ; C[12]       ; 9.909  ; 9.909  ; 9.909  ; 9.909  ;
; MIR[22]    ; C[13]       ; 10.514 ; 10.514 ; 10.514 ; 10.514 ;
; MIR[22]    ; C[14]       ; 10.256 ; 10.256 ; 10.256 ; 10.256 ;
; MIR[22]    ; C[15]       ; 10.651 ; 10.651 ; 10.651 ; 10.651 ;
; MIR[22]    ; C[16]       ; 10.334 ; 10.334 ; 10.334 ; 10.334 ;
; MIR[22]    ; C[17]       ; 12.368 ; 12.368 ; 12.368 ; 12.368 ;
; MIR[22]    ; C[18]       ; 10.671 ; 10.671 ; 10.671 ; 10.671 ;
; MIR[22]    ; C[19]       ; 11.159 ; 11.159 ; 11.159 ; 11.159 ;
; MIR[22]    ; C[20]       ; 10.770 ; 10.770 ; 10.770 ; 10.770 ;
; MIR[22]    ; C[21]       ; 10.989 ; 10.989 ; 10.989 ; 10.989 ;
; MIR[22]    ; C[22]       ; 11.542 ; 11.542 ; 11.542 ; 11.542 ;
; MIR[22]    ; C[23]       ; 11.333 ; 11.333 ; 11.333 ; 11.333 ;
; MIR[22]    ; C[24]       ; 10.891 ; 10.891 ; 10.891 ; 10.891 ;
; MIR[22]    ; C[25]       ; 10.835 ; 10.835 ; 10.835 ; 10.835 ;
; MIR[22]    ; C[26]       ; 11.316 ; 11.316 ; 11.316 ; 11.316 ;
; MIR[22]    ; C[27]       ; 10.628 ; 10.628 ; 10.628 ; 10.628 ;
; MIR[22]    ; C[28]       ; 11.371 ; 11.371 ; 11.371 ; 11.371 ;
; MIR[22]    ; C[29]       ; 10.846 ; 10.846 ; 10.846 ; 10.846 ;
; MIR[22]    ; C[30]       ; 10.901 ; 10.901 ; 10.901 ; 10.901 ;
; MIR[22]    ; C[31]       ; 11.091 ; 11.091 ; 11.091 ; 11.091 ;
; MIR[22]    ; N           ; 11.071 ; 11.071 ; 11.071 ; 11.071 ;
; MIR[22]    ; Z           ; 14.104 ; 14.104 ; 14.104 ; 14.104 ;
; MIR[23]    ; C[0]        ; 9.965  ; 9.965  ; 9.965  ; 9.965  ;
; MIR[23]    ; C[1]        ; 9.869  ; 9.869  ; 9.869  ; 9.869  ;
; MIR[23]    ; C[2]        ; 9.154  ; 9.154  ; 9.154  ; 9.154  ;
; MIR[23]    ; C[3]        ; 9.172  ; 9.172  ; 9.172  ; 9.172  ;
; MIR[23]    ; C[4]        ; 8.920  ; 8.920  ; 8.920  ; 8.920  ;
; MIR[23]    ; C[5]        ; 9.266  ; 9.266  ; 9.266  ; 9.266  ;
; MIR[23]    ; C[6]        ; 9.765  ; 9.765  ; 9.765  ; 9.765  ;
; MIR[23]    ; C[7]        ; 9.987  ; 9.987  ; 9.987  ; 9.987  ;
; MIR[23]    ; C[8]        ; 10.442 ; 10.442 ; 10.442 ; 10.442 ;
; MIR[23]    ; C[9]        ; 10.358 ; 10.358 ; 10.358 ; 10.358 ;
; MIR[23]    ; C[10]       ; 9.374  ; 9.374  ; 9.374  ; 9.374  ;
; MIR[23]    ; C[11]       ; 9.697  ; 9.697  ; 9.697  ; 9.697  ;
; MIR[23]    ; C[12]       ; 9.583  ; 9.583  ; 9.583  ; 9.583  ;
; MIR[23]    ; C[13]       ; 10.191 ; 10.191 ; 10.191 ; 10.191 ;
; MIR[23]    ; C[14]       ; 10.164 ; 10.164 ; 10.164 ; 10.164 ;
; MIR[23]    ; C[15]       ; 10.766 ; 10.766 ; 10.766 ; 10.766 ;
; MIR[23]    ; C[16]       ; 10.449 ; 10.449 ; 10.449 ; 10.449 ;
; MIR[23]    ; C[17]       ; 12.253 ; 12.253 ; 12.253 ; 12.253 ;
; MIR[23]    ; C[18]       ; 10.529 ; 10.529 ; 10.529 ; 10.529 ;
; MIR[23]    ; C[19]       ; 10.907 ; 10.907 ; 10.907 ; 10.907 ;
; MIR[23]    ; C[20]       ; 10.675 ; 10.675 ; 10.675 ; 10.675 ;
; MIR[23]    ; C[21]       ; 10.894 ; 10.894 ; 10.894 ; 10.894 ;
; MIR[23]    ; C[22]       ; 11.428 ; 11.428 ; 11.428 ; 11.428 ;
; MIR[23]    ; C[23]       ; 11.499 ; 11.499 ; 11.499 ; 11.499 ;
; MIR[23]    ; C[24]       ; 11.074 ; 11.074 ; 11.074 ; 11.074 ;
; MIR[23]    ; C[25]       ; 10.930 ; 10.930 ; 10.930 ; 10.930 ;
; MIR[23]    ; C[26]       ; 11.475 ; 11.475 ; 11.475 ; 11.475 ;
; MIR[23]    ; C[27]       ; 10.701 ; 10.701 ; 10.701 ; 10.701 ;
; MIR[23]    ; C[28]       ; 11.135 ; 11.135 ; 11.135 ; 11.135 ;
; MIR[23]    ; C[29]       ; 10.745 ; 10.745 ; 10.745 ; 10.745 ;
; MIR[23]    ; C[30]       ; 10.781 ; 10.781 ; 10.781 ; 10.781 ;
; MIR[23]    ; C[31]       ; 10.972 ; 10.972 ; 10.972 ; 10.972 ;
; MIR[23]    ; N           ; 10.952 ; 10.952 ; 10.952 ; 10.952 ;
; MIR[23]    ; Z           ; 13.989 ; 13.989 ; 13.989 ; 13.989 ;
; S[0]       ; C[0]        ; 9.127  ;        ;        ; 9.127  ;
; S[0]       ; C[8]        ; 9.510  ;        ;        ; 9.510  ;
; S[0]       ; Z           ;        ; 10.236 ; 10.236 ;        ;
; S[1]       ; C[0]        ; 8.903  ;        ;        ; 8.903  ;
; S[1]       ; C[1]        ; 8.826  ;        ;        ; 8.826  ;
; S[1]       ; C[9]        ; 9.307  ;        ;        ; 9.307  ;
; S[1]       ; Z           ;        ; 9.985  ; 9.985  ;        ;
; S[2]       ; C[1]        ; 9.538  ;        ;        ; 9.538  ;
; S[2]       ; C[2]        ; 9.385  ;        ;        ; 9.385  ;
; S[2]       ; C[10]       ; 9.603  ;        ;        ; 9.603  ;
; S[2]       ; Z           ;        ; 12.217 ; 12.217 ;        ;
; S[3]       ; C[2]        ; 9.186  ;        ;        ; 9.186  ;
; S[3]       ; C[3]        ; 9.382  ;        ;        ; 9.382  ;
; S[3]       ; C[11]       ; 9.902  ;        ;        ; 9.902  ;
; S[3]       ; Z           ;        ; 11.919 ; 11.919 ;        ;
; S[4]       ; C[3]        ; 9.196  ;        ;        ; 9.196  ;
; S[4]       ; C[4]        ; 8.944  ;        ;        ; 8.944  ;
; S[4]       ; C[12]       ; 10.061 ;        ;        ; 10.061 ;
; S[4]       ; Z           ;        ; 12.717 ; 12.717 ;        ;
; S[5]       ; C[4]        ; 9.180  ;        ;        ; 9.180  ;
; S[5]       ; C[5]        ; 9.527  ;        ;        ; 9.527  ;
; S[5]       ; C[13]       ; 10.450 ;        ;        ; 10.450 ;
; S[5]       ; Z           ;        ; 12.658 ; 12.658 ;        ;
; S[6]       ; C[5]        ; 9.309  ;        ;        ; 9.309  ;
; S[6]       ; C[6]        ; 9.832  ;        ;        ; 9.832  ;
; S[6]       ; C[14]       ; 10.233 ;        ;        ; 10.233 ;
; S[6]       ; Z           ;        ; 13.673 ; 13.673 ;        ;
; S[7]       ; C[6]        ; 9.162  ;        ;        ; 9.162  ;
; S[7]       ; C[7]        ; 9.483  ;        ;        ; 9.483  ;
; S[7]       ; C[15]       ; 9.989  ;        ;        ; 9.989  ;
; S[7]       ; Z           ;        ; 12.806 ; 12.806 ;        ;
; S[8]       ; C[7]        ; 9.178  ;        ;        ; 9.178  ;
; S[8]       ; C[8]        ; 9.160  ;        ;        ; 9.160  ;
; S[8]       ; C[16]       ; 9.638  ;        ;        ; 9.638  ;
; S[8]       ; Z           ;        ; 12.966 ; 12.966 ;        ;
; S[9]       ; C[8]        ; 10.441 ;        ;        ; 10.441 ;
; S[9]       ; C[9]        ; 9.783  ;        ;        ; 9.783  ;
; S[9]       ; C[17]       ; 12.242 ;        ;        ; 12.242 ;
; S[9]       ; Z           ;        ; 13.978 ; 13.978 ;        ;
; S[10]      ; C[9]        ; 10.158 ;        ;        ; 10.158 ;
; S[10]      ; C[10]       ; 9.199  ;        ;        ; 9.199  ;
; S[10]      ; C[18]       ; 10.688 ;        ;        ; 10.688 ;
; S[10]      ; Z           ;        ; 13.952 ; 13.952 ;        ;
; S[11]      ; C[10]       ; 6.526  ;        ;        ; 6.526  ;
; S[11]      ; C[11]       ; 6.530  ;        ;        ; 6.530  ;
; S[11]      ; C[19]       ; 7.377  ;        ;        ; 7.377  ;
; S[11]      ; Z           ;        ; 10.188 ; 10.188 ;        ;
; S[12]      ; C[11]       ; 6.609  ;        ;        ; 6.609  ;
; S[12]      ; C[12]       ; 5.785  ;        ;        ; 5.785  ;
; S[12]      ; C[20]       ; 7.200  ;        ;        ; 7.200  ;
; S[12]      ; Z           ;        ; 10.430 ; 10.430 ;        ;
; S[13]      ; C[12]       ; 6.431  ;        ;        ; 6.431  ;
; S[13]      ; C[13]       ; 6.145  ;        ;        ; 6.145  ;
; S[13]      ; C[21]       ; 7.455  ;        ;        ; 7.455  ;
; S[13]      ; Z           ;        ; 10.398 ; 10.398 ;        ;
; S[14]      ; C[13]       ; 7.062  ;        ;        ; 7.062  ;
; S[14]      ; C[14]       ; 5.932  ;        ;        ; 5.932  ;
; S[14]      ; C[22]       ; 8.071  ;        ;        ; 8.071  ;
; S[14]      ; Z           ;        ; 10.073 ; 10.073 ;        ;
; S[15]      ; C[14]       ; 9.236  ;        ;        ; 9.236  ;
; S[15]      ; C[15]       ; 8.874  ;        ;        ; 8.874  ;
; S[15]      ; C[23]       ; 10.711 ;        ;        ; 10.711 ;
; S[15]      ; Z           ;        ; 12.951 ; 12.951 ;        ;
; S[16]      ; C[15]       ; 10.385 ;        ;        ; 10.385 ;
; S[16]      ; C[16]       ; 9.408  ;        ;        ; 9.408  ;
; S[16]      ; C[24]       ; 10.869 ;        ;        ; 10.869 ;
; S[16]      ; Z           ;        ; 13.223 ; 13.223 ;        ;
; S[17]      ; C[16]       ; 10.352 ;        ;        ; 10.352 ;
; S[17]      ; C[17]       ; 11.168 ;        ;        ; 11.168 ;
; S[17]      ; C[25]       ; 10.761 ;        ;        ; 10.761 ;
; S[17]      ; Z           ;        ; 13.774 ; 13.774 ;        ;
; S[18]      ; C[17]       ; 11.573 ;        ;        ; 11.573 ;
; S[18]      ; C[18]       ; 9.365  ;        ;        ; 9.365  ;
; S[18]      ; C[26]       ; 10.924 ;        ;        ; 10.924 ;
; S[18]      ; Z           ;        ; 13.309 ; 13.309 ;        ;
; S[19]      ; C[18]       ; 10.197 ;        ;        ; 10.197 ;
; S[19]      ; C[19]       ; 9.982  ;        ;        ; 9.982  ;
; S[19]      ; C[27]       ; 10.183 ;        ;        ; 10.183 ;
; S[19]      ; Z           ;        ; 13.461 ; 13.461 ;        ;
; S[20]      ; C[19]       ; 10.911 ;        ;        ; 10.911 ;
; S[20]      ; C[20]       ; 10.183 ;        ;        ; 10.183 ;
; S[20]      ; C[28]       ; 11.133 ;        ;        ; 11.133 ;
; S[20]      ; Z           ;        ; 13.722 ; 13.722 ;        ;
; S[21]      ; C[20]       ; 11.097 ;        ;        ; 11.097 ;
; S[21]      ; C[21]       ; 10.290 ;        ;        ; 10.290 ;
; S[21]      ; C[29]       ; 11.169 ;        ;        ; 11.169 ;
; S[21]      ; Z           ;        ; 14.327 ; 14.327 ;        ;
; S[22]      ; C[21]       ; 10.896 ;        ;        ; 10.896 ;
; S[22]      ; C[22]       ; 10.737 ;        ;        ; 10.737 ;
; S[22]      ; C[30]       ; 9.858  ;        ;        ; 9.858  ;
; S[22]      ; Z           ;        ; 13.839 ; 13.839 ;        ;
; S[23]      ; C[22]       ; 11.323 ;        ;        ; 11.323 ;
; S[23]      ; C[23]       ; 10.111 ;        ;        ; 10.111 ;
; S[23]      ; C[31]       ; 10.873 ;        ;        ; 10.873 ;
; S[23]      ; N           ; 10.853 ;        ;        ; 10.853 ;
; S[23]      ; Z           ;        ; 13.325 ; 13.325 ;        ;
; S[24]      ; C[23]       ; 10.427 ;        ;        ; 10.427 ;
; S[24]      ; C[24]       ; 9.318  ;        ;        ; 9.318  ;
; S[24]      ; Z           ;        ; 12.667 ; 12.667 ;        ;
; S[25]      ; C[24]       ; 10.270 ;        ;        ; 10.270 ;
; S[25]      ; C[25]       ; 9.609  ;        ;        ; 9.609  ;
; S[25]      ; Z           ;        ; 12.624 ; 12.624 ;        ;
; S[26]      ; C[25]       ; 10.256 ;        ;        ; 10.256 ;
; S[26]      ; C[26]       ; 10.064 ;        ;        ; 10.064 ;
; S[26]      ; Z           ;        ; 13.269 ; 13.269 ;        ;
; S[27]      ; C[26]       ; 10.448 ;        ;        ; 10.448 ;
; S[27]      ; C[27]       ; 9.142  ;        ;        ; 9.142  ;
; S[27]      ; Z           ;        ; 12.638 ; 12.638 ;        ;
; S[28]      ; C[27]       ; 10.367 ;        ;        ; 10.367 ;
; S[28]      ; C[28]       ; 10.583 ;        ;        ; 10.583 ;
; S[28]      ; Z           ;        ; 13.377 ; 13.377 ;        ;
; S[29]      ; C[28]       ; 10.827 ;        ;        ; 10.827 ;
; S[29]      ; C[29]       ; 9.945  ;        ;        ; 9.945  ;
; S[29]      ; Z           ;        ; 13.201 ; 13.201 ;        ;
; S[30]      ; C[29]       ; 10.229 ;        ;        ; 10.229 ;
; S[30]      ; C[30]       ; 10.249 ;        ;        ; 10.249 ;
; S[30]      ; Z           ;        ; 13.241 ; 13.241 ;        ;
; S[31]      ; C[30]       ; 11.003 ;        ;        ; 11.003 ;
; S[31]      ; C[31]       ; 11.194 ;        ;        ; 11.194 ;
; S[31]      ; N           ; 11.174 ;        ;        ; 11.174 ;
; S[31]      ; Z           ;        ; 13.014 ; 13.014 ;        ;
+------------+-------------+--------+--------+--------+--------+


+--------------------------------------------------------------+
; Minimum Propagation Delay                                    ;
+------------+-------------+--------+--------+--------+--------+
; Input Port ; Output Port ; RR     ; RF     ; FR     ; FF     ;
+------------+-------------+--------+--------+--------+--------+
; MIR[22]    ; C[0]        ; 9.764  ; 9.764  ; 9.764  ; 9.764  ;
; MIR[22]    ; C[1]        ; 9.802  ; 9.802  ; 9.802  ; 9.802  ;
; MIR[22]    ; C[2]        ; 9.440  ; 9.440  ; 9.440  ; 9.440  ;
; MIR[22]    ; C[3]        ; 9.469  ; 9.469  ; 9.469  ; 9.469  ;
; MIR[22]    ; C[4]        ; 9.218  ; 9.218  ; 9.218  ; 9.218  ;
; MIR[22]    ; C[5]        ; 9.564  ; 9.564  ; 9.564  ; 9.564  ;
; MIR[22]    ; C[6]        ; 9.855  ; 9.855  ; 9.855  ; 9.855  ;
; MIR[22]    ; C[7]        ; 9.761  ; 9.761  ; 9.761  ; 9.761  ;
; MIR[22]    ; C[8]        ; 9.748  ; 9.748  ; 9.748  ; 9.748  ;
; MIR[22]    ; C[9]        ; 9.905  ; 9.905  ; 9.905  ; 9.905  ;
; MIR[22]    ; C[10]       ; 9.195  ; 9.195  ; 9.195  ; 9.195  ;
; MIR[22]    ; C[11]       ; 9.515  ; 9.515  ; 9.515  ; 9.515  ;
; MIR[22]    ; C[12]       ; 9.203  ; 9.203  ; 9.203  ; 9.203  ;
; MIR[22]    ; C[13]       ; 9.609  ; 9.609  ; 9.609  ; 9.609  ;
; MIR[22]    ; C[14]       ; 9.561  ; 9.561  ; 9.561  ; 9.561  ;
; MIR[22]    ; C[15]       ; 9.906  ; 9.906  ; 9.906  ; 9.906  ;
; MIR[22]    ; C[16]       ; 9.484  ; 9.484  ; 9.484  ; 9.484  ;
; MIR[22]    ; C[17]       ; 11.120 ; 11.120 ; 11.120 ; 11.120 ;
; MIR[22]    ; C[18]       ; 10.170 ; 10.170 ; 10.170 ; 10.170 ;
; MIR[22]    ; C[19]       ; 10.347 ; 10.347 ; 10.347 ; 10.347 ;
; MIR[22]    ; C[20]       ; 10.103 ; 10.103 ; 10.103 ; 10.103 ;
; MIR[22]    ; C[21]       ; 10.252 ; 10.252 ; 10.252 ; 10.252 ;
; MIR[22]    ; C[22]       ; 10.842 ; 10.842 ; 10.842 ; 10.842 ;
; MIR[22]    ; C[23]       ; 10.329 ; 10.329 ; 10.329 ; 10.329 ;
; MIR[22]    ; C[24]       ; 10.225 ; 10.225 ; 10.225 ; 10.225 ;
; MIR[22]    ; C[25]       ; 10.372 ; 10.372 ; 10.372 ; 10.372 ;
; MIR[22]    ; C[26]       ; 10.637 ; 10.637 ; 10.637 ; 10.637 ;
; MIR[22]    ; C[27]       ; 10.147 ; 10.147 ; 10.147 ; 10.147 ;
; MIR[22]    ; C[28]       ; 10.566 ; 10.566 ; 10.566 ; 10.566 ;
; MIR[22]    ; C[29]       ; 10.488 ; 10.488 ; 10.488 ; 10.488 ;
; MIR[22]    ; C[30]       ; 10.225 ; 10.901 ; 10.901 ; 10.225 ;
; MIR[22]    ; C[31]       ; 11.091 ; 11.091 ; 11.091 ; 11.091 ;
; MIR[22]    ; N           ; 11.071 ; 11.071 ; 11.071 ; 11.071 ;
; MIR[22]    ; Z           ; 10.280 ; 10.280 ; 10.280 ; 10.280 ;
; MIR[23]    ; C[0]        ; 9.965  ; 9.965  ; 9.965  ; 9.965  ;
; MIR[23]    ; C[1]        ; 9.869  ; 9.869  ; 9.869  ; 9.869  ;
; MIR[23]    ; C[2]        ; 9.154  ; 9.154  ; 9.154  ; 9.154  ;
; MIR[23]    ; C[3]        ; 9.172  ; 9.172  ; 9.172  ; 9.172  ;
; MIR[23]    ; C[4]        ; 8.920  ; 8.920  ; 8.920  ; 8.920  ;
; MIR[23]    ; C[5]        ; 9.266  ; 9.266  ; 9.266  ; 9.266  ;
; MIR[23]    ; C[6]        ; 9.765  ; 9.765  ; 9.765  ; 9.765  ;
; MIR[23]    ; C[7]        ; 9.987  ; 9.987  ; 9.987  ; 9.987  ;
; MIR[23]    ; C[8]        ; 9.949  ; 9.949  ; 9.949  ; 9.949  ;
; MIR[23]    ; C[9]        ; 9.786  ; 9.786  ; 9.786  ; 9.786  ;
; MIR[23]    ; C[10]       ; 8.874  ; 8.874  ; 8.874  ; 8.874  ;
; MIR[23]    ; C[11]       ; 9.202  ; 9.202  ; 9.202  ; 9.202  ;
; MIR[23]    ; C[12]       ; 8.880  ; 8.880  ; 8.880  ; 8.880  ;
; MIR[23]    ; C[13]       ; 9.295  ; 9.295  ; 9.295  ; 9.295  ;
; MIR[23]    ; C[14]       ; 9.460  ; 9.460  ; 9.460  ; 9.460  ;
; MIR[23]    ; C[15]       ; 9.965  ; 9.965  ; 9.965  ; 9.965  ;
; MIR[23]    ; C[16]       ; 9.787  ; 9.787  ; 9.787  ; 9.787  ;
; MIR[23]    ; C[17]       ; 11.347 ; 11.347 ; 11.347 ; 11.347 ;
; MIR[23]    ; C[18]       ; 10.207 ; 10.207 ; 10.207 ; 10.207 ;
; MIR[23]    ; C[19]       ; 10.252 ; 10.252 ; 10.252 ; 10.252 ;
; MIR[23]    ; C[20]       ; 10.008 ; 10.008 ; 10.008 ; 10.008 ;
; MIR[23]    ; C[21]       ; 10.005 ; 10.005 ; 10.005 ; 10.005 ;
; MIR[23]    ; C[22]       ; 10.732 ; 10.732 ; 10.732 ; 10.732 ;
; MIR[23]    ; C[23]       ; 10.215 ; 10.215 ; 10.215 ; 10.215 ;
; MIR[23]    ; C[24]       ; 10.429 ; 10.429 ; 10.429 ; 10.429 ;
; MIR[23]    ; C[25]       ; 10.443 ; 10.443 ; 10.443 ; 10.443 ;
; MIR[23]    ; C[26]       ; 10.835 ; 10.835 ; 10.835 ; 10.835 ;
; MIR[23]    ; C[27]       ; 10.208 ; 10.208 ; 10.208 ; 10.208 ;
; MIR[23]    ; C[28]       ; 10.446 ; 10.446 ; 10.446 ; 10.446 ;
; MIR[23]    ; C[29]       ; 10.252 ; 10.252 ; 10.252 ; 10.252 ;
; MIR[23]    ; C[30]       ; 10.781 ; 10.546 ; 10.546 ; 10.781 ;
; MIR[23]    ; C[31]       ; 10.972 ; 10.972 ; 10.972 ; 10.972 ;
; MIR[23]    ; N           ; 10.952 ; 10.952 ; 10.952 ; 10.952 ;
; MIR[23]    ; Z           ; 10.464 ; 10.464 ; 10.464 ; 10.464 ;
; S[0]       ; C[0]        ; 9.127  ;        ;        ; 9.127  ;
; S[0]       ; C[8]        ; 9.510  ;        ;        ; 9.510  ;
; S[0]       ; Z           ;        ; 9.643  ; 9.643  ;        ;
; S[1]       ; C[0]        ; 8.903  ;        ;        ; 8.903  ;
; S[1]       ; C[1]        ; 8.826  ;        ;        ; 8.826  ;
; S[1]       ; C[9]        ; 9.307  ;        ;        ; 9.307  ;
; S[1]       ; Z           ;        ; 9.419  ; 9.419  ;        ;
; S[2]       ; C[1]        ; 9.538  ;        ;        ; 9.538  ;
; S[2]       ; C[2]        ; 9.385  ;        ;        ; 9.385  ;
; S[2]       ; C[10]       ; 9.603  ;        ;        ; 9.603  ;
; S[2]       ; Z           ;        ; 10.414 ; 10.414 ;        ;
; S[3]       ; C[2]        ; 9.186  ;        ;        ; 9.186  ;
; S[3]       ; C[3]        ; 9.382  ;        ;        ; 9.382  ;
; S[3]       ; C[11]       ; 9.902  ;        ;        ; 9.902  ;
; S[3]       ; Z           ;        ; 11.576 ; 11.576 ;        ;
; S[4]       ; C[3]        ; 9.196  ;        ;        ; 9.196  ;
; S[4]       ; C[4]        ; 8.944  ;        ;        ; 8.944  ;
; S[4]       ; C[12]       ; 10.061 ;        ;        ; 10.061 ;
; S[4]       ; Z           ;        ; 11.390 ; 11.390 ;        ;
; S[5]       ; C[4]        ; 9.180  ;        ;        ; 9.180  ;
; S[5]       ; C[5]        ; 9.527  ;        ;        ; 9.527  ;
; S[5]       ; C[13]       ; 10.450 ;        ;        ; 10.450 ;
; S[5]       ; Z           ;        ; 11.525 ; 11.525 ;        ;
; S[6]       ; C[5]        ; 9.309  ;        ;        ; 9.309  ;
; S[6]       ; C[6]        ; 9.832  ;        ;        ; 9.832  ;
; S[6]       ; C[14]       ; 10.233 ;        ;        ; 10.233 ;
; S[6]       ; Z           ;        ; 11.307 ; 11.307 ;        ;
; S[7]       ; C[6]        ; 9.162  ;        ;        ; 9.162  ;
; S[7]       ; C[7]        ; 9.483  ;        ;        ; 9.483  ;
; S[7]       ; C[15]       ; 9.989  ;        ;        ; 9.989  ;
; S[7]       ; Z           ;        ; 10.786 ; 10.786 ;        ;
; S[8]       ; C[7]        ; 9.178  ;        ;        ; 9.178  ;
; S[8]       ; C[8]        ; 9.160  ;        ;        ; 9.160  ;
; S[8]       ; C[16]       ; 9.638  ;        ;        ; 9.638  ;
; S[8]       ; Z           ;        ; 9.886  ; 9.886  ;        ;
; S[9]       ; C[8]        ; 10.441 ;        ;        ; 10.441 ;
; S[9]       ; C[9]        ; 9.783  ;        ;        ; 9.783  ;
; S[9]       ; C[17]       ; 12.242 ;        ;        ; 12.242 ;
; S[9]       ; Z           ;        ; 10.461 ; 10.461 ;        ;
; S[10]      ; C[9]        ; 10.158 ;        ;        ; 10.158 ;
; S[10]      ; C[10]       ; 9.199  ;        ;        ; 9.199  ;
; S[10]      ; C[18]       ; 10.688 ;        ;        ; 10.688 ;
; S[10]      ; Z           ;        ; 10.836 ; 10.836 ;        ;
; S[11]      ; C[10]       ; 6.526  ;        ;        ; 6.526  ;
; S[11]      ; C[11]       ; 6.530  ;        ;        ; 6.530  ;
; S[11]      ; C[19]       ; 7.377  ;        ;        ; 7.377  ;
; S[11]      ; Z           ;        ; 8.547  ; 8.547  ;        ;
; S[12]      ; C[11]       ; 6.609  ;        ;        ; 6.609  ;
; S[12]      ; C[12]       ; 5.785  ;        ;        ; 5.785  ;
; S[12]      ; C[20]       ; 7.200  ;        ;        ; 7.200  ;
; S[12]      ; Z           ;        ; 8.441  ; 8.441  ;        ;
; S[13]      ; C[12]       ; 6.431  ;        ;        ; 6.431  ;
; S[13]      ; C[13]       ; 6.145  ;        ;        ; 6.145  ;
; S[13]      ; C[21]       ; 7.455  ;        ;        ; 7.455  ;
; S[13]      ; Z           ;        ; 8.353  ; 8.353  ;        ;
; S[14]      ; C[13]       ; 7.062  ;        ;        ; 7.062  ;
; S[14]      ; C[14]       ; 5.932  ;        ;        ; 5.932  ;
; S[14]      ; C[22]       ; 8.071  ;        ;        ; 8.071  ;
; S[14]      ; Z           ;        ; 9.270  ; 9.270  ;        ;
; S[15]      ; C[14]       ; 9.236  ;        ;        ; 9.236  ;
; S[15]      ; C[15]       ; 8.874  ;        ;        ; 8.874  ;
; S[15]      ; C[23]       ; 10.711 ;        ;        ; 10.711 ;
; S[15]      ; Z           ;        ; 11.691 ; 11.691 ;        ;
; S[16]      ; C[15]       ; 10.385 ;        ;        ; 10.385 ;
; S[16]      ; C[16]       ; 9.408  ;        ;        ; 9.408  ;
; S[16]      ; C[24]       ; 10.869 ;        ;        ; 10.869 ;
; S[16]      ; Z           ;        ; 12.736 ; 12.736 ;        ;
; S[17]      ; C[16]       ; 10.352 ;        ;        ; 10.352 ;
; S[17]      ; C[17]       ; 11.168 ;        ;        ; 11.168 ;
; S[17]      ; C[25]       ; 10.761 ;        ;        ; 10.761 ;
; S[17]      ; Z           ;        ; 12.904 ; 12.904 ;        ;
; S[18]      ; C[17]       ; 11.573 ;        ;        ; 11.573 ;
; S[18]      ; C[18]       ; 9.365  ;        ;        ; 9.365  ;
; S[18]      ; C[26]       ; 10.924 ;        ;        ; 10.924 ;
; S[18]      ; Z           ;        ; 12.629 ; 12.629 ;        ;
; S[19]      ; C[18]       ; 10.197 ;        ;        ; 10.197 ;
; S[19]      ; C[19]       ; 9.982  ;        ;        ; 9.982  ;
; S[19]      ; C[27]       ; 10.183 ;        ;        ; 10.183 ;
; S[19]      ; Z           ;        ; 12.793 ; 12.793 ;        ;
; S[20]      ; C[19]       ; 10.911 ;        ;        ; 10.911 ;
; S[20]      ; C[20]       ; 10.183 ;        ;        ; 10.183 ;
; S[20]      ; C[28]       ; 11.133 ;        ;        ; 11.133 ;
; S[20]      ; Z           ;        ; 13.413 ; 13.413 ;        ;
; S[21]      ; C[20]       ; 11.097 ;        ;        ; 11.097 ;
; S[21]      ; C[21]       ; 10.290 ;        ;        ; 10.290 ;
; S[21]      ; C[29]       ; 11.169 ;        ;        ; 11.169 ;
; S[21]      ; Z           ;        ; 13.233 ; 13.233 ;        ;
; S[22]      ; C[21]       ; 10.896 ;        ;        ; 10.896 ;
; S[22]      ; C[22]       ; 10.737 ;        ;        ; 10.737 ;
; S[22]      ; C[30]       ; 9.858  ;        ;        ; 9.858  ;
; S[22]      ; Z           ;        ; 11.869 ; 11.869 ;        ;
; S[23]      ; C[22]       ; 11.323 ;        ;        ; 11.323 ;
; S[23]      ; C[23]       ; 10.111 ;        ;        ; 10.111 ;
; S[23]      ; C[31]       ; 10.873 ;        ;        ; 10.873 ;
; S[23]      ; N           ; 10.853 ;        ;        ; 10.853 ;
; S[23]      ; Z           ;        ; 11.750 ; 11.750 ;        ;
; S[24]      ; C[23]       ; 10.427 ;        ;        ; 10.427 ;
; S[24]      ; C[24]       ; 9.318  ;        ;        ; 9.318  ;
; S[24]      ; Z           ;        ; 11.672 ; 11.672 ;        ;
; S[25]      ; C[24]       ; 10.270 ;        ;        ; 10.270 ;
; S[25]      ; C[25]       ; 9.609  ;        ;        ; 9.609  ;
; S[25]      ; Z           ;        ; 12.622 ; 12.622 ;        ;
; S[26]      ; C[25]       ; 10.256 ;        ;        ; 10.256 ;
; S[26]      ; C[26]       ; 10.064 ;        ;        ; 10.064 ;
; S[26]      ; Z           ;        ; 12.254 ; 12.254 ;        ;
; S[27]      ; C[26]       ; 10.448 ;        ;        ; 10.448 ;
; S[27]      ; C[27]       ; 9.142  ;        ;        ; 9.142  ;
; S[27]      ; Z           ;        ; 12.152 ; 12.152 ;        ;
; S[28]      ; C[27]       ; 10.367 ;        ;        ; 10.367 ;
; S[28]      ; C[28]       ; 10.583 ;        ;        ; 10.583 ;
; S[28]      ; Z           ;        ; 12.957 ; 12.957 ;        ;
; S[29]      ; C[28]       ; 10.827 ;        ;        ; 10.827 ;
; S[29]      ; C[29]       ; 9.945  ;        ;        ; 9.945  ;
; S[29]      ; Z           ;        ; 12.957 ; 12.957 ;        ;
; S[30]      ; C[29]       ; 10.229 ;        ;        ; 10.229 ;
; S[30]      ; C[30]       ; 10.249 ;        ;        ; 10.249 ;
; S[30]      ; Z           ;        ; 12.260 ; 12.260 ;        ;
; S[31]      ; C[30]       ; 11.003 ;        ;        ; 11.003 ;
; S[31]      ; C[31]       ; 11.194 ;        ;        ; 11.194 ;
; S[31]      ; N           ; 11.174 ;        ;        ; 11.174 ;
; S[31]      ; Z           ;        ; 12.071 ; 12.071 ;        ;
+------------+-------------+--------+--------+--------+--------+


----------------------------
; Fast Model Setup Summary ;
----------------------------
No paths to report.


---------------------------
; Fast Model Hold Summary ;
---------------------------
No paths to report.


-------------------------------
; Fast Model Recovery Summary ;
-------------------------------
No paths to report.


------------------------------
; Fast Model Removal Summary ;
------------------------------
No paths to report.


------------------------------------------
; Fast Model Minimum Pulse Width Summary ;
------------------------------------------
No paths to report.


+----------------------------------------------------------+
; Propagation Delay                                        ;
+------------+-------------+-------+-------+-------+-------+
; Input Port ; Output Port ; RR    ; RF    ; FR    ; FF    ;
+------------+-------------+-------+-------+-------+-------+
; MIR[22]    ; C[0]        ; 5.475 ; 5.475 ; 5.475 ; 5.475 ;
; MIR[22]    ; C[1]        ; 5.451 ; 5.451 ; 5.451 ; 5.451 ;
; MIR[22]    ; C[2]        ; 5.258 ; 5.258 ; 5.258 ; 5.258 ;
; MIR[22]    ; C[3]        ; 5.278 ; 5.278 ; 5.278 ; 5.278 ;
; MIR[22]    ; C[4]        ; 5.169 ; 5.169 ; 5.169 ; 5.169 ;
; MIR[22]    ; C[5]        ; 5.378 ; 5.378 ; 5.378 ; 5.378 ;
; MIR[22]    ; C[6]        ; 5.475 ; 5.475 ; 5.475 ; 5.475 ;
; MIR[22]    ; C[7]        ; 5.429 ; 5.429 ; 5.429 ; 5.429 ;
; MIR[22]    ; C[8]        ; 5.783 ; 5.783 ; 5.783 ; 5.783 ;
; MIR[22]    ; C[9]        ; 5.717 ; 5.717 ; 5.717 ; 5.717 ;
; MIR[22]    ; C[10]       ; 5.347 ; 5.347 ; 5.347 ; 5.347 ;
; MIR[22]    ; C[11]       ; 5.505 ; 5.505 ; 5.505 ; 5.505 ;
; MIR[22]    ; C[12]       ; 5.435 ; 5.435 ; 5.435 ; 5.435 ;
; MIR[22]    ; C[13]       ; 5.780 ; 5.780 ; 5.780 ; 5.780 ;
; MIR[22]    ; C[14]       ; 5.630 ; 5.630 ; 5.630 ; 5.630 ;
; MIR[22]    ; C[15]       ; 5.862 ; 5.862 ; 5.862 ; 5.862 ;
; MIR[22]    ; C[16]       ; 5.729 ; 5.729 ; 5.729 ; 5.729 ;
; MIR[22]    ; C[17]       ; 6.671 ; 6.671 ; 6.671 ; 6.671 ;
; MIR[22]    ; C[18]       ; 5.887 ; 5.887 ; 5.887 ; 5.887 ;
; MIR[22]    ; C[19]       ; 6.122 ; 6.122 ; 6.122 ; 6.122 ;
; MIR[22]    ; C[20]       ; 5.929 ; 5.929 ; 5.929 ; 5.929 ;
; MIR[22]    ; C[21]       ; 6.020 ; 6.020 ; 6.020 ; 6.020 ;
; MIR[22]    ; C[22]       ; 6.310 ; 6.310 ; 6.310 ; 6.310 ;
; MIR[22]    ; C[23]       ; 6.160 ; 6.160 ; 6.160 ; 6.160 ;
; MIR[22]    ; C[24]       ; 5.970 ; 5.970 ; 5.970 ; 5.970 ;
; MIR[22]    ; C[25]       ; 5.977 ; 5.977 ; 5.977 ; 5.977 ;
; MIR[22]    ; C[26]       ; 6.185 ; 6.185 ; 6.185 ; 6.185 ;
; MIR[22]    ; C[27]       ; 5.883 ; 5.883 ; 5.883 ; 5.883 ;
; MIR[22]    ; C[28]       ; 6.210 ; 6.210 ; 6.210 ; 6.210 ;
; MIR[22]    ; C[29]       ; 5.981 ; 5.981 ; 5.981 ; 5.981 ;
; MIR[22]    ; C[30]       ; 5.944 ; 5.944 ; 5.944 ; 5.944 ;
; MIR[22]    ; C[31]       ; 6.134 ; 6.134 ; 6.134 ; 6.134 ;
; MIR[22]    ; N           ; 6.114 ; 6.114 ; 6.114 ; 6.114 ;
; MIR[22]    ; Z           ; 7.313 ; 7.313 ; 7.313 ; 7.313 ;
; MIR[23]    ; C[0]        ; 5.579 ; 5.579 ; 5.579 ; 5.579 ;
; MIR[23]    ; C[1]        ; 5.470 ; 5.470 ; 5.470 ; 5.470 ;
; MIR[23]    ; C[2]        ; 5.141 ; 5.141 ; 5.141 ; 5.141 ;
; MIR[23]    ; C[3]        ; 5.154 ; 5.154 ; 5.154 ; 5.154 ;
; MIR[23]    ; C[4]        ; 5.041 ; 5.041 ; 5.041 ; 5.041 ;
; MIR[23]    ; C[5]        ; 5.255 ; 5.255 ; 5.255 ; 5.255 ;
; MIR[23]    ; C[6]        ; 5.438 ; 5.438 ; 5.438 ; 5.438 ;
; MIR[23]    ; C[7]        ; 5.540 ; 5.540 ; 5.540 ; 5.540 ;
; MIR[23]    ; C[8]        ; 5.723 ; 5.723 ; 5.723 ; 5.723 ;
; MIR[23]    ; C[9]        ; 5.742 ; 5.742 ; 5.742 ; 5.742 ;
; MIR[23]    ; C[10]       ; 5.231 ; 5.231 ; 5.231 ; 5.231 ;
; MIR[23]    ; C[11]       ; 5.386 ; 5.386 ; 5.386 ; 5.386 ;
; MIR[23]    ; C[12]       ; 5.311 ; 5.311 ; 5.311 ; 5.311 ;
; MIR[23]    ; C[13]       ; 5.654 ; 5.654 ; 5.654 ; 5.654 ;
; MIR[23]    ; C[14]       ; 5.587 ; 5.587 ; 5.587 ; 5.587 ;
; MIR[23]    ; C[15]       ; 5.902 ; 5.902 ; 5.902 ; 5.902 ;
; MIR[23]    ; C[16]       ; 5.768 ; 5.768 ; 5.768 ; 5.768 ;
; MIR[23]    ; C[17]       ; 6.626 ; 6.626 ; 6.626 ; 6.626 ;
; MIR[23]    ; C[18]       ; 5.819 ; 5.819 ; 5.819 ; 5.819 ;
; MIR[23]    ; C[19]       ; 6.018 ; 6.018 ; 6.018 ; 6.018 ;
; MIR[23]    ; C[20]       ; 5.907 ; 5.907 ; 5.907 ; 5.907 ;
; MIR[23]    ; C[21]       ; 5.999 ; 5.999 ; 5.999 ; 5.999 ;
; MIR[23]    ; C[22]       ; 6.267 ; 6.267 ; 6.267 ; 6.267 ;
; MIR[23]    ; C[23]       ; 6.245 ; 6.245 ; 6.245 ; 6.245 ;
; MIR[23]    ; C[24]       ; 6.069 ; 6.069 ; 6.069 ; 6.069 ;
; MIR[23]    ; C[25]       ; 6.000 ; 6.000 ; 6.000 ; 6.000 ;
; MIR[23]    ; C[26]       ; 6.280 ; 6.280 ; 6.280 ; 6.280 ;
; MIR[23]    ; C[27]       ; 5.901 ; 5.901 ; 5.901 ; 5.901 ;
; MIR[23]    ; C[28]       ; 6.118 ; 6.118 ; 6.118 ; 6.118 ;
; MIR[23]    ; C[29]       ; 5.956 ; 5.956 ; 5.956 ; 5.956 ;
; MIR[23]    ; C[30]       ; 5.896 ; 5.896 ; 5.896 ; 5.896 ;
; MIR[23]    ; C[31]       ; 6.087 ; 6.087 ; 6.087 ; 6.087 ;
; MIR[23]    ; N           ; 6.067 ; 6.067 ; 6.067 ; 6.067 ;
; MIR[23]    ; Z           ; 7.268 ; 7.268 ; 7.268 ; 7.268 ;
; S[0]       ; C[0]        ; 5.142 ;       ;       ; 5.142 ;
; S[0]       ; C[8]        ; 5.250 ;       ;       ; 5.250 ;
; S[0]       ; Z           ;       ; 5.520 ; 5.520 ;       ;
; S[1]       ; C[0]        ; 5.063 ;       ;       ; 5.063 ;
; S[1]       ; C[1]        ; 4.972 ;       ;       ; 4.972 ;
; S[1]       ; C[9]        ; 5.236 ;       ;       ; 5.236 ;
; S[1]       ; Z           ;       ; 5.440 ; 5.440 ;       ;
; S[2]       ; C[1]        ; 5.294 ;       ;       ; 5.294 ;
; S[2]       ; C[2]        ; 5.201 ;       ;       ; 5.201 ;
; S[2]       ; C[10]       ; 5.292 ;       ;       ; 5.292 ;
; S[2]       ; Z           ;       ; 6.437 ; 6.437 ;       ;
; S[3]       ; C[2]        ; 5.118 ;       ;       ; 5.118 ;
; S[3]       ; C[3]        ; 5.217 ;       ;       ; 5.217 ;
; S[3]       ; C[11]       ; 5.444 ;       ;       ; 5.444 ;
; S[3]       ; Z           ;       ; 6.315 ; 6.315 ;       ;
; S[4]       ; C[3]        ; 5.132 ;       ;       ; 5.132 ;
; S[4]       ; C[4]        ; 5.019 ;       ;       ; 5.019 ;
; S[4]       ; C[12]       ; 5.498 ;       ;       ; 5.498 ;
; S[4]       ; Z           ;       ; 6.660 ; 6.660 ;       ;
; S[5]       ; C[4]        ; 5.122 ;       ;       ; 5.122 ;
; S[5]       ; C[5]        ; 5.336 ;       ;       ; 5.336 ;
; S[5]       ; C[13]       ; 5.735 ;       ;       ; 5.735 ;
; S[5]       ; Z           ;       ; 6.640 ; 6.640 ;       ;
; S[6]       ; C[5]        ; 5.229 ;       ;       ; 5.229 ;
; S[6]       ; C[6]        ; 5.452 ;       ;       ; 5.452 ;
; S[6]       ; C[14]       ; 5.602 ;       ;       ; 5.602 ;
; S[6]       ; Z           ;       ; 7.103 ; 7.103 ;       ;
; S[7]       ; C[6]        ; 5.102 ;       ;       ; 5.102 ;
; S[7]       ; C[7]        ; 5.246 ;       ;       ; 5.246 ;
; S[7]       ; C[15]       ; 5.486 ;       ;       ; 5.486 ;
; S[7]       ; Z           ;       ; 6.700 ; 6.700 ;       ;
; S[8]       ; C[7]        ; 5.140 ;       ;       ; 5.140 ;
; S[8]       ; C[8]        ; 5.132 ;       ;       ; 5.132 ;
; S[8]       ; C[16]       ; 5.367 ;       ;       ; 5.367 ;
; S[8]       ; Z           ;       ; 6.771 ; 6.771 ;       ;
; S[9]       ; C[8]        ; 5.656 ;       ;       ; 5.656 ;
; S[9]       ; C[9]        ; 5.425 ;       ;       ; 5.425 ;
; S[9]       ; C[17]       ; 6.551 ;       ;       ; 6.551 ;
; S[9]       ; Z           ;       ; 7.193 ; 7.193 ;       ;
; S[10]      ; C[9]        ; 5.619 ;       ;       ; 5.619 ;
; S[10]      ; C[10]       ; 5.117 ;       ;       ; 5.117 ;
; S[10]      ; C[18]       ; 5.865 ;       ;       ; 5.865 ;
; S[10]      ; Z           ;       ; 7.208 ; 7.208 ;       ;
; S[11]      ; C[10]       ; 3.292 ;       ;       ; 3.292 ;
; S[11]      ; C[11]       ; 3.313 ;       ;       ; 3.313 ;
; S[11]      ; C[19]       ; 3.744 ;       ;       ; 3.744 ;
; S[11]      ; Z           ;       ; 4.884 ; 4.884 ;       ;
; S[12]      ; C[11]       ; 3.348 ;       ;       ; 3.348 ;
; S[12]      ; C[12]       ; 2.972 ;       ;       ; 2.972 ;
; S[12]      ; C[20]       ; 3.647 ;       ;       ; 3.647 ;
; S[12]      ; Z           ;       ; 4.976 ; 4.976 ;       ;
; S[13]      ; C[12]       ; 3.240 ;       ;       ; 3.240 ;
; S[13]      ; C[13]       ; 3.201 ;       ;       ; 3.201 ;
; S[13]      ; C[21]       ; 3.764 ;       ;       ; 3.764 ;
; S[13]      ; Z           ;       ; 4.966 ; 4.966 ;       ;
; S[14]      ; C[13]       ; 3.600 ;       ;       ; 3.600 ;
; S[14]      ; C[14]       ; 3.066 ;       ;       ; 3.066 ;
; S[14]      ; C[22]       ; 4.100 ;       ;       ; 4.100 ;
; S[14]      ; Z           ;       ; 4.852 ; 4.852 ;       ;
; S[15]      ; C[14]       ; 5.129 ;       ;       ; 5.129 ;
; S[15]      ; C[15]       ; 4.999 ;       ;       ; 4.999 ;
; S[15]      ; C[23]       ; 5.841 ;       ;       ; 5.841 ;
; S[15]      ; Z           ;       ; 6.746 ; 6.746 ;       ;
; S[16]      ; C[15]       ; 5.689 ;       ;       ; 5.689 ;
; S[16]      ; C[16]       ; 5.273 ;       ;       ; 5.273 ;
; S[16]      ; C[24]       ; 5.938 ;       ;       ; 5.938 ;
; S[16]      ; Z           ;       ; 6.903 ; 6.903 ;       ;
; S[17]      ; C[16]       ; 5.662 ;       ;       ; 5.662 ;
; S[17]      ; C[17]       ; 6.121 ;       ;       ; 6.121 ;
; S[17]      ; C[25]       ; 5.880 ;       ;       ; 5.880 ;
; S[17]      ; Z           ;       ; 7.122 ; 7.122 ;       ;
; S[18]      ; C[17]       ; 6.277 ;       ;       ; 6.277 ;
; S[18]      ; C[18]       ; 5.269 ;       ;       ; 5.269 ;
; S[18]      ; C[26]       ; 5.976 ;       ;       ; 5.976 ;
; S[18]      ; Z           ;       ; 6.919 ; 6.919 ;       ;
; S[19]      ; C[18]       ; 5.614 ;       ;       ; 5.614 ;
; S[19]      ; C[19]       ; 5.520 ;       ;       ; 5.520 ;
; S[19]      ; C[27]       ; 5.608 ;       ;       ; 5.608 ;
; S[19]      ; Z           ;       ; 6.957 ; 6.957 ;       ;
; S[20]      ; C[19]       ; 5.963 ;       ;       ; 5.963 ;
; S[20]      ; C[20]       ; 5.642 ;       ;       ; 5.642 ;
; S[20]      ; C[28]       ; 6.054 ;       ;       ; 6.054 ;
; S[20]      ; Z           ;       ; 7.103 ; 7.103 ;       ;
; S[21]      ; C[20]       ; 6.095 ;       ;       ; 6.095 ;
; S[21]      ; C[21]       ; 5.741 ;       ;       ; 5.741 ;
; S[21]      ; C[29]       ; 6.144 ;       ;       ; 6.144 ;
; S[21]      ; Z           ;       ; 7.424 ; 7.424 ;       ;
; S[22]      ; C[21]       ; 5.930 ;       ;       ; 5.930 ;
; S[22]      ; C[22]       ; 5.914 ;       ;       ; 5.914 ;
; S[22]      ; C[30]       ; 5.438 ;       ;       ; 5.438 ;
; S[22]      ; Z           ;       ; 7.132 ; 7.132 ;       ;
; S[23]      ; C[22]       ; 6.180 ;       ;       ; 6.180 ;
; S[23]      ; C[23]       ; 5.617 ;       ;       ; 5.617 ;
; S[23]      ; C[31]       ; 6.001 ;       ;       ; 6.001 ;
; S[23]      ; N           ; 5.981 ;       ;       ; 5.981 ;
; S[23]      ; Z           ;       ; 6.932 ; 6.932 ;       ;
; S[24]      ; C[23]       ; 5.709 ;       ;       ; 5.709 ;
; S[24]      ; C[24]       ; 5.240 ;       ;       ; 5.240 ;
; S[24]      ; Z           ;       ; 6.614 ; 6.614 ;       ;
; S[25]      ; C[24]       ; 5.649 ;       ;       ; 5.649 ;
; S[25]      ; C[25]       ; 5.372 ;       ;       ; 5.372 ;
; S[25]      ; Z           ;       ; 6.614 ; 6.614 ;       ;
; S[26]      ; C[25]       ; 5.655 ;       ;       ; 5.655 ;
; S[26]      ; C[26]       ; 5.618 ;       ;       ; 5.618 ;
; S[26]      ; Z           ;       ; 6.897 ; 6.897 ;       ;
; S[27]      ; C[26]       ; 5.768 ;       ;       ; 5.768 ;
; S[27]      ; C[27]       ; 5.173 ;       ;       ; 5.173 ;
; S[27]      ; Z           ;       ; 6.630 ; 6.630 ;       ;
; S[28]      ; C[27]       ; 5.721 ;       ;       ; 5.721 ;
; S[28]      ; C[28]       ; 5.832 ;       ;       ; 5.832 ;
; S[28]      ; Z           ;       ; 6.957 ; 6.957 ;       ;
; S[29]      ; C[28]       ; 5.873 ;       ;       ; 5.873 ;
; S[29]      ; C[29]       ; 5.493 ;       ;       ; 5.493 ;
; S[29]      ; Z           ;       ; 6.830 ; 6.830 ;       ;
; S[30]      ; C[29]       ; 5.629 ;       ;       ; 5.629 ;
; S[30]      ; C[30]       ; 5.568 ;       ;       ; 5.568 ;
; S[30]      ; Z           ;       ; 6.845 ; 6.845 ;       ;
; S[31]      ; C[30]       ; 5.955 ;       ;       ; 5.955 ;
; S[31]      ; C[31]       ; 6.152 ;       ;       ; 6.152 ;
; S[31]      ; N           ; 6.132 ;       ;       ; 6.132 ;
; S[31]      ; Z           ;       ; 6.823 ; 6.823 ;       ;
+------------+-------------+-------+-------+-------+-------+


+----------------------------------------------------------+
; Minimum Propagation Delay                                ;
+------------+-------------+-------+-------+-------+-------+
; Input Port ; Output Port ; RR    ; RF    ; FR    ; FF    ;
+------------+-------------+-------+-------+-------+-------+
; MIR[22]    ; C[0]        ; 5.475 ; 5.475 ; 5.475 ; 5.475 ;
; MIR[22]    ; C[1]        ; 5.451 ; 5.451 ; 5.451 ; 5.451 ;
; MIR[22]    ; C[2]        ; 5.258 ; 5.258 ; 5.258 ; 5.258 ;
; MIR[22]    ; C[3]        ; 5.278 ; 5.278 ; 5.278 ; 5.278 ;
; MIR[22]    ; C[4]        ; 5.169 ; 5.169 ; 5.169 ; 5.169 ;
; MIR[22]    ; C[5]        ; 5.378 ; 5.378 ; 5.378 ; 5.378 ;
; MIR[22]    ; C[6]        ; 5.475 ; 5.475 ; 5.475 ; 5.475 ;
; MIR[22]    ; C[7]        ; 5.429 ; 5.429 ; 5.429 ; 5.429 ;
; MIR[22]    ; C[8]        ; 5.425 ; 5.425 ; 5.425 ; 5.425 ;
; MIR[22]    ; C[9]        ; 5.545 ; 5.545 ; 5.545 ; 5.545 ;
; MIR[22]    ; C[10]       ; 5.139 ; 5.139 ; 5.139 ; 5.139 ;
; MIR[22]    ; C[11]       ; 5.291 ; 5.291 ; 5.291 ; 5.291 ;
; MIR[22]    ; C[12]       ; 5.147 ; 5.147 ; 5.147 ; 5.147 ;
; MIR[22]    ; C[13]       ; 5.399 ; 5.399 ; 5.399 ; 5.399 ;
; MIR[22]    ; C[14]       ; 5.338 ; 5.338 ; 5.338 ; 5.338 ;
; MIR[22]    ; C[15]       ; 5.508 ; 5.508 ; 5.508 ; 5.508 ;
; MIR[22]    ; C[16]       ; 5.334 ; 5.334 ; 5.334 ; 5.334 ;
; MIR[22]    ; C[17]       ; 6.139 ; 6.139 ; 6.139 ; 6.139 ;
; MIR[22]    ; C[18]       ; 5.672 ; 5.672 ; 5.672 ; 5.672 ;
; MIR[22]    ; C[19]       ; 5.765 ; 5.765 ; 5.765 ; 5.765 ;
; MIR[22]    ; C[20]       ; 5.646 ; 5.646 ; 5.646 ; 5.646 ;
; MIR[22]    ; C[21]       ; 5.723 ; 5.723 ; 5.723 ; 5.723 ;
; MIR[22]    ; C[22]       ; 6.016 ; 6.016 ; 6.016 ; 6.016 ;
; MIR[22]    ; C[23]       ; 5.749 ; 5.749 ; 5.749 ; 5.749 ;
; MIR[22]    ; C[24]       ; 5.691 ; 5.691 ; 5.691 ; 5.691 ;
; MIR[22]    ; C[25]       ; 5.763 ; 5.763 ; 5.763 ; 5.763 ;
; MIR[22]    ; C[26]       ; 5.900 ; 5.900 ; 5.900 ; 5.900 ;
; MIR[22]    ; C[27]       ; 5.660 ; 5.660 ; 5.660 ; 5.660 ;
; MIR[22]    ; C[28]       ; 5.861 ; 5.861 ; 5.861 ; 5.861 ;
; MIR[22]    ; C[29]       ; 5.834 ; 5.834 ; 5.834 ; 5.834 ;
; MIR[22]    ; C[30]       ; 5.653 ; 5.944 ; 5.944 ; 5.653 ;
; MIR[22]    ; C[31]       ; 6.134 ; 6.134 ; 6.134 ; 6.134 ;
; MIR[22]    ; N           ; 6.114 ; 6.114 ; 6.114 ; 6.114 ;
; MIR[22]    ; Z           ; 5.622 ; 5.622 ; 5.622 ; 5.622 ;
; MIR[23]    ; C[0]        ; 5.579 ; 5.579 ; 5.579 ; 5.579 ;
; MIR[23]    ; C[1]        ; 5.470 ; 5.470 ; 5.470 ; 5.470 ;
; MIR[23]    ; C[2]        ; 5.141 ; 5.141 ; 5.141 ; 5.141 ;
; MIR[23]    ; C[3]        ; 5.154 ; 5.154 ; 5.154 ; 5.154 ;
; MIR[23]    ; C[4]        ; 5.041 ; 5.041 ; 5.041 ; 5.041 ;
; MIR[23]    ; C[5]        ; 5.255 ; 5.255 ; 5.255 ; 5.255 ;
; MIR[23]    ; C[6]        ; 5.438 ; 5.438 ; 5.438 ; 5.438 ;
; MIR[23]    ; C[7]        ; 5.540 ; 5.540 ; 5.540 ; 5.540 ;
; MIR[23]    ; C[8]        ; 5.525 ; 5.525 ; 5.525 ; 5.525 ;
; MIR[23]    ; C[9]        ; 5.500 ; 5.500 ; 5.500 ; 5.500 ;
; MIR[23]    ; C[10]       ; 5.014 ; 5.014 ; 5.014 ; 5.014 ;
; MIR[23]    ; C[11]       ; 5.174 ; 5.174 ; 5.174 ; 5.174 ;
; MIR[23]    ; C[12]       ; 5.019 ; 5.019 ; 5.019 ; 5.019 ;
; MIR[23]    ; C[13]       ; 5.273 ; 5.273 ; 5.273 ; 5.273 ;
; MIR[23]    ; C[14]       ; 5.292 ; 5.292 ; 5.292 ; 5.292 ;
; MIR[23]    ; C[15]       ; 5.529 ; 5.529 ; 5.529 ; 5.529 ;
; MIR[23]    ; C[16]       ; 5.487 ; 5.487 ; 5.487 ; 5.487 ;
; MIR[23]    ; C[17]       ; 6.248 ; 6.248 ; 6.248 ; 6.248 ;
; MIR[23]    ; C[18]       ; 5.687 ; 5.687 ; 5.687 ; 5.687 ;
; MIR[23]    ; C[19]       ; 5.744 ; 5.744 ; 5.744 ; 5.744 ;
; MIR[23]    ; C[20]       ; 5.624 ; 5.624 ; 5.624 ; 5.624 ;
; MIR[23]    ; C[21]       ; 5.621 ; 5.621 ; 5.621 ; 5.621 ;
; MIR[23]    ; C[22]       ; 5.981 ; 5.981 ; 5.981 ; 5.981 ;
; MIR[23]    ; C[23]       ; 5.706 ; 5.706 ; 5.706 ; 5.706 ;
; MIR[23]    ; C[24]       ; 5.785 ; 5.785 ; 5.785 ; 5.785 ;
; MIR[23]    ; C[25]       ; 5.792 ; 5.792 ; 5.792 ; 5.792 ;
; MIR[23]    ; C[26]       ; 5.999 ; 5.999 ; 5.999 ; 5.999 ;
; MIR[23]    ; C[27]       ; 5.693 ; 5.693 ; 5.693 ; 5.693 ;
; MIR[23]    ; C[28]       ; 5.813 ; 5.813 ; 5.813 ; 5.813 ;
; MIR[23]    ; C[29]       ; 5.745 ; 5.745 ; 5.745 ; 5.745 ;
; MIR[23]    ; C[30]       ; 5.896 ; 5.793 ; 5.793 ; 5.896 ;
; MIR[23]    ; C[31]       ; 6.087 ; 6.087 ; 6.087 ; 6.087 ;
; MIR[23]    ; N           ; 6.067 ; 6.067 ; 6.067 ; 6.067 ;
; MIR[23]    ; Z           ; 5.704 ; 5.704 ; 5.704 ; 5.704 ;
; S[0]       ; C[0]        ; 5.142 ;       ;       ; 5.142 ;
; S[0]       ; C[8]        ; 5.250 ;       ;       ; 5.250 ;
; S[0]       ; Z           ;       ; 5.289 ; 5.289 ;       ;
; S[1]       ; C[0]        ; 5.063 ;       ;       ; 5.063 ;
; S[1]       ; C[1]        ; 4.972 ;       ;       ; 4.972 ;
; S[1]       ; C[9]        ; 5.236 ;       ;       ; 5.236 ;
; S[1]       ; Z           ;       ; 5.210 ; 5.210 ;       ;
; S[2]       ; C[1]        ; 5.294 ;       ;       ; 5.294 ;
; S[2]       ; C[2]        ; 5.201 ;       ;       ; 5.201 ;
; S[2]       ; C[10]       ; 5.292 ;       ;       ; 5.292 ;
; S[2]       ; Z           ;       ; 5.656 ; 5.656 ;       ;
; S[3]       ; C[2]        ; 5.118 ;       ;       ; 5.118 ;
; S[3]       ; C[3]        ; 5.217 ;       ;       ; 5.217 ;
; S[3]       ; C[11]       ; 5.444 ;       ;       ; 5.444 ;
; S[3]       ; Z           ;       ; 6.162 ; 6.162 ;       ;
; S[4]       ; C[3]        ; 5.132 ;       ;       ; 5.132 ;
; S[4]       ; C[4]        ; 5.019 ;       ;       ; 5.019 ;
; S[4]       ; C[12]       ; 5.498 ;       ;       ; 5.498 ;
; S[4]       ; Z           ;       ; 6.092 ; 6.092 ;       ;
; S[5]       ; C[4]        ; 5.122 ;       ;       ; 5.122 ;
; S[5]       ; C[5]        ; 5.336 ;       ;       ; 5.336 ;
; S[5]       ; C[13]       ; 5.735 ;       ;       ; 5.735 ;
; S[5]       ; Z           ;       ; 6.144 ; 6.144 ;       ;
; S[6]       ; C[5]        ; 5.229 ;       ;       ; 5.229 ;
; S[6]       ; C[6]        ; 5.452 ;       ;       ; 5.452 ;
; S[6]       ; C[14]       ; 5.602 ;       ;       ; 5.602 ;
; S[6]       ; Z           ;       ; 6.037 ; 6.037 ;       ;
; S[7]       ; C[6]        ; 5.102 ;       ;       ; 5.102 ;
; S[7]       ; C[7]        ; 5.246 ;       ;       ; 5.246 ;
; S[7]       ; C[15]       ; 5.486 ;       ;       ; 5.486 ;
; S[7]       ; Z           ;       ; 5.774 ; 5.774 ;       ;
; S[8]       ; C[7]        ; 5.140 ;       ;       ; 5.140 ;
; S[8]       ; C[8]        ; 5.132 ;       ;       ; 5.132 ;
; S[8]       ; C[16]       ; 5.367 ;       ;       ; 5.367 ;
; S[8]       ; Z           ;       ; 5.402 ; 5.402 ;       ;
; S[9]       ; C[8]        ; 5.656 ;       ;       ; 5.656 ;
; S[9]       ; C[9]        ; 5.425 ;       ;       ; 5.425 ;
; S[9]       ; C[17]       ; 6.551 ;       ;       ; 6.551 ;
; S[9]       ; Z           ;       ; 5.629 ; 5.629 ;       ;
; S[10]      ; C[9]        ; 5.619 ;       ;       ; 5.619 ;
; S[10]      ; C[10]       ; 5.117 ;       ;       ; 5.117 ;
; S[10]      ; C[18]       ; 5.865 ;       ;       ; 5.865 ;
; S[10]      ; Z           ;       ; 5.823 ; 5.823 ;       ;
; S[11]      ; C[10]       ; 3.292 ;       ;       ; 3.292 ;
; S[11]      ; C[11]       ; 3.313 ;       ;       ; 3.313 ;
; S[11]      ; C[19]       ; 3.744 ;       ;       ; 3.744 ;
; S[11]      ; Z           ;       ; 4.184 ; 4.184 ;       ;
; S[12]      ; C[11]       ; 3.348 ;       ;       ; 3.348 ;
; S[12]      ; C[12]       ; 2.972 ;       ;       ; 2.972 ;
; S[12]      ; C[20]       ; 3.647 ;       ;       ; 3.647 ;
; S[12]      ; Z           ;       ; 4.134 ; 4.134 ;       ;
; S[13]      ; C[12]       ; 3.240 ;       ;       ; 3.240 ;
; S[13]      ; C[13]       ; 3.201 ;       ;       ; 3.201 ;
; S[13]      ; C[21]       ; 3.764 ;       ;       ; 3.764 ;
; S[13]      ; Z           ;       ; 4.106 ; 4.106 ;       ;
; S[14]      ; C[13]       ; 3.600 ;       ;       ; 3.600 ;
; S[14]      ; C[14]       ; 3.066 ;       ;       ; 3.066 ;
; S[14]      ; C[22]       ; 4.100 ;       ;       ; 4.100 ;
; S[14]      ; Z           ;       ; 4.505 ; 4.505 ;       ;
; S[15]      ; C[14]       ; 5.129 ;       ;       ; 5.129 ;
; S[15]      ; C[15]       ; 4.999 ;       ;       ; 4.999 ;
; S[15]      ; C[23]       ; 5.841 ;       ;       ; 5.841 ;
; S[15]      ; Z           ;       ; 6.213 ; 6.213 ;       ;
; S[16]      ; C[15]       ; 5.689 ;       ;       ; 5.689 ;
; S[16]      ; C[16]       ; 5.273 ;       ;       ; 5.273 ;
; S[16]      ; C[24]       ; 5.938 ;       ;       ; 5.938 ;
; S[16]      ; Z           ;       ; 6.677 ; 6.677 ;       ;
; S[17]      ; C[16]       ; 5.662 ;       ;       ; 5.662 ;
; S[17]      ; C[17]       ; 6.121 ;       ;       ; 6.121 ;
; S[17]      ; C[25]       ; 5.880 ;       ;       ; 5.880 ;
; S[17]      ; Z           ;       ; 6.763 ; 6.763 ;       ;
; S[18]      ; C[17]       ; 6.277 ;       ;       ; 6.277 ;
; S[18]      ; C[18]       ; 5.269 ;       ;       ; 5.269 ;
; S[18]      ; C[26]       ; 5.976 ;       ;       ; 5.976 ;
; S[18]      ; Z           ;       ; 6.612 ; 6.612 ;       ;
; S[19]      ; C[18]       ; 5.614 ;       ;       ; 5.614 ;
; S[19]      ; C[19]       ; 5.520 ;       ;       ; 5.520 ;
; S[19]      ; C[27]       ; 5.608 ;       ;       ; 5.608 ;
; S[19]      ; Z           ;       ; 6.660 ; 6.660 ;       ;
; S[20]      ; C[19]       ; 5.963 ;       ;       ; 5.963 ;
; S[20]      ; C[20]       ; 5.642 ;       ;       ; 5.642 ;
; S[20]      ; C[28]       ; 6.054 ;       ;       ; 6.054 ;
; S[20]      ; Z           ;       ; 6.971 ; 6.971 ;       ;
; S[21]      ; C[20]       ; 6.095 ;       ;       ; 6.095 ;
; S[21]      ; C[21]       ; 5.741 ;       ;       ; 5.741 ;
; S[21]      ; C[29]       ; 6.144 ;       ;       ; 6.144 ;
; S[21]      ; Z           ;       ; 6.943 ; 6.943 ;       ;
; S[22]      ; C[21]       ; 5.930 ;       ;       ; 5.930 ;
; S[22]      ; C[22]       ; 5.914 ;       ;       ; 5.914 ;
; S[22]      ; C[30]       ; 5.438 ;       ;       ; 5.438 ;
; S[22]      ; Z           ;       ; 6.306 ; 6.306 ;       ;
; S[23]      ; C[22]       ; 6.180 ;       ;       ; 6.180 ;
; S[23]      ; C[23]       ; 5.617 ;       ;       ; 5.617 ;
; S[23]      ; C[31]       ; 6.001 ;       ;       ; 6.001 ;
; S[23]      ; N           ; 5.981 ;       ;       ; 5.981 ;
; S[23]      ; Z           ;       ; 6.304 ; 6.304 ;       ;
; S[24]      ; C[23]       ; 5.709 ;       ;       ; 5.709 ;
; S[24]      ; C[24]       ; 5.240 ;       ;       ; 5.240 ;
; S[24]      ; Z           ;       ; 6.202 ; 6.202 ;       ;
; S[25]      ; C[24]       ; 5.649 ;       ;       ; 5.649 ;
; S[25]      ; C[25]       ; 5.372 ;       ;       ; 5.372 ;
; S[25]      ; Z           ;       ; 6.611 ; 6.611 ;       ;
; S[26]      ; C[25]       ; 5.655 ;       ;       ; 5.655 ;
; S[26]      ; C[26]       ; 5.618 ;       ;       ; 5.618 ;
; S[26]      ; Z           ;       ; 6.480 ; 6.480 ;       ;
; S[27]      ; C[26]       ; 5.768 ;       ;       ; 5.768 ;
; S[27]      ; C[27]       ; 5.173 ;       ;       ; 5.173 ;
; S[27]      ; Z           ;       ; 6.409 ; 6.409 ;       ;
; S[28]      ; C[27]       ; 5.721 ;       ;       ; 5.721 ;
; S[28]      ; C[28]       ; 5.832 ;       ;       ; 5.832 ;
; S[28]      ; Z           ;       ; 6.789 ; 6.789 ;       ;
; S[29]      ; C[28]       ; 5.873 ;       ;       ; 5.873 ;
; S[29]      ; C[29]       ; 5.493 ;       ;       ; 5.493 ;
; S[29]      ; Z           ;       ; 6.709 ; 6.709 ;       ;
; S[30]      ; C[29]       ; 5.629 ;       ;       ; 5.629 ;
; S[30]      ; C[30]       ; 5.568 ;       ;       ; 5.568 ;
; S[30]      ; Z           ;       ; 6.436 ; 6.436 ;       ;
; S[31]      ; C[30]       ; 5.955 ;       ;       ; 5.955 ;
; S[31]      ; C[31]       ; 6.152 ;       ;       ; 6.152 ;
; S[31]      ; N           ; 6.132 ;       ;       ; 6.132 ;
; S[31]      ; Z           ;       ; 6.455 ; 6.455 ;       ;
+------------+-------------+-------+-------+-------+-------+


+----------------------------------------------------------------------------+
; Multicorner Timing Analysis Summary                                        ;
+------------------+-------+------+----------+---------+---------------------+
; Clock            ; Setup ; Hold ; Recovery ; Removal ; Minimum Pulse Width ;
+------------------+-------+------+----------+---------+---------------------+
; Worst-case Slack ; N/A   ; N/A  ; N/A      ; N/A     ; N/A                 ;
; Design-wide TNS  ; 0.0   ; 0.0  ; 0.0      ; 0.0     ; 0.0                 ;
+------------------+-------+------+----------+---------+---------------------+


+--------------------------------------------------------------+
; Progagation Delay                                            ;
+------------+-------------+--------+--------+--------+--------+
; Input Port ; Output Port ; RR     ; RF     ; FR     ; FF     ;
+------------+-------------+--------+--------+--------+--------+
; MIR[22]    ; C[0]        ; 9.764  ; 9.764  ; 9.764  ; 9.764  ;
; MIR[22]    ; C[1]        ; 9.802  ; 9.802  ; 9.802  ; 9.802  ;
; MIR[22]    ; C[2]        ; 9.440  ; 9.440  ; 9.440  ; 9.440  ;
; MIR[22]    ; C[3]        ; 9.469  ; 9.469  ; 9.469  ; 9.469  ;
; MIR[22]    ; C[4]        ; 9.218  ; 9.218  ; 9.218  ; 9.218  ;
; MIR[22]    ; C[5]        ; 9.564  ; 9.564  ; 9.564  ; 9.564  ;
; MIR[22]    ; C[6]        ; 9.855  ; 9.855  ; 9.855  ; 9.855  ;
; MIR[22]    ; C[7]        ; 9.761  ; 9.761  ; 9.761  ; 9.761  ;
; MIR[22]    ; C[8]        ; 10.540 ; 10.540 ; 10.540 ; 10.540 ;
; MIR[22]    ; C[9]        ; 10.277 ; 10.277 ; 10.277 ; 10.277 ;
; MIR[22]    ; C[10]       ; 9.687  ; 9.687  ; 9.687  ; 9.687  ;
; MIR[22]    ; C[11]       ; 10.009 ; 10.009 ; 10.009 ; 10.009 ;
; MIR[22]    ; C[12]       ; 9.909  ; 9.909  ; 9.909  ; 9.909  ;
; MIR[22]    ; C[13]       ; 10.514 ; 10.514 ; 10.514 ; 10.514 ;
; MIR[22]    ; C[14]       ; 10.256 ; 10.256 ; 10.256 ; 10.256 ;
; MIR[22]    ; C[15]       ; 10.651 ; 10.651 ; 10.651 ; 10.651 ;
; MIR[22]    ; C[16]       ; 10.334 ; 10.334 ; 10.334 ; 10.334 ;
; MIR[22]    ; C[17]       ; 12.368 ; 12.368 ; 12.368 ; 12.368 ;
; MIR[22]    ; C[18]       ; 10.671 ; 10.671 ; 10.671 ; 10.671 ;
; MIR[22]    ; C[19]       ; 11.159 ; 11.159 ; 11.159 ; 11.159 ;
; MIR[22]    ; C[20]       ; 10.770 ; 10.770 ; 10.770 ; 10.770 ;
; MIR[22]    ; C[21]       ; 10.989 ; 10.989 ; 10.989 ; 10.989 ;
; MIR[22]    ; C[22]       ; 11.542 ; 11.542 ; 11.542 ; 11.542 ;
; MIR[22]    ; C[23]       ; 11.333 ; 11.333 ; 11.333 ; 11.333 ;
; MIR[22]    ; C[24]       ; 10.891 ; 10.891 ; 10.891 ; 10.891 ;
; MIR[22]    ; C[25]       ; 10.835 ; 10.835 ; 10.835 ; 10.835 ;
; MIR[22]    ; C[26]       ; 11.316 ; 11.316 ; 11.316 ; 11.316 ;
; MIR[22]    ; C[27]       ; 10.628 ; 10.628 ; 10.628 ; 10.628 ;
; MIR[22]    ; C[28]       ; 11.371 ; 11.371 ; 11.371 ; 11.371 ;
; MIR[22]    ; C[29]       ; 10.846 ; 10.846 ; 10.846 ; 10.846 ;
; MIR[22]    ; C[30]       ; 10.901 ; 10.901 ; 10.901 ; 10.901 ;
; MIR[22]    ; C[31]       ; 11.091 ; 11.091 ; 11.091 ; 11.091 ;
; MIR[22]    ; N           ; 11.071 ; 11.071 ; 11.071 ; 11.071 ;
; MIR[22]    ; Z           ; 14.104 ; 14.104 ; 14.104 ; 14.104 ;
; MIR[23]    ; C[0]        ; 9.965  ; 9.965  ; 9.965  ; 9.965  ;
; MIR[23]    ; C[1]        ; 9.869  ; 9.869  ; 9.869  ; 9.869  ;
; MIR[23]    ; C[2]        ; 9.154  ; 9.154  ; 9.154  ; 9.154  ;
; MIR[23]    ; C[3]        ; 9.172  ; 9.172  ; 9.172  ; 9.172  ;
; MIR[23]    ; C[4]        ; 8.920  ; 8.920  ; 8.920  ; 8.920  ;
; MIR[23]    ; C[5]        ; 9.266  ; 9.266  ; 9.266  ; 9.266  ;
; MIR[23]    ; C[6]        ; 9.765  ; 9.765  ; 9.765  ; 9.765  ;
; MIR[23]    ; C[7]        ; 9.987  ; 9.987  ; 9.987  ; 9.987  ;
; MIR[23]    ; C[8]        ; 10.442 ; 10.442 ; 10.442 ; 10.442 ;
; MIR[23]    ; C[9]        ; 10.358 ; 10.358 ; 10.358 ; 10.358 ;
; MIR[23]    ; C[10]       ; 9.374  ; 9.374  ; 9.374  ; 9.374  ;
; MIR[23]    ; C[11]       ; 9.697  ; 9.697  ; 9.697  ; 9.697  ;
; MIR[23]    ; C[12]       ; 9.583  ; 9.583  ; 9.583  ; 9.583  ;
; MIR[23]    ; C[13]       ; 10.191 ; 10.191 ; 10.191 ; 10.191 ;
; MIR[23]    ; C[14]       ; 10.164 ; 10.164 ; 10.164 ; 10.164 ;
; MIR[23]    ; C[15]       ; 10.766 ; 10.766 ; 10.766 ; 10.766 ;
; MIR[23]    ; C[16]       ; 10.449 ; 10.449 ; 10.449 ; 10.449 ;
; MIR[23]    ; C[17]       ; 12.253 ; 12.253 ; 12.253 ; 12.253 ;
; MIR[23]    ; C[18]       ; 10.529 ; 10.529 ; 10.529 ; 10.529 ;
; MIR[23]    ; C[19]       ; 10.907 ; 10.907 ; 10.907 ; 10.907 ;
; MIR[23]    ; C[20]       ; 10.675 ; 10.675 ; 10.675 ; 10.675 ;
; MIR[23]    ; C[21]       ; 10.894 ; 10.894 ; 10.894 ; 10.894 ;
; MIR[23]    ; C[22]       ; 11.428 ; 11.428 ; 11.428 ; 11.428 ;
; MIR[23]    ; C[23]       ; 11.499 ; 11.499 ; 11.499 ; 11.499 ;
; MIR[23]    ; C[24]       ; 11.074 ; 11.074 ; 11.074 ; 11.074 ;
; MIR[23]    ; C[25]       ; 10.930 ; 10.930 ; 10.930 ; 10.930 ;
; MIR[23]    ; C[26]       ; 11.475 ; 11.475 ; 11.475 ; 11.475 ;
; MIR[23]    ; C[27]       ; 10.701 ; 10.701 ; 10.701 ; 10.701 ;
; MIR[23]    ; C[28]       ; 11.135 ; 11.135 ; 11.135 ; 11.135 ;
; MIR[23]    ; C[29]       ; 10.745 ; 10.745 ; 10.745 ; 10.745 ;
; MIR[23]    ; C[30]       ; 10.781 ; 10.781 ; 10.781 ; 10.781 ;
; MIR[23]    ; C[31]       ; 10.972 ; 10.972 ; 10.972 ; 10.972 ;
; MIR[23]    ; N           ; 10.952 ; 10.952 ; 10.952 ; 10.952 ;
; MIR[23]    ; Z           ; 13.989 ; 13.989 ; 13.989 ; 13.989 ;
; S[0]       ; C[0]        ; 9.127  ;        ;        ; 9.127  ;
; S[0]       ; C[8]        ; 9.510  ;        ;        ; 9.510  ;
; S[0]       ; Z           ;        ; 10.236 ; 10.236 ;        ;
; S[1]       ; C[0]        ; 8.903  ;        ;        ; 8.903  ;
; S[1]       ; C[1]        ; 8.826  ;        ;        ; 8.826  ;
; S[1]       ; C[9]        ; 9.307  ;        ;        ; 9.307  ;
; S[1]       ; Z           ;        ; 9.985  ; 9.985  ;        ;
; S[2]       ; C[1]        ; 9.538  ;        ;        ; 9.538  ;
; S[2]       ; C[2]        ; 9.385  ;        ;        ; 9.385  ;
; S[2]       ; C[10]       ; 9.603  ;        ;        ; 9.603  ;
; S[2]       ; Z           ;        ; 12.217 ; 12.217 ;        ;
; S[3]       ; C[2]        ; 9.186  ;        ;        ; 9.186  ;
; S[3]       ; C[3]        ; 9.382  ;        ;        ; 9.382  ;
; S[3]       ; C[11]       ; 9.902  ;        ;        ; 9.902  ;
; S[3]       ; Z           ;        ; 11.919 ; 11.919 ;        ;
; S[4]       ; C[3]        ; 9.196  ;        ;        ; 9.196  ;
; S[4]       ; C[4]        ; 8.944  ;        ;        ; 8.944  ;
; S[4]       ; C[12]       ; 10.061 ;        ;        ; 10.061 ;
; S[4]       ; Z           ;        ; 12.717 ; 12.717 ;        ;
; S[5]       ; C[4]        ; 9.180  ;        ;        ; 9.180  ;
; S[5]       ; C[5]        ; 9.527  ;        ;        ; 9.527  ;
; S[5]       ; C[13]       ; 10.450 ;        ;        ; 10.450 ;
; S[5]       ; Z           ;        ; 12.658 ; 12.658 ;        ;
; S[6]       ; C[5]        ; 9.309  ;        ;        ; 9.309  ;
; S[6]       ; C[6]        ; 9.832  ;        ;        ; 9.832  ;
; S[6]       ; C[14]       ; 10.233 ;        ;        ; 10.233 ;
; S[6]       ; Z           ;        ; 13.673 ; 13.673 ;        ;
; S[7]       ; C[6]        ; 9.162  ;        ;        ; 9.162  ;
; S[7]       ; C[7]        ; 9.483  ;        ;        ; 9.483  ;
; S[7]       ; C[15]       ; 9.989  ;        ;        ; 9.989  ;
; S[7]       ; Z           ;        ; 12.806 ; 12.806 ;        ;
; S[8]       ; C[7]        ; 9.178  ;        ;        ; 9.178  ;
; S[8]       ; C[8]        ; 9.160  ;        ;        ; 9.160  ;
; S[8]       ; C[16]       ; 9.638  ;        ;        ; 9.638  ;
; S[8]       ; Z           ;        ; 12.966 ; 12.966 ;        ;
; S[9]       ; C[8]        ; 10.441 ;        ;        ; 10.441 ;
; S[9]       ; C[9]        ; 9.783  ;        ;        ; 9.783  ;
; S[9]       ; C[17]       ; 12.242 ;        ;        ; 12.242 ;
; S[9]       ; Z           ;        ; 13.978 ; 13.978 ;        ;
; S[10]      ; C[9]        ; 10.158 ;        ;        ; 10.158 ;
; S[10]      ; C[10]       ; 9.199  ;        ;        ; 9.199  ;
; S[10]      ; C[18]       ; 10.688 ;        ;        ; 10.688 ;
; S[10]      ; Z           ;        ; 13.952 ; 13.952 ;        ;
; S[11]      ; C[10]       ; 6.526  ;        ;        ; 6.526  ;
; S[11]      ; C[11]       ; 6.530  ;        ;        ; 6.530  ;
; S[11]      ; C[19]       ; 7.377  ;        ;        ; 7.377  ;
; S[11]      ; Z           ;        ; 10.188 ; 10.188 ;        ;
; S[12]      ; C[11]       ; 6.609  ;        ;        ; 6.609  ;
; S[12]      ; C[12]       ; 5.785  ;        ;        ; 5.785  ;
; S[12]      ; C[20]       ; 7.200  ;        ;        ; 7.200  ;
; S[12]      ; Z           ;        ; 10.430 ; 10.430 ;        ;
; S[13]      ; C[12]       ; 6.431  ;        ;        ; 6.431  ;
; S[13]      ; C[13]       ; 6.145  ;        ;        ; 6.145  ;
; S[13]      ; C[21]       ; 7.455  ;        ;        ; 7.455  ;
; S[13]      ; Z           ;        ; 10.398 ; 10.398 ;        ;
; S[14]      ; C[13]       ; 7.062  ;        ;        ; 7.062  ;
; S[14]      ; C[14]       ; 5.932  ;        ;        ; 5.932  ;
; S[14]      ; C[22]       ; 8.071  ;        ;        ; 8.071  ;
; S[14]      ; Z           ;        ; 10.073 ; 10.073 ;        ;
; S[15]      ; C[14]       ; 9.236  ;        ;        ; 9.236  ;
; S[15]      ; C[15]       ; 8.874  ;        ;        ; 8.874  ;
; S[15]      ; C[23]       ; 10.711 ;        ;        ; 10.711 ;
; S[15]      ; Z           ;        ; 12.951 ; 12.951 ;        ;
; S[16]      ; C[15]       ; 10.385 ;        ;        ; 10.385 ;
; S[16]      ; C[16]       ; 9.408  ;        ;        ; 9.408  ;
; S[16]      ; C[24]       ; 10.869 ;        ;        ; 10.869 ;
; S[16]      ; Z           ;        ; 13.223 ; 13.223 ;        ;
; S[17]      ; C[16]       ; 10.352 ;        ;        ; 10.352 ;
; S[17]      ; C[17]       ; 11.168 ;        ;        ; 11.168 ;
; S[17]      ; C[25]       ; 10.761 ;        ;        ; 10.761 ;
; S[17]      ; Z           ;        ; 13.774 ; 13.774 ;        ;
; S[18]      ; C[17]       ; 11.573 ;        ;        ; 11.573 ;
; S[18]      ; C[18]       ; 9.365  ;        ;        ; 9.365  ;
; S[18]      ; C[26]       ; 10.924 ;        ;        ; 10.924 ;
; S[18]      ; Z           ;        ; 13.309 ; 13.309 ;        ;
; S[19]      ; C[18]       ; 10.197 ;        ;        ; 10.197 ;
; S[19]      ; C[19]       ; 9.982  ;        ;        ; 9.982  ;
; S[19]      ; C[27]       ; 10.183 ;        ;        ; 10.183 ;
; S[19]      ; Z           ;        ; 13.461 ; 13.461 ;        ;
; S[20]      ; C[19]       ; 10.911 ;        ;        ; 10.911 ;
; S[20]      ; C[20]       ; 10.183 ;        ;        ; 10.183 ;
; S[20]      ; C[28]       ; 11.133 ;        ;        ; 11.133 ;
; S[20]      ; Z           ;        ; 13.722 ; 13.722 ;        ;
; S[21]      ; C[20]       ; 11.097 ;        ;        ; 11.097 ;
; S[21]      ; C[21]       ; 10.290 ;        ;        ; 10.290 ;
; S[21]      ; C[29]       ; 11.169 ;        ;        ; 11.169 ;
; S[21]      ; Z           ;        ; 14.327 ; 14.327 ;        ;
; S[22]      ; C[21]       ; 10.896 ;        ;        ; 10.896 ;
; S[22]      ; C[22]       ; 10.737 ;        ;        ; 10.737 ;
; S[22]      ; C[30]       ; 9.858  ;        ;        ; 9.858  ;
; S[22]      ; Z           ;        ; 13.839 ; 13.839 ;        ;
; S[23]      ; C[22]       ; 11.323 ;        ;        ; 11.323 ;
; S[23]      ; C[23]       ; 10.111 ;        ;        ; 10.111 ;
; S[23]      ; C[31]       ; 10.873 ;        ;        ; 10.873 ;
; S[23]      ; N           ; 10.853 ;        ;        ; 10.853 ;
; S[23]      ; Z           ;        ; 13.325 ; 13.325 ;        ;
; S[24]      ; C[23]       ; 10.427 ;        ;        ; 10.427 ;
; S[24]      ; C[24]       ; 9.318  ;        ;        ; 9.318  ;
; S[24]      ; Z           ;        ; 12.667 ; 12.667 ;        ;
; S[25]      ; C[24]       ; 10.270 ;        ;        ; 10.270 ;
; S[25]      ; C[25]       ; 9.609  ;        ;        ; 9.609  ;
; S[25]      ; Z           ;        ; 12.624 ; 12.624 ;        ;
; S[26]      ; C[25]       ; 10.256 ;        ;        ; 10.256 ;
; S[26]      ; C[26]       ; 10.064 ;        ;        ; 10.064 ;
; S[26]      ; Z           ;        ; 13.269 ; 13.269 ;        ;
; S[27]      ; C[26]       ; 10.448 ;        ;        ; 10.448 ;
; S[27]      ; C[27]       ; 9.142  ;        ;        ; 9.142  ;
; S[27]      ; Z           ;        ; 12.638 ; 12.638 ;        ;
; S[28]      ; C[27]       ; 10.367 ;        ;        ; 10.367 ;
; S[28]      ; C[28]       ; 10.583 ;        ;        ; 10.583 ;
; S[28]      ; Z           ;        ; 13.377 ; 13.377 ;        ;
; S[29]      ; C[28]       ; 10.827 ;        ;        ; 10.827 ;
; S[29]      ; C[29]       ; 9.945  ;        ;        ; 9.945  ;
; S[29]      ; Z           ;        ; 13.201 ; 13.201 ;        ;
; S[30]      ; C[29]       ; 10.229 ;        ;        ; 10.229 ;
; S[30]      ; C[30]       ; 10.249 ;        ;        ; 10.249 ;
; S[30]      ; Z           ;        ; 13.241 ; 13.241 ;        ;
; S[31]      ; C[30]       ; 11.003 ;        ;        ; 11.003 ;
; S[31]      ; C[31]       ; 11.194 ;        ;        ; 11.194 ;
; S[31]      ; N           ; 11.174 ;        ;        ; 11.174 ;
; S[31]      ; Z           ;        ; 13.014 ; 13.014 ;        ;
+------------+-------------+--------+--------+--------+--------+


+----------------------------------------------------------+
; Minimum Progagation Delay                                ;
+------------+-------------+-------+-------+-------+-------+
; Input Port ; Output Port ; RR    ; RF    ; FR    ; FF    ;
+------------+-------------+-------+-------+-------+-------+
; MIR[22]    ; C[0]        ; 5.475 ; 5.475 ; 5.475 ; 5.475 ;
; MIR[22]    ; C[1]        ; 5.451 ; 5.451 ; 5.451 ; 5.451 ;
; MIR[22]    ; C[2]        ; 5.258 ; 5.258 ; 5.258 ; 5.258 ;
; MIR[22]    ; C[3]        ; 5.278 ; 5.278 ; 5.278 ; 5.278 ;
; MIR[22]    ; C[4]        ; 5.169 ; 5.169 ; 5.169 ; 5.169 ;
; MIR[22]    ; C[5]        ; 5.378 ; 5.378 ; 5.378 ; 5.378 ;
; MIR[22]    ; C[6]        ; 5.475 ; 5.475 ; 5.475 ; 5.475 ;
; MIR[22]    ; C[7]        ; 5.429 ; 5.429 ; 5.429 ; 5.429 ;
; MIR[22]    ; C[8]        ; 5.425 ; 5.425 ; 5.425 ; 5.425 ;
; MIR[22]    ; C[9]        ; 5.545 ; 5.545 ; 5.545 ; 5.545 ;
; MIR[22]    ; C[10]       ; 5.139 ; 5.139 ; 5.139 ; 5.139 ;
; MIR[22]    ; C[11]       ; 5.291 ; 5.291 ; 5.291 ; 5.291 ;
; MIR[22]    ; C[12]       ; 5.147 ; 5.147 ; 5.147 ; 5.147 ;
; MIR[22]    ; C[13]       ; 5.399 ; 5.399 ; 5.399 ; 5.399 ;
; MIR[22]    ; C[14]       ; 5.338 ; 5.338 ; 5.338 ; 5.338 ;
; MIR[22]    ; C[15]       ; 5.508 ; 5.508 ; 5.508 ; 5.508 ;
; MIR[22]    ; C[16]       ; 5.334 ; 5.334 ; 5.334 ; 5.334 ;
; MIR[22]    ; C[17]       ; 6.139 ; 6.139 ; 6.139 ; 6.139 ;
; MIR[22]    ; C[18]       ; 5.672 ; 5.672 ; 5.672 ; 5.672 ;
; MIR[22]    ; C[19]       ; 5.765 ; 5.765 ; 5.765 ; 5.765 ;
; MIR[22]    ; C[20]       ; 5.646 ; 5.646 ; 5.646 ; 5.646 ;
; MIR[22]    ; C[21]       ; 5.723 ; 5.723 ; 5.723 ; 5.723 ;
; MIR[22]    ; C[22]       ; 6.016 ; 6.016 ; 6.016 ; 6.016 ;
; MIR[22]    ; C[23]       ; 5.749 ; 5.749 ; 5.749 ; 5.749 ;
; MIR[22]    ; C[24]       ; 5.691 ; 5.691 ; 5.691 ; 5.691 ;
; MIR[22]    ; C[25]       ; 5.763 ; 5.763 ; 5.763 ; 5.763 ;
; MIR[22]    ; C[26]       ; 5.900 ; 5.900 ; 5.900 ; 5.900 ;
; MIR[22]    ; C[27]       ; 5.660 ; 5.660 ; 5.660 ; 5.660 ;
; MIR[22]    ; C[28]       ; 5.861 ; 5.861 ; 5.861 ; 5.861 ;
; MIR[22]    ; C[29]       ; 5.834 ; 5.834 ; 5.834 ; 5.834 ;
; MIR[22]    ; C[30]       ; 5.653 ; 5.944 ; 5.944 ; 5.653 ;
; MIR[22]    ; C[31]       ; 6.134 ; 6.134 ; 6.134 ; 6.134 ;
; MIR[22]    ; N           ; 6.114 ; 6.114 ; 6.114 ; 6.114 ;
; MIR[22]    ; Z           ; 5.622 ; 5.622 ; 5.622 ; 5.622 ;
; MIR[23]    ; C[0]        ; 5.579 ; 5.579 ; 5.579 ; 5.579 ;
; MIR[23]    ; C[1]        ; 5.470 ; 5.470 ; 5.470 ; 5.470 ;
; MIR[23]    ; C[2]        ; 5.141 ; 5.141 ; 5.141 ; 5.141 ;
; MIR[23]    ; C[3]        ; 5.154 ; 5.154 ; 5.154 ; 5.154 ;
; MIR[23]    ; C[4]        ; 5.041 ; 5.041 ; 5.041 ; 5.041 ;
; MIR[23]    ; C[5]        ; 5.255 ; 5.255 ; 5.255 ; 5.255 ;
; MIR[23]    ; C[6]        ; 5.438 ; 5.438 ; 5.438 ; 5.438 ;
; MIR[23]    ; C[7]        ; 5.540 ; 5.540 ; 5.540 ; 5.540 ;
; MIR[23]    ; C[8]        ; 5.525 ; 5.525 ; 5.525 ; 5.525 ;
; MIR[23]    ; C[9]        ; 5.500 ; 5.500 ; 5.500 ; 5.500 ;
; MIR[23]    ; C[10]       ; 5.014 ; 5.014 ; 5.014 ; 5.014 ;
; MIR[23]    ; C[11]       ; 5.174 ; 5.174 ; 5.174 ; 5.174 ;
; MIR[23]    ; C[12]       ; 5.019 ; 5.019 ; 5.019 ; 5.019 ;
; MIR[23]    ; C[13]       ; 5.273 ; 5.273 ; 5.273 ; 5.273 ;
; MIR[23]    ; C[14]       ; 5.292 ; 5.292 ; 5.292 ; 5.292 ;
; MIR[23]    ; C[15]       ; 5.529 ; 5.529 ; 5.529 ; 5.529 ;
; MIR[23]    ; C[16]       ; 5.487 ; 5.487 ; 5.487 ; 5.487 ;
; MIR[23]    ; C[17]       ; 6.248 ; 6.248 ; 6.248 ; 6.248 ;
; MIR[23]    ; C[18]       ; 5.687 ; 5.687 ; 5.687 ; 5.687 ;
; MIR[23]    ; C[19]       ; 5.744 ; 5.744 ; 5.744 ; 5.744 ;
; MIR[23]    ; C[20]       ; 5.624 ; 5.624 ; 5.624 ; 5.624 ;
; MIR[23]    ; C[21]       ; 5.621 ; 5.621 ; 5.621 ; 5.621 ;
; MIR[23]    ; C[22]       ; 5.981 ; 5.981 ; 5.981 ; 5.981 ;
; MIR[23]    ; C[23]       ; 5.706 ; 5.706 ; 5.706 ; 5.706 ;
; MIR[23]    ; C[24]       ; 5.785 ; 5.785 ; 5.785 ; 5.785 ;
; MIR[23]    ; C[25]       ; 5.792 ; 5.792 ; 5.792 ; 5.792 ;
; MIR[23]    ; C[26]       ; 5.999 ; 5.999 ; 5.999 ; 5.999 ;
; MIR[23]    ; C[27]       ; 5.693 ; 5.693 ; 5.693 ; 5.693 ;
; MIR[23]    ; C[28]       ; 5.813 ; 5.813 ; 5.813 ; 5.813 ;
; MIR[23]    ; C[29]       ; 5.745 ; 5.745 ; 5.745 ; 5.745 ;
; MIR[23]    ; C[30]       ; 5.896 ; 5.793 ; 5.793 ; 5.896 ;
; MIR[23]    ; C[31]       ; 6.087 ; 6.087 ; 6.087 ; 6.087 ;
; MIR[23]    ; N           ; 6.067 ; 6.067 ; 6.067 ; 6.067 ;
; MIR[23]    ; Z           ; 5.704 ; 5.704 ; 5.704 ; 5.704 ;
; S[0]       ; C[0]        ; 5.142 ;       ;       ; 5.142 ;
; S[0]       ; C[8]        ; 5.250 ;       ;       ; 5.250 ;
; S[0]       ; Z           ;       ; 5.289 ; 5.289 ;       ;
; S[1]       ; C[0]        ; 5.063 ;       ;       ; 5.063 ;
; S[1]       ; C[1]        ; 4.972 ;       ;       ; 4.972 ;
; S[1]       ; C[9]        ; 5.236 ;       ;       ; 5.236 ;
; S[1]       ; Z           ;       ; 5.210 ; 5.210 ;       ;
; S[2]       ; C[1]        ; 5.294 ;       ;       ; 5.294 ;
; S[2]       ; C[2]        ; 5.201 ;       ;       ; 5.201 ;
; S[2]       ; C[10]       ; 5.292 ;       ;       ; 5.292 ;
; S[2]       ; Z           ;       ; 5.656 ; 5.656 ;       ;
; S[3]       ; C[2]        ; 5.118 ;       ;       ; 5.118 ;
; S[3]       ; C[3]        ; 5.217 ;       ;       ; 5.217 ;
; S[3]       ; C[11]       ; 5.444 ;       ;       ; 5.444 ;
; S[3]       ; Z           ;       ; 6.162 ; 6.162 ;       ;
; S[4]       ; C[3]        ; 5.132 ;       ;       ; 5.132 ;
; S[4]       ; C[4]        ; 5.019 ;       ;       ; 5.019 ;
; S[4]       ; C[12]       ; 5.498 ;       ;       ; 5.498 ;
; S[4]       ; Z           ;       ; 6.092 ; 6.092 ;       ;
; S[5]       ; C[4]        ; 5.122 ;       ;       ; 5.122 ;
; S[5]       ; C[5]        ; 5.336 ;       ;       ; 5.336 ;
; S[5]       ; C[13]       ; 5.735 ;       ;       ; 5.735 ;
; S[5]       ; Z           ;       ; 6.144 ; 6.144 ;       ;
; S[6]       ; C[5]        ; 5.229 ;       ;       ; 5.229 ;
; S[6]       ; C[6]        ; 5.452 ;       ;       ; 5.452 ;
; S[6]       ; C[14]       ; 5.602 ;       ;       ; 5.602 ;
; S[6]       ; Z           ;       ; 6.037 ; 6.037 ;       ;
; S[7]       ; C[6]        ; 5.102 ;       ;       ; 5.102 ;
; S[7]       ; C[7]        ; 5.246 ;       ;       ; 5.246 ;
; S[7]       ; C[15]       ; 5.486 ;       ;       ; 5.486 ;
; S[7]       ; Z           ;       ; 5.774 ; 5.774 ;       ;
; S[8]       ; C[7]        ; 5.140 ;       ;       ; 5.140 ;
; S[8]       ; C[8]        ; 5.132 ;       ;       ; 5.132 ;
; S[8]       ; C[16]       ; 5.367 ;       ;       ; 5.367 ;
; S[8]       ; Z           ;       ; 5.402 ; 5.402 ;       ;
; S[9]       ; C[8]        ; 5.656 ;       ;       ; 5.656 ;
; S[9]       ; C[9]        ; 5.425 ;       ;       ; 5.425 ;
; S[9]       ; C[17]       ; 6.551 ;       ;       ; 6.551 ;
; S[9]       ; Z           ;       ; 5.629 ; 5.629 ;       ;
; S[10]      ; C[9]        ; 5.619 ;       ;       ; 5.619 ;
; S[10]      ; C[10]       ; 5.117 ;       ;       ; 5.117 ;
; S[10]      ; C[18]       ; 5.865 ;       ;       ; 5.865 ;
; S[10]      ; Z           ;       ; 5.823 ; 5.823 ;       ;
; S[11]      ; C[10]       ; 3.292 ;       ;       ; 3.292 ;
; S[11]      ; C[11]       ; 3.313 ;       ;       ; 3.313 ;
; S[11]      ; C[19]       ; 3.744 ;       ;       ; 3.744 ;
; S[11]      ; Z           ;       ; 4.184 ; 4.184 ;       ;
; S[12]      ; C[11]       ; 3.348 ;       ;       ; 3.348 ;
; S[12]      ; C[12]       ; 2.972 ;       ;       ; 2.972 ;
; S[12]      ; C[20]       ; 3.647 ;       ;       ; 3.647 ;
; S[12]      ; Z           ;       ; 4.134 ; 4.134 ;       ;
; S[13]      ; C[12]       ; 3.240 ;       ;       ; 3.240 ;
; S[13]      ; C[13]       ; 3.201 ;       ;       ; 3.201 ;
; S[13]      ; C[21]       ; 3.764 ;       ;       ; 3.764 ;
; S[13]      ; Z           ;       ; 4.106 ; 4.106 ;       ;
; S[14]      ; C[13]       ; 3.600 ;       ;       ; 3.600 ;
; S[14]      ; C[14]       ; 3.066 ;       ;       ; 3.066 ;
; S[14]      ; C[22]       ; 4.100 ;       ;       ; 4.100 ;
; S[14]      ; Z           ;       ; 4.505 ; 4.505 ;       ;
; S[15]      ; C[14]       ; 5.129 ;       ;       ; 5.129 ;
; S[15]      ; C[15]       ; 4.999 ;       ;       ; 4.999 ;
; S[15]      ; C[23]       ; 5.841 ;       ;       ; 5.841 ;
; S[15]      ; Z           ;       ; 6.213 ; 6.213 ;       ;
; S[16]      ; C[15]       ; 5.689 ;       ;       ; 5.689 ;
; S[16]      ; C[16]       ; 5.273 ;       ;       ; 5.273 ;
; S[16]      ; C[24]       ; 5.938 ;       ;       ; 5.938 ;
; S[16]      ; Z           ;       ; 6.677 ; 6.677 ;       ;
; S[17]      ; C[16]       ; 5.662 ;       ;       ; 5.662 ;
; S[17]      ; C[17]       ; 6.121 ;       ;       ; 6.121 ;
; S[17]      ; C[25]       ; 5.880 ;       ;       ; 5.880 ;
; S[17]      ; Z           ;       ; 6.763 ; 6.763 ;       ;
; S[18]      ; C[17]       ; 6.277 ;       ;       ; 6.277 ;
; S[18]      ; C[18]       ; 5.269 ;       ;       ; 5.269 ;
; S[18]      ; C[26]       ; 5.976 ;       ;       ; 5.976 ;
; S[18]      ; Z           ;       ; 6.612 ; 6.612 ;       ;
; S[19]      ; C[18]       ; 5.614 ;       ;       ; 5.614 ;
; S[19]      ; C[19]       ; 5.520 ;       ;       ; 5.520 ;
; S[19]      ; C[27]       ; 5.608 ;       ;       ; 5.608 ;
; S[19]      ; Z           ;       ; 6.660 ; 6.660 ;       ;
; S[20]      ; C[19]       ; 5.963 ;       ;       ; 5.963 ;
; S[20]      ; C[20]       ; 5.642 ;       ;       ; 5.642 ;
; S[20]      ; C[28]       ; 6.054 ;       ;       ; 6.054 ;
; S[20]      ; Z           ;       ; 6.971 ; 6.971 ;       ;
; S[21]      ; C[20]       ; 6.095 ;       ;       ; 6.095 ;
; S[21]      ; C[21]       ; 5.741 ;       ;       ; 5.741 ;
; S[21]      ; C[29]       ; 6.144 ;       ;       ; 6.144 ;
; S[21]      ; Z           ;       ; 6.943 ; 6.943 ;       ;
; S[22]      ; C[21]       ; 5.930 ;       ;       ; 5.930 ;
; S[22]      ; C[22]       ; 5.914 ;       ;       ; 5.914 ;
; S[22]      ; C[30]       ; 5.438 ;       ;       ; 5.438 ;
; S[22]      ; Z           ;       ; 6.306 ; 6.306 ;       ;
; S[23]      ; C[22]       ; 6.180 ;       ;       ; 6.180 ;
; S[23]      ; C[23]       ; 5.617 ;       ;       ; 5.617 ;
; S[23]      ; C[31]       ; 6.001 ;       ;       ; 6.001 ;
; S[23]      ; N           ; 5.981 ;       ;       ; 5.981 ;
; S[23]      ; Z           ;       ; 6.304 ; 6.304 ;       ;
; S[24]      ; C[23]       ; 5.709 ;       ;       ; 5.709 ;
; S[24]      ; C[24]       ; 5.240 ;       ;       ; 5.240 ;
; S[24]      ; Z           ;       ; 6.202 ; 6.202 ;       ;
; S[25]      ; C[24]       ; 5.649 ;       ;       ; 5.649 ;
; S[25]      ; C[25]       ; 5.372 ;       ;       ; 5.372 ;
; S[25]      ; Z           ;       ; 6.611 ; 6.611 ;       ;
; S[26]      ; C[25]       ; 5.655 ;       ;       ; 5.655 ;
; S[26]      ; C[26]       ; 5.618 ;       ;       ; 5.618 ;
; S[26]      ; Z           ;       ; 6.480 ; 6.480 ;       ;
; S[27]      ; C[26]       ; 5.768 ;       ;       ; 5.768 ;
; S[27]      ; C[27]       ; 5.173 ;       ;       ; 5.173 ;
; S[27]      ; Z           ;       ; 6.409 ; 6.409 ;       ;
; S[28]      ; C[27]       ; 5.721 ;       ;       ; 5.721 ;
; S[28]      ; C[28]       ; 5.832 ;       ;       ; 5.832 ;
; S[28]      ; Z           ;       ; 6.789 ; 6.789 ;       ;
; S[29]      ; C[28]       ; 5.873 ;       ;       ; 5.873 ;
; S[29]      ; C[29]       ; 5.493 ;       ;       ; 5.493 ;
; S[29]      ; Z           ;       ; 6.709 ; 6.709 ;       ;
; S[30]      ; C[29]       ; 5.629 ;       ;       ; 5.629 ;
; S[30]      ; C[30]       ; 5.568 ;       ;       ; 5.568 ;
; S[30]      ; Z           ;       ; 6.436 ; 6.436 ;       ;
; S[31]      ; C[30]       ; 5.955 ;       ;       ; 5.955 ;
; S[31]      ; C[31]       ; 6.152 ;       ;       ; 6.152 ;
; S[31]      ; N           ; 6.132 ;       ;       ; 6.132 ;
; S[31]      ; Z           ;       ; 6.455 ; 6.455 ;       ;
+------------+-------------+-------+-------+-------+-------+


-------------------
; Clock Transfers ;
-------------------
Nothing to report.


---------------
; Report TCCS ;
---------------
No dedicated SERDES Transmitter circuitry present in device or used in design


---------------
; Report RSKM ;
---------------
No dedicated SERDES Receiver circuitry present in device or used in design


+------------------------------------------------+
; Unconstrained Paths                            ;
+---------------------------------+-------+------+
; Property                        ; Setup ; Hold ;
+---------------------------------+-------+------+
; Illegal Clocks                  ; 0     ; 0    ;
; Unconstrained Clocks            ; 0     ; 0    ;
; Unconstrained Input Ports       ; 34    ; 34   ;
; Unconstrained Input Port Paths  ; 189   ; 189  ;
; Unconstrained Output Ports      ; 34    ; 34   ;
; Unconstrained Output Port Paths ; 189   ; 189  ;
+---------------------------------+-------+------+


+------------------------------------+
; TimeQuest Timing Analyzer Messages ;
+------------------------------------+
Info: *******************************************************************
Info: Running Quartus II 64-Bit TimeQuest Timing Analyzer
    Info: Version 13.0.1 Build 232 06/12/2013 Service Pack 1 SJ Web Edition
    Info: Processing started: Sun Jul 20 21:13:34 2025
Info: Command: quartus_sta mic1 -c mic1
Info: qsta_default_script.tcl version: #1
Warning (20028): Parallel compilation is not licensed and has been disabled
Critical Warning (332012): Synopsys Design Constraints File file not found: 'mic1.sdc'. A Synopsys Design Constraints File is required by the TimeQuest Timing Analyzer to get proper timing constraints. Without it, the Compiler will not properly optimize the design.
Info (332142): No user constrained base clocks found in the design. Calling "derive_clocks -period 1.0"
Info (332096): The command derive_clocks did not find any clocks to derive.  No clocks were created or changed.
Warning (332068): No clocks defined in design.
Info: Found TIMEQUEST_REPORT_SCRIPT_INCLUDE_DEFAULT_ANALYSIS = ON
Info (332159): No clocks to report
Info: Analyzing Slow Model
Info (332140): No fmax paths to report
Info (332140): No Setup paths to report
Info (332140): No Hold paths to report
Info (332140): No Recovery paths to report
Info (332140): No Removal paths to report
Info (332140): No Minimum Pulse Width paths to report
Info (332001): The selected device family is not supported by the report_metastability command.
Info: Analyzing Fast Model
Info (332142): No user constrained base clocks found in the design. Calling "derive_clocks -period 1.0"
Info (332096): The command derive_clocks did not find any clocks to derive.  No clocks were created or changed.
Warning (332068): No clocks defined in design.
Info (332140): No Setup paths to report
Info (332140): No Hold paths to report
Info (332140): No Recovery paths to report
Info (332140): No Removal paths to report
Info (332140): No Minimum Pulse Width paths to report
Info (332001): The selected device family is not supported by the report_metastability command.
Info (332102): Design is not fully constrained for setup requirements
Info (332102): Design is not fully constrained for hold requirements
Info: Quartus II 64-Bit TimeQuest Timing Analyzer was successful. 0 errors, 4 warnings
    Info: Peak virtual memory: 4541 megabytes
    Info: Processing ended: Sun Jul 20 21:13:35 2025
    Info: Elapsed time: 00:00:01
    Info: Total CPU time (on all processors): 00:00:01


