Simulator report for mic1
Thu Jul 03 17:19:29 2025
Quartus II 64-Bit Version 13.0.1 Build 232 06/12/2013 Service Pack 1 SJ Web Edition


---------------------
; Table of Contents ;
---------------------
  1. Legal Notice
  2. Simulator Summary
  3. Simulator Settings
  4. Simulation Waveforms
  5. Coverage Summary
  6. Complete 1/0-Value Coverage
  7. Missing 1-Value Coverage
  8. Missing 0-Value Coverage
  9. Simulator INI Usage
 10. Simulator Messages



----------------
; Legal Notice ;
----------------
Copyright (C) 1991-2013 Altera Corporation
Your use of Altera Corporation's design tools, logic functions 
and other software and tools, and its AMPP partner logic 
functions, and any output files from any of the foregoing 
(including device programming or simulation files), and any 
associated documentation or information are expressly subject 
to the terms and conditions of the Altera Program License 
Subscription Agreement, Altera MegaCore Function License 
Agreement, or other applicable license agreement, including, 
without limitation, that your use is for the sole purpose of 
programming logic devices manufactured by Altera and sold by 
Altera or its authorized distributors.  Please refer to the 
applicable agreement for further details.



+--------------------------------------------+
; Simulator Summary                          ;
+-----------------------------+--------------+
; Type                        ; Value        ;
+-----------------------------+--------------+
; Simulation Start Time       ; 0 ps         ;
; Simulation End Time         ; 1.0 us       ;
; Simulation Netlist Size     ; 334 nodes    ;
; Simulation Coverage         ;      45.81 % ;
; Total Number of Transitions ; 588          ;
; Simulation Breakpoints      ; 0            ;
; Family                      ; Cyclone II   ;
; Device                      ; EP2C5F256C6  ;
+-----------------------------+--------------+


+------------------------------------------------------------------------------------------------------------------------------------------------------+
; Simulator Settings                                                                                                                                   ;
+--------------------------------------------------------------------------------------------+-----------------------------------------+---------------+
; Option                                                                                     ; Setting                                 ; Default Value ;
+--------------------------------------------------------------------------------------------+-----------------------------------------+---------------+
; Simulation mode                                                                            ; Timing                                  ; Timing        ;
; Start time                                                                                 ; 0 ns                                    ; 0 ns          ;
; Simulation results format                                                                  ; VWF                                     ;               ;
; Vector input source                                                                        ; C:/Users/Aluno/Juan_pablo/ULA_32bit.vwf ;               ;
; Add pins automatically to simulation output waveforms                                      ; On                                      ; On            ;
; Check outputs                                                                              ; Off                                     ; Off           ;
; Report simulation coverage                                                                 ; On                                      ; On            ;
; Display complete 1/0 value coverage report                                                 ; On                                      ; On            ;
; Display missing 1-value coverage report                                                    ; On                                      ; On            ;
; Display missing 0-value coverage report                                                    ; On                                      ; On            ;
; Detect setup and hold time violations                                                      ; Off                                     ; Off           ;
; Detect glitches                                                                            ; Off                                     ; Off           ;
; Disable timing delays in Timing Simulation                                                 ; Off                                     ; Off           ;
; Generate Signal Activity File                                                              ; Off                                     ; Off           ;
; Generate VCD File for PowerPlay Power Analyzer                                             ; Off                                     ; Off           ;
; Group bus channels in simulation results                                                   ; Off                                     ; Off           ;
; Preserve fewer signal transitions to reduce memory requirements                            ; On                                      ; On            ;
; Trigger vector comparison with the specified mode                                          ; INPUT_EDGE                              ; INPUT_EDGE    ;
; Disable setup and hold time violations detection in input registers of bi-directional pins ; Off                                     ; Off           ;
; Overwrite Waveform Inputs With Simulation Outputs                                          ; Off                                     ;               ;
; Perform Glitch Filtering in Timing Simulation                                              ; Auto                                    ; Auto          ;
+--------------------------------------------------------------------------------------------+-----------------------------------------+---------------+


+----------------------+
; Simulation Waveforms ;
+----------------------+
Waveform report data cannot be output to ASCII.
Please use Quartus II 64-Bit to view the waveform report data.


+--------------------------------------------------------------------+
; Coverage Summary                                                   ;
+-----------------------------------------------------+--------------+
; Type                                                ; Value        ;
+-----------------------------------------------------+--------------+
; Total coverage as a percentage                      ;      45.81 % ;
; Total nodes checked                                 ; 334          ;
; Total output ports checked                          ; 334          ;
; Total output ports with complete 1/0-value coverage ; 153          ;
; Total output ports with no 1/0-value coverage       ; 153          ;
; Total output ports with no 1-value coverage         ; 154          ;
; Total output ports with no 0-value coverage         ; 180          ;
+-----------------------------------------------------+--------------+


The following table displays output ports that toggle between 1 and 0 during simulation.
+----------------------------------------------------------------------------------------------------------------------------------------------------------------------------+
; Complete 1/0-Value Coverage                                                                                                                                                ;
+----------------------------------------------------------------------------+----------------------------------------------------------------------------+------------------+
; Node Name                                                                  ; Output Port Name                                                           ; Output Port Type ;
+----------------------------------------------------------------------------+----------------------------------------------------------------------------+------------------+
; |ULA_32bits|ULA_8bits:inst3|ULA_1bit:inst25|inst2                          ; |ULA_32bits|ULA_8bits:inst3|ULA_1bit:inst25|inst2                          ; combout          ;
; |ULA_32bits|ULA_8bits:inst3|ULA_1bit:inst24|inst2                          ; |ULA_32bits|ULA_8bits:inst3|ULA_1bit:inst24|inst2                          ; combout          ;
; |ULA_32bits|ULA_8bits:inst3|ULA_1bit:inst22|inst2                          ; |ULA_32bits|ULA_8bits:inst3|ULA_1bit:inst22|inst2                          ; combout          ;
; |ULA_32bits|ULA_8bits:inst3|ULA_1bit:inst21|inst2                          ; |ULA_32bits|ULA_8bits:inst3|ULA_1bit:inst21|inst2                          ; combout          ;
; |ULA_32bits|ULA_8bits:inst3|ULA_1bit:inst20|inst2                          ; |ULA_32bits|ULA_8bits:inst3|ULA_1bit:inst20|inst2                          ; combout          ;
; |ULA_32bits|ULA_8bits:inst3|ULA_1bit:inst19|inst2                          ; |ULA_32bits|ULA_8bits:inst3|ULA_1bit:inst19|inst2                          ; combout          ;
; |ULA_32bits|ULA_8bits:inst3|ULA_1bit:inst|inst2                            ; |ULA_32bits|ULA_8bits:inst3|ULA_1bit:inst|inst2                            ; combout          ;
; |ULA_32bits|ULA_8bits:inst4|ULA_1bit:inst24|inst2                          ; |ULA_32bits|ULA_8bits:inst4|ULA_1bit:inst24|inst2                          ; combout          ;
; |ULA_32bits|ULA_8bits:inst4|ULA_1bit:inst23|inst2                          ; |ULA_32bits|ULA_8bits:inst4|ULA_1bit:inst23|inst2                          ; combout          ;
; |ULA_32bits|ULA_8bits:inst4|ULA_1bit:inst22|inst2                          ; |ULA_32bits|ULA_8bits:inst4|ULA_1bit:inst22|inst2                          ; combout          ;
; |ULA_32bits|ULA_8bits:inst4|ULA_1bit:inst21|inst2                          ; |ULA_32bits|ULA_8bits:inst4|ULA_1bit:inst21|inst2                          ; combout          ;
; |ULA_32bits|ULA_8bits:inst4|ULA_1bit:inst20|inst2                          ; |ULA_32bits|ULA_8bits:inst4|ULA_1bit:inst20|inst2                          ; combout          ;
; |ULA_32bits|ULA_8bits:inst4|ULA_1bit:inst19|inst2                          ; |ULA_32bits|ULA_8bits:inst4|ULA_1bit:inst19|inst2                          ; combout          ;
; |ULA_32bits|ULA_8bits:inst4|ULA_1bit:inst|inst2                            ; |ULA_32bits|ULA_8bits:inst4|ULA_1bit:inst|inst2                            ; combout          ;
; |ULA_32bits|ULA_8bits:inst5|ULA_1bit:inst25|inst2                          ; |ULA_32bits|ULA_8bits:inst5|ULA_1bit:inst25|inst2                          ; combout          ;
; |ULA_32bits|ULA_8bits:inst5|ULA_1bit:inst24|inst2                          ; |ULA_32bits|ULA_8bits:inst5|ULA_1bit:inst24|inst2                          ; combout          ;
; |ULA_32bits|ULA_8bits:inst5|ULA_1bit:inst23|inst2                          ; |ULA_32bits|ULA_8bits:inst5|ULA_1bit:inst23|inst2                          ; combout          ;
; |ULA_32bits|ULA_8bits:inst5|ULA_1bit:inst22|inst2                          ; |ULA_32bits|ULA_8bits:inst5|ULA_1bit:inst22|inst2                          ; combout          ;
; |ULA_32bits|ULA_8bits:inst5|ULA_1bit:inst21|inst2                          ; |ULA_32bits|ULA_8bits:inst5|ULA_1bit:inst21|inst2                          ; combout          ;
; |ULA_32bits|ULA_8bits:inst5|ULA_1bit:inst20|inst2                          ; |ULA_32bits|ULA_8bits:inst5|ULA_1bit:inst20|inst2                          ; combout          ;
; |ULA_32bits|ULA_8bits:inst5|ULA_1bit:inst19|inst2                          ; |ULA_32bits|ULA_8bits:inst5|ULA_1bit:inst19|inst2                          ; combout          ;
; |ULA_32bits|ULA_8bits:inst5|ULA_1bit:inst|inst2                            ; |ULA_32bits|ULA_8bits:inst5|ULA_1bit:inst|inst2                            ; combout          ;
; |ULA_32bits|ULA_8bits:inst6|ULA_1bit:inst25|inst2                          ; |ULA_32bits|ULA_8bits:inst6|ULA_1bit:inst25|inst2                          ; combout          ;
; |ULA_32bits|ULA_8bits:inst6|ULA_1bit:inst25|inst                           ; |ULA_32bits|ULA_8bits:inst6|ULA_1bit:inst25|inst                           ; combout          ;
; |ULA_32bits|ULA_8bits:inst6|ULA_1bit:inst24|inst2                          ; |ULA_32bits|ULA_8bits:inst6|ULA_1bit:inst24|inst2                          ; combout          ;
; |ULA_32bits|ULA_8bits:inst6|ULA_1bit:inst23|inst                           ; |ULA_32bits|ULA_8bits:inst6|ULA_1bit:inst23|inst                           ; combout          ;
; |ULA_32bits|ULA_8bits:inst6|ULA_1bit:inst23|inst1                          ; |ULA_32bits|ULA_8bits:inst6|ULA_1bit:inst23|inst1                          ; combout          ;
; |ULA_32bits|ULA_8bits:inst6|ULA_1bit:inst22|inst2                          ; |ULA_32bits|ULA_8bits:inst6|ULA_1bit:inst22|inst2                          ; combout          ;
; |ULA_32bits|ULA_8bits:inst6|ULA_1bit:inst22|inst                           ; |ULA_32bits|ULA_8bits:inst6|ULA_1bit:inst22|inst                           ; combout          ;
; |ULA_32bits|ULA_8bits:inst6|ULA_1bit:inst21|inst2                          ; |ULA_32bits|ULA_8bits:inst6|ULA_1bit:inst21|inst2                          ; combout          ;
; |ULA_32bits|ULA_8bits:inst6|ULA_1bit:inst21|inst                           ; |ULA_32bits|ULA_8bits:inst6|ULA_1bit:inst21|inst                           ; combout          ;
; |ULA_32bits|ULA_8bits:inst6|ULA_1bit:inst20|inst2                          ; |ULA_32bits|ULA_8bits:inst6|ULA_1bit:inst20|inst2                          ; combout          ;
; |ULA_32bits|ULA_8bits:inst6|ULA_1bit:inst19|inst2                          ; |ULA_32bits|ULA_8bits:inst6|ULA_1bit:inst19|inst2                          ; combout          ;
; |ULA_32bits|ULA_8bits:inst6|ULA_1bit:inst19|inst                           ; |ULA_32bits|ULA_8bits:inst6|ULA_1bit:inst19|inst                           ; combout          ;
; |ULA_32bits|ULA_8bits:inst6|ULA_1bit:inst|inst2                            ; |ULA_32bits|ULA_8bits:inst6|ULA_1bit:inst|inst2                            ; combout          ;
; |ULA_32bits|ULA_8bits:inst6|ULA_1bit:inst|inst                             ; |ULA_32bits|ULA_8bits:inst6|ULA_1bit:inst|inst                             ; combout          ;
; |ULA_32bits|ULA_8bits:inst3|ULA_1bit:inst25|inst7~0                        ; |ULA_32bits|ULA_8bits:inst3|ULA_1bit:inst25|inst7~0                        ; combout          ;
; |ULA_32bits|ULA_8bits:inst3|ULA_1bit:inst25|inst7~1                        ; |ULA_32bits|ULA_8bits:inst3|ULA_1bit:inst25|inst7~1                        ; combout          ;
; |ULA_32bits|ULA_8bits:inst3|ULA_1bit:inst24|inst7~0                        ; |ULA_32bits|ULA_8bits:inst3|ULA_1bit:inst24|inst7~0                        ; combout          ;
; |ULA_32bits|ULA_8bits:inst3|ULA_1bit:inst24|inst7~1                        ; |ULA_32bits|ULA_8bits:inst3|ULA_1bit:inst24|inst7~1                        ; combout          ;
; |ULA_32bits|ULA_8bits:inst3|ULA_1bit:inst23|inst2                          ; |ULA_32bits|ULA_8bits:inst3|ULA_1bit:inst23|inst2                          ; combout          ;
; |ULA_32bits|ULA_8bits:inst3|ULA_1bit:inst23|inst7~0                        ; |ULA_32bits|ULA_8bits:inst3|ULA_1bit:inst23|inst7~0                        ; combout          ;
; |ULA_32bits|ULA_8bits:inst3|ULA_1bit:inst23|FULL_ADDER_1bit:inst5|inst     ; |ULA_32bits|ULA_8bits:inst3|ULA_1bit:inst23|FULL_ADDER_1bit:inst5|inst     ; combout          ;
; |ULA_32bits|ULA_8bits:inst3|ULA_1bit:inst23|inst7~1                        ; |ULA_32bits|ULA_8bits:inst3|ULA_1bit:inst23|inst7~1                        ; combout          ;
; |ULA_32bits|ULA_8bits:inst3|ULA_1bit:inst22|inst7~0                        ; |ULA_32bits|ULA_8bits:inst3|ULA_1bit:inst22|inst7~0                        ; combout          ;
; |ULA_32bits|ULA_8bits:inst3|ULA_1bit:inst22|FULL_ADDER_1bit:inst5|inst     ; |ULA_32bits|ULA_8bits:inst3|ULA_1bit:inst22|FULL_ADDER_1bit:inst5|inst     ; combout          ;
; |ULA_32bits|ULA_8bits:inst3|ULA_1bit:inst22|inst7~1                        ; |ULA_32bits|ULA_8bits:inst3|ULA_1bit:inst22|inst7~1                        ; combout          ;
; |ULA_32bits|ULA_8bits:inst3|ULA_1bit:inst21|inst7~0                        ; |ULA_32bits|ULA_8bits:inst3|ULA_1bit:inst21|inst7~0                        ; combout          ;
; |ULA_32bits|ULA_8bits:inst3|ULA_1bit:inst21|inst7~1                        ; |ULA_32bits|ULA_8bits:inst3|ULA_1bit:inst21|inst7~1                        ; combout          ;
; |ULA_32bits|ULA_8bits:inst3|ULA_1bit:inst20|inst7~0                        ; |ULA_32bits|ULA_8bits:inst3|ULA_1bit:inst20|inst7~0                        ; combout          ;
; |ULA_32bits|ULA_8bits:inst3|ULA_1bit:inst20|FULL_ADDER_1bit:inst5|inst     ; |ULA_32bits|ULA_8bits:inst3|ULA_1bit:inst20|FULL_ADDER_1bit:inst5|inst     ; combout          ;
; |ULA_32bits|ULA_8bits:inst3|ULA_1bit:inst20|inst7~1                        ; |ULA_32bits|ULA_8bits:inst3|ULA_1bit:inst20|inst7~1                        ; combout          ;
; |ULA_32bits|ULA_8bits:inst3|ULA_1bit:inst19|inst7~0                        ; |ULA_32bits|ULA_8bits:inst3|ULA_1bit:inst19|inst7~0                        ; combout          ;
; |ULA_32bits|ULA_8bits:inst3|ULA_1bit:inst|inst7~0                          ; |ULA_32bits|ULA_8bits:inst3|ULA_1bit:inst|inst7~0                          ; combout          ;
; |ULA_32bits|ULA_8bits:inst3|ULA_1bit:inst|FULL_ADDER_1bit:inst5|inst       ; |ULA_32bits|ULA_8bits:inst3|ULA_1bit:inst|FULL_ADDER_1bit:inst5|inst       ; combout          ;
; |ULA_32bits|ULA_8bits:inst3|ULA_1bit:inst|inst7~1                          ; |ULA_32bits|ULA_8bits:inst3|ULA_1bit:inst|inst7~1                          ; combout          ;
; |ULA_32bits|ULA_8bits:inst4|ULA_1bit:inst25|inst2                          ; |ULA_32bits|ULA_8bits:inst4|ULA_1bit:inst25|inst2                          ; combout          ;
; |ULA_32bits|ULA_8bits:inst4|ULA_1bit:inst25|FULL_ADDER_1bit:inst5|inst     ; |ULA_32bits|ULA_8bits:inst4|ULA_1bit:inst25|FULL_ADDER_1bit:inst5|inst     ; combout          ;
; |ULA_32bits|ULA_8bits:inst4|ULA_1bit:inst24|inst7~0                        ; |ULA_32bits|ULA_8bits:inst4|ULA_1bit:inst24|inst7~0                        ; combout          ;
; |ULA_32bits|ULA_8bits:inst4|ULA_1bit:inst24|inst7~1                        ; |ULA_32bits|ULA_8bits:inst4|ULA_1bit:inst24|inst7~1                        ; combout          ;
; |ULA_32bits|ULA_8bits:inst4|ULA_1bit:inst23|inst7~0                        ; |ULA_32bits|ULA_8bits:inst4|ULA_1bit:inst23|inst7~0                        ; combout          ;
; |ULA_32bits|ULA_8bits:inst4|ULA_1bit:inst23|inst7~1                        ; |ULA_32bits|ULA_8bits:inst4|ULA_1bit:inst23|inst7~1                        ; combout          ;
; |ULA_32bits|ULA_8bits:inst4|ULA_1bit:inst22|inst7~0                        ; |ULA_32bits|ULA_8bits:inst4|ULA_1bit:inst22|inst7~0                        ; combout          ;
; |ULA_32bits|ULA_8bits:inst4|ULA_1bit:inst22|inst7~1                        ; |ULA_32bits|ULA_8bits:inst4|ULA_1bit:inst22|inst7~1                        ; combout          ;
; |ULA_32bits|ULA_8bits:inst4|ULA_1bit:inst21|inst7~0                        ; |ULA_32bits|ULA_8bits:inst4|ULA_1bit:inst21|inst7~0                        ; combout          ;
; |ULA_32bits|ULA_8bits:inst4|ULA_1bit:inst21|FULL_ADDER_1bit:inst5|inst     ; |ULA_32bits|ULA_8bits:inst4|ULA_1bit:inst21|FULL_ADDER_1bit:inst5|inst     ; combout          ;
; |ULA_32bits|ULA_8bits:inst4|ULA_1bit:inst21|inst7~1                        ; |ULA_32bits|ULA_8bits:inst4|ULA_1bit:inst21|inst7~1                        ; combout          ;
; |ULA_32bits|ULA_8bits:inst4|ULA_1bit:inst20|inst7~0                        ; |ULA_32bits|ULA_8bits:inst4|ULA_1bit:inst20|inst7~0                        ; combout          ;
; |ULA_32bits|ULA_8bits:inst4|ULA_1bit:inst20|FULL_ADDER_1bit:inst5|inst     ; |ULA_32bits|ULA_8bits:inst4|ULA_1bit:inst20|FULL_ADDER_1bit:inst5|inst     ; combout          ;
; |ULA_32bits|ULA_8bits:inst4|ULA_1bit:inst|inst7~0                          ; |ULA_32bits|ULA_8bits:inst4|ULA_1bit:inst|inst7~0                          ; combout          ;
; |ULA_32bits|ULA_8bits:inst4|ULA_1bit:inst|inst7~1                          ; |ULA_32bits|ULA_8bits:inst4|ULA_1bit:inst|inst7~1                          ; combout          ;
; |ULA_32bits|ULA_8bits:inst5|ULA_1bit:inst24|inst7~0                        ; |ULA_32bits|ULA_8bits:inst5|ULA_1bit:inst24|inst7~0                        ; combout          ;
; |ULA_32bits|ULA_8bits:inst5|ULA_1bit:inst24|inst7~1                        ; |ULA_32bits|ULA_8bits:inst5|ULA_1bit:inst24|inst7~1                        ; combout          ;
; |ULA_32bits|ULA_8bits:inst5|ULA_1bit:inst23|inst7~0                        ; |ULA_32bits|ULA_8bits:inst5|ULA_1bit:inst23|inst7~0                        ; combout          ;
; |ULA_32bits|ULA_8bits:inst5|ULA_1bit:inst23|FULL_ADDER_1bit:inst5|inst     ; |ULA_32bits|ULA_8bits:inst5|ULA_1bit:inst23|FULL_ADDER_1bit:inst5|inst     ; combout          ;
; |ULA_32bits|ULA_8bits:inst5|ULA_1bit:inst23|inst7~1                        ; |ULA_32bits|ULA_8bits:inst5|ULA_1bit:inst23|inst7~1                        ; combout          ;
; |ULA_32bits|ULA_8bits:inst5|ULA_1bit:inst22|FULL_ADDER_1bit:inst5|inst     ; |ULA_32bits|ULA_8bits:inst5|ULA_1bit:inst22|FULL_ADDER_1bit:inst5|inst     ; combout          ;
; |ULA_32bits|ULA_8bits:inst5|ULA_1bit:inst21|inst7~0                        ; |ULA_32bits|ULA_8bits:inst5|ULA_1bit:inst21|inst7~0                        ; combout          ;
; |ULA_32bits|ULA_8bits:inst5|ULA_1bit:inst21|inst7~1                        ; |ULA_32bits|ULA_8bits:inst5|ULA_1bit:inst21|inst7~1                        ; combout          ;
; |ULA_32bits|ULA_8bits:inst5|ULA_1bit:inst|FULL_ADDER_1bit:inst5|inst       ; |ULA_32bits|ULA_8bits:inst5|ULA_1bit:inst|FULL_ADDER_1bit:inst5|inst       ; combout          ;
; |ULA_32bits|ULA_8bits:inst6|ULA_1bit:inst25|inst7~1                        ; |ULA_32bits|ULA_8bits:inst6|ULA_1bit:inst25|inst7~1                        ; combout          ;
; |ULA_32bits|ULA_8bits:inst6|ULA_1bit:inst25|inst7~2                        ; |ULA_32bits|ULA_8bits:inst6|ULA_1bit:inst25|inst7~2                        ; combout          ;
; |ULA_32bits|ULA_8bits:inst6|ULA_1bit:inst24|inst                           ; |ULA_32bits|ULA_8bits:inst6|ULA_1bit:inst24|inst                           ; combout          ;
; |ULA_32bits|ULA_8bits:inst6|ULA_1bit:inst24|inst7~0                        ; |ULA_32bits|ULA_8bits:inst6|ULA_1bit:inst24|inst7~0                        ; combout          ;
; |ULA_32bits|ULA_8bits:inst6|ULA_1bit:inst24|inst7~1                        ; |ULA_32bits|ULA_8bits:inst6|ULA_1bit:inst24|inst7~1                        ; combout          ;
; |ULA_32bits|ULA_8bits:inst6|ULA_1bit:inst23|inst2                          ; |ULA_32bits|ULA_8bits:inst6|ULA_1bit:inst23|inst2                          ; combout          ;
; |ULA_32bits|ULA_8bits:inst6|ULA_1bit:inst23|inst7~0                        ; |ULA_32bits|ULA_8bits:inst6|ULA_1bit:inst23|inst7~0                        ; combout          ;
; |ULA_32bits|ULA_8bits:inst6|ULA_1bit:inst23|inst7~1                        ; |ULA_32bits|ULA_8bits:inst6|ULA_1bit:inst23|inst7~1                        ; combout          ;
; |ULA_32bits|ULA_8bits:inst6|ULA_1bit:inst22|inst7~0                        ; |ULA_32bits|ULA_8bits:inst6|ULA_1bit:inst22|inst7~0                        ; combout          ;
; |ULA_32bits|ULA_8bits:inst6|ULA_1bit:inst22|FULL_ADDER_1bit:inst5|inst     ; |ULA_32bits|ULA_8bits:inst6|ULA_1bit:inst22|FULL_ADDER_1bit:inst5|inst     ; combout          ;
; |ULA_32bits|ULA_8bits:inst6|ULA_1bit:inst22|inst7~1                        ; |ULA_32bits|ULA_8bits:inst6|ULA_1bit:inst22|inst7~1                        ; combout          ;
; |ULA_32bits|ULA_8bits:inst6|ULA_1bit:inst21|inst7~0                        ; |ULA_32bits|ULA_8bits:inst6|ULA_1bit:inst21|inst7~0                        ; combout          ;
; |ULA_32bits|ULA_8bits:inst6|ULA_1bit:inst20|inst                           ; |ULA_32bits|ULA_8bits:inst6|ULA_1bit:inst20|inst                           ; combout          ;
; |ULA_32bits|ULA_8bits:inst6|ULA_1bit:inst21|FULL_ADDER_1bit:inst5|inst     ; |ULA_32bits|ULA_8bits:inst6|ULA_1bit:inst21|FULL_ADDER_1bit:inst5|inst     ; combout          ;
; |ULA_32bits|ULA_8bits:inst6|ULA_1bit:inst21|inst7~1                        ; |ULA_32bits|ULA_8bits:inst6|ULA_1bit:inst21|inst7~1                        ; combout          ;
; |ULA_32bits|ULA_8bits:inst6|ULA_1bit:inst20|inst7~1                        ; |ULA_32bits|ULA_8bits:inst6|ULA_1bit:inst20|inst7~1                        ; combout          ;
; |ULA_32bits|ULA_8bits:inst6|ULA_1bit:inst20|inst7~2                        ; |ULA_32bits|ULA_8bits:inst6|ULA_1bit:inst20|inst7~2                        ; combout          ;
; |ULA_32bits|ULA_8bits:inst6|ULA_1bit:inst19|inst7~0                        ; |ULA_32bits|ULA_8bits:inst6|ULA_1bit:inst19|inst7~0                        ; combout          ;
; |ULA_32bits|ULA_8bits:inst6|ULA_1bit:inst19|inst7~1                        ; |ULA_32bits|ULA_8bits:inst6|ULA_1bit:inst19|inst7~1                        ; combout          ;
; |ULA_32bits|ULA_8bits:inst6|ULA_1bit:inst|inst7~1                          ; |ULA_32bits|ULA_8bits:inst6|ULA_1bit:inst|inst7~1                          ; combout          ;
; |ULA_32bits|ULA_8bits:inst6|ULA_1bit:inst|inst7~2                          ; |ULA_32bits|ULA_8bits:inst6|ULA_1bit:inst|inst7~2                          ; combout          ;
; |ULA_32bits|ULA_8bits:inst6|ULA_1bit:inst21|FULL_ADDER_1bit:inst5|inst11~7 ; |ULA_32bits|ULA_8bits:inst6|ULA_1bit:inst21|FULL_ADDER_1bit:inst5|inst11~7 ; combout          ;
; |ULA_32bits|ULA_8bits:inst6|ULA_1bit:inst19|FULL_ADDER_1bit:inst5|inst     ; |ULA_32bits|ULA_8bits:inst6|ULA_1bit:inst19|FULL_ADDER_1bit:inst5|inst     ; combout          ;
; |ULA_32bits|ULA_8bits:inst3|ULA_1bit:inst25|FULL_ADDER_1bit:inst5|inst     ; |ULA_32bits|ULA_8bits:inst3|ULA_1bit:inst25|FULL_ADDER_1bit:inst5|inst     ; combout          ;
; |ULA_32bits|ULA_8bits:inst3|ULA_1bit:inst24|FULL_ADDER_1bit:inst5|inst     ; |ULA_32bits|ULA_8bits:inst3|ULA_1bit:inst24|FULL_ADDER_1bit:inst5|inst     ; combout          ;
; |ULA_32bits|ULA_8bits:inst4|ULA_1bit:inst19|FULL_ADDER_1bit:inst5|inst     ; |ULA_32bits|ULA_8bits:inst4|ULA_1bit:inst19|FULL_ADDER_1bit:inst5|inst     ; combout          ;
; |ULA_32bits|ULA_8bits:inst4|ULA_1bit:inst|FULL_ADDER_1bit:inst5|inst       ; |ULA_32bits|ULA_8bits:inst4|ULA_1bit:inst|FULL_ADDER_1bit:inst5|inst       ; combout          ;
; |ULA_32bits|ULA_8bits:inst5|ULA_1bit:inst24|FULL_ADDER_1bit:inst5|inst     ; |ULA_32bits|ULA_8bits:inst5|ULA_1bit:inst24|FULL_ADDER_1bit:inst5|inst     ; combout          ;
; |ULA_32bits|ULA_8bits:inst5|ULA_1bit:inst21|FULL_ADDER_1bit:inst5|inst     ; |ULA_32bits|ULA_8bits:inst5|ULA_1bit:inst21|FULL_ADDER_1bit:inst5|inst     ; combout          ;
; |ULA_32bits|ULA_8bits:inst5|ULA_1bit:inst19|FULL_ADDER_1bit:inst5|inst     ; |ULA_32bits|ULA_8bits:inst5|ULA_1bit:inst19|FULL_ADDER_1bit:inst5|inst     ; combout          ;
; |ULA_32bits|ULA_8bits:inst6|ULA_1bit:inst24|FULL_ADDER_1bit:inst5|inst     ; |ULA_32bits|ULA_8bits:inst6|ULA_1bit:inst24|FULL_ADDER_1bit:inst5|inst     ; combout          ;
; |ULA_32bits|ULA_8bits:inst6|ULA_1bit:inst23|FULL_ADDER_1bit:inst5|inst     ; |ULA_32bits|ULA_8bits:inst6|ULA_1bit:inst23|FULL_ADDER_1bit:inst5|inst     ; combout          ;
; |ULA_32bits|OUTPUT[31]                                                     ; |ULA_32bits|OUTPUT[31]                                                     ; padio            ;
; |ULA_32bits|OUTPUT[30]                                                     ; |ULA_32bits|OUTPUT[30]                                                     ; padio            ;
; |ULA_32bits|OUTPUT[29]                                                     ; |ULA_32bits|OUTPUT[29]                                                     ; padio            ;
; |ULA_32bits|OUTPUT[28]                                                     ; |ULA_32bits|OUTPUT[28]                                                     ; padio            ;
; |ULA_32bits|OUTPUT[27]                                                     ; |ULA_32bits|OUTPUT[27]                                                     ; padio            ;
; |ULA_32bits|OUTPUT[26]                                                     ; |ULA_32bits|OUTPUT[26]                                                     ; padio            ;
; |ULA_32bits|OUTPUT[24]                                                     ; |ULA_32bits|OUTPUT[24]                                                     ; padio            ;
; |ULA_32bits|OUTPUT[22]                                                     ; |ULA_32bits|OUTPUT[22]                                                     ; padio            ;
; |ULA_32bits|OUTPUT[21]                                                     ; |ULA_32bits|OUTPUT[21]                                                     ; padio            ;
; |ULA_32bits|OUTPUT[20]                                                     ; |ULA_32bits|OUTPUT[20]                                                     ; padio            ;
; |ULA_32bits|OUTPUT[19]                                                     ; |ULA_32bits|OUTPUT[19]                                                     ; padio            ;
; |ULA_32bits|OUTPUT[16]                                                     ; |ULA_32bits|OUTPUT[16]                                                     ; padio            ;
; |ULA_32bits|OUTPUT[14]                                                     ; |ULA_32bits|OUTPUT[14]                                                     ; padio            ;
; |ULA_32bits|OUTPUT[13]                                                     ; |ULA_32bits|OUTPUT[13]                                                     ; padio            ;
; |ULA_32bits|OUTPUT[11]                                                     ; |ULA_32bits|OUTPUT[11]                                                     ; padio            ;
; |ULA_32bits|OUTPUT[7]                                                      ; |ULA_32bits|OUTPUT[7]                                                      ; padio            ;
; |ULA_32bits|OUTPUT[6]                                                      ; |ULA_32bits|OUTPUT[6]                                                      ; padio            ;
; |ULA_32bits|OUTPUT[5]                                                      ; |ULA_32bits|OUTPUT[5]                                                      ; padio            ;
; |ULA_32bits|OUTPUT[4]                                                      ; |ULA_32bits|OUTPUT[4]                                                      ; padio            ;
; |ULA_32bits|OUTPUT[3]                                                      ; |ULA_32bits|OUTPUT[3]                                                      ; padio            ;
; |ULA_32bits|OUTPUT[2]                                                      ; |ULA_32bits|OUTPUT[2]                                                      ; padio            ;
; |ULA_32bits|OUTPUT[1]                                                      ; |ULA_32bits|OUTPUT[1]                                                      ; padio            ;
; |ULA_32bits|OUTPUT[0]                                                      ; |ULA_32bits|OUTPUT[0]                                                      ; padio            ;
; |ULA_32bits|INVA                                                           ; |ULA_32bits|INVA~corein                                                    ; combout          ;
; |ULA_32bits|ENA                                                            ; |ULA_32bits|ENA~corein                                                     ; combout          ;
; |ULA_32bits|ENB                                                            ; |ULA_32bits|ENB~corein                                                     ; combout          ;
; |ULA_32bits|A[7]                                                           ; |ULA_32bits|A[7]~corein                                                    ; combout          ;
; |ULA_32bits|B[7]                                                           ; |ULA_32bits|B[7]~corein                                                    ; combout          ;
; |ULA_32bits|A[6]                                                           ; |ULA_32bits|A[6]~corein                                                    ; combout          ;
; |ULA_32bits|B[6]                                                           ; |ULA_32bits|B[6]~corein                                                    ; combout          ;
; |ULA_32bits|B[5]                                                           ; |ULA_32bits|B[5]~corein                                                    ; combout          ;
; |ULA_32bits|A[5]                                                           ; |ULA_32bits|A[5]~corein                                                    ; combout          ;
; |ULA_32bits|A[4]                                                           ; |ULA_32bits|A[4]~corein                                                    ; combout          ;
; |ULA_32bits|B[4]                                                           ; |ULA_32bits|B[4]~corein                                                    ; combout          ;
; |ULA_32bits|A[3]                                                           ; |ULA_32bits|A[3]~corein                                                    ; combout          ;
; |ULA_32bits|A[2]                                                           ; |ULA_32bits|A[2]~corein                                                    ; combout          ;
; |ULA_32bits|A[1]                                                           ; |ULA_32bits|A[1]~corein                                                    ; combout          ;
; |ULA_32bits|B[1]                                                           ; |ULA_32bits|B[1]~corein                                                    ; combout          ;
; |ULA_32bits|A[0]                                                           ; |ULA_32bits|A[0]~corein                                                    ; combout          ;
; |ULA_32bits|B[0]                                                           ; |ULA_32bits|B[0]~corein                                                    ; combout          ;
; |ULA_32bits|B[2]                                                           ; |ULA_32bits|B[2]~corein                                                    ; combout          ;
+----------------------------------------------------------------------------+----------------------------------------------------------------------------+------------------+


The following table displays output ports that do not toggle to 1 during simulation.
+----------------------------------------------------------------------------------------------------------------------------------------------------------------------------+
; Missing 1-Value Coverage                                                                                                                                                   ;
+----------------------------------------------------------------------------+----------------------------------------------------------------------------+------------------+
; Node Name                                                                  ; Output Port Name                                                           ; Output Port Type ;
+----------------------------------------------------------------------------+----------------------------------------------------------------------------+------------------+
; |ULA_32bits|ULA_8bits:inst4|ULA_1bit:inst19|decoder_2x4:inst4|inst1~0      ; |ULA_32bits|ULA_8bits:inst4|ULA_1bit:inst19|decoder_2x4:inst4|inst1~0      ; combout          ;
; |ULA_32bits|ULA_8bits:inst3|ULA_1bit:inst25|inst                           ; |ULA_32bits|ULA_8bits:inst3|ULA_1bit:inst25|inst                           ; combout          ;
; |ULA_32bits|ULA_8bits:inst3|ULA_1bit:inst24|inst                           ; |ULA_32bits|ULA_8bits:inst3|ULA_1bit:inst24|inst                           ; combout          ;
; |ULA_32bits|ULA_8bits:inst3|ULA_1bit:inst23|inst                           ; |ULA_32bits|ULA_8bits:inst3|ULA_1bit:inst23|inst                           ; combout          ;
; |ULA_32bits|ULA_8bits:inst3|ULA_1bit:inst23|inst1                          ; |ULA_32bits|ULA_8bits:inst3|ULA_1bit:inst23|inst1                          ; combout          ;
; |ULA_32bits|ULA_8bits:inst3|ULA_1bit:inst23|FULL_ADDER_1bit:inst5|inst9    ; |ULA_32bits|ULA_8bits:inst3|ULA_1bit:inst23|FULL_ADDER_1bit:inst5|inst9    ; combout          ;
; |ULA_32bits|ULA_8bits:inst3|ULA_1bit:inst23|FULL_ADDER_1bit:inst5|inst10~0 ; |ULA_32bits|ULA_8bits:inst3|ULA_1bit:inst23|FULL_ADDER_1bit:inst5|inst10~0 ; combout          ;
; |ULA_32bits|ULA_8bits:inst3|ULA_1bit:inst22|FULL_ADDER_1bit:inst5|inst9    ; |ULA_32bits|ULA_8bits:inst3|ULA_1bit:inst22|FULL_ADDER_1bit:inst5|inst9    ; combout          ;
; |ULA_32bits|ULA_8bits:inst3|ULA_1bit:inst21|inst                           ; |ULA_32bits|ULA_8bits:inst3|ULA_1bit:inst21|inst                           ; combout          ;
; |ULA_32bits|ULA_8bits:inst3|ULA_1bit:inst20|inst                           ; |ULA_32bits|ULA_8bits:inst3|ULA_1bit:inst20|inst                           ; combout          ;
; |ULA_32bits|ULA_8bits:inst3|ULA_1bit:inst19|FULL_ADDER_1bit:inst5|inst9    ; |ULA_32bits|ULA_8bits:inst3|ULA_1bit:inst19|FULL_ADDER_1bit:inst5|inst9    ; combout          ;
; |ULA_32bits|ULA_8bits:inst3|ULA_1bit:inst19|FULL_ADDER_1bit:inst5|inst10~0 ; |ULA_32bits|ULA_8bits:inst3|ULA_1bit:inst19|FULL_ADDER_1bit:inst5|inst10~0 ; combout          ;
; |ULA_32bits|ULA_8bits:inst3|ULA_1bit:inst|FULL_ADDER_1bit:inst5|inst9      ; |ULA_32bits|ULA_8bits:inst3|ULA_1bit:inst|FULL_ADDER_1bit:inst5|inst9      ; combout          ;
; |ULA_32bits|ULA_8bits:inst3|ULA_1bit:inst|FULL_ADDER_1bit:inst5|inst10~0   ; |ULA_32bits|ULA_8bits:inst3|ULA_1bit:inst|FULL_ADDER_1bit:inst5|inst10~0   ; combout          ;
; |ULA_32bits|ULA_8bits:inst4|ULA_1bit:inst25|inst                           ; |ULA_32bits|ULA_8bits:inst4|ULA_1bit:inst25|inst                           ; combout          ;
; |ULA_32bits|ULA_8bits:inst4|ULA_1bit:inst25|inst1                          ; |ULA_32bits|ULA_8bits:inst4|ULA_1bit:inst25|inst1                          ; combout          ;
; |ULA_32bits|ULA_8bits:inst4|ULA_1bit:inst25|FULL_ADDER_1bit:inst5|inst9    ; |ULA_32bits|ULA_8bits:inst4|ULA_1bit:inst25|FULL_ADDER_1bit:inst5|inst9    ; combout          ;
; |ULA_32bits|ULA_8bits:inst4|ULA_1bit:inst24|inst                           ; |ULA_32bits|ULA_8bits:inst4|ULA_1bit:inst24|inst                           ; combout          ;
; |ULA_32bits|ULA_8bits:inst4|ULA_1bit:inst23|inst                           ; |ULA_32bits|ULA_8bits:inst4|ULA_1bit:inst23|inst                           ; combout          ;
; |ULA_32bits|ULA_8bits:inst4|ULA_1bit:inst22|inst                           ; |ULA_32bits|ULA_8bits:inst4|ULA_1bit:inst22|inst                           ; combout          ;
; |ULA_32bits|ULA_8bits:inst4|ULA_1bit:inst21|inst                           ; |ULA_32bits|ULA_8bits:inst4|ULA_1bit:inst21|inst                           ; combout          ;
; |ULA_32bits|ULA_8bits:inst4|ULA_1bit:inst20|FULL_ADDER_1bit:inst5|inst9    ; |ULA_32bits|ULA_8bits:inst4|ULA_1bit:inst20|FULL_ADDER_1bit:inst5|inst9    ; combout          ;
; |ULA_32bits|ULA_8bits:inst4|ULA_1bit:inst19|inst                           ; |ULA_32bits|ULA_8bits:inst4|ULA_1bit:inst19|inst                           ; combout          ;
; |ULA_32bits|ULA_8bits:inst4|ULA_1bit:inst|inst                             ; |ULA_32bits|ULA_8bits:inst4|ULA_1bit:inst|inst                             ; combout          ;
; |ULA_32bits|ULA_8bits:inst5|ULA_1bit:inst25|inst                           ; |ULA_32bits|ULA_8bits:inst5|ULA_1bit:inst25|inst                           ; combout          ;
; |ULA_32bits|ULA_8bits:inst5|ULA_1bit:inst24|FULL_ADDER_1bit:inst5|inst9    ; |ULA_32bits|ULA_8bits:inst5|ULA_1bit:inst24|FULL_ADDER_1bit:inst5|inst9    ; combout          ;
; |ULA_32bits|ULA_8bits:inst5|ULA_1bit:inst24|FULL_ADDER_1bit:inst5|inst10~0 ; |ULA_32bits|ULA_8bits:inst5|ULA_1bit:inst24|FULL_ADDER_1bit:inst5|inst10~0 ; combout          ;
; |ULA_32bits|ULA_8bits:inst5|ULA_1bit:inst23|FULL_ADDER_1bit:inst5|inst9    ; |ULA_32bits|ULA_8bits:inst5|ULA_1bit:inst23|FULL_ADDER_1bit:inst5|inst9    ; combout          ;
; |ULA_32bits|ULA_8bits:inst5|ULA_1bit:inst23|FULL_ADDER_1bit:inst5|inst10~0 ; |ULA_32bits|ULA_8bits:inst5|ULA_1bit:inst23|FULL_ADDER_1bit:inst5|inst10~0 ; combout          ;
; |ULA_32bits|ULA_8bits:inst5|ULA_1bit:inst22|FULL_ADDER_1bit:inst5|inst9    ; |ULA_32bits|ULA_8bits:inst5|ULA_1bit:inst22|FULL_ADDER_1bit:inst5|inst9    ; combout          ;
; |ULA_32bits|ULA_8bits:inst5|ULA_1bit:inst21|inst                           ; |ULA_32bits|ULA_8bits:inst5|ULA_1bit:inst21|inst                           ; combout          ;
; |ULA_32bits|ULA_8bits:inst5|ULA_1bit:inst20|inst                           ; |ULA_32bits|ULA_8bits:inst5|ULA_1bit:inst20|inst                           ; combout          ;
; |ULA_32bits|ULA_8bits:inst5|ULA_1bit:inst19|inst                           ; |ULA_32bits|ULA_8bits:inst5|ULA_1bit:inst19|inst                           ; combout          ;
; |ULA_32bits|ULA_8bits:inst5|ULA_1bit:inst|inst                             ; |ULA_32bits|ULA_8bits:inst5|ULA_1bit:inst|inst                             ; combout          ;
; |ULA_32bits|ULA_8bits:inst6|ULA_1bit:inst24|FULL_ADDER_1bit:inst5|inst10~0 ; |ULA_32bits|ULA_8bits:inst6|ULA_1bit:inst24|FULL_ADDER_1bit:inst5|inst10~0 ; combout          ;
; |ULA_32bits|ULA_8bits:inst6|ULA_1bit:inst24|FULL_ADDER_1bit:inst5|inst9    ; |ULA_32bits|ULA_8bits:inst6|ULA_1bit:inst24|FULL_ADDER_1bit:inst5|inst9    ; combout          ;
; |ULA_32bits|ULA_8bits:inst6|ULA_1bit:inst23|FULL_ADDER_1bit:inst5|inst9    ; |ULA_32bits|ULA_8bits:inst6|ULA_1bit:inst23|FULL_ADDER_1bit:inst5|inst9    ; combout          ;
; |ULA_32bits|ULA_8bits:inst6|ULA_1bit:inst23|FULL_ADDER_1bit:inst5|inst10~0 ; |ULA_32bits|ULA_8bits:inst6|ULA_1bit:inst23|FULL_ADDER_1bit:inst5|inst10~0 ; combout          ;
; |ULA_32bits|ULA_8bits:inst6|ULA_1bit:inst21|FULL_ADDER_1bit:inst5|inst10~0 ; |ULA_32bits|ULA_8bits:inst6|ULA_1bit:inst21|FULL_ADDER_1bit:inst5|inst10~0 ; combout          ;
; |ULA_32bits|ULA_8bits:inst6|ULA_1bit:inst19|FULL_ADDER_1bit:inst5|inst10~0 ; |ULA_32bits|ULA_8bits:inst6|ULA_1bit:inst19|FULL_ADDER_1bit:inst5|inst10~0 ; combout          ;
; |ULA_32bits|ULA_8bits:inst6|ULA_1bit:inst21|FULL_ADDER_1bit:inst5|inst11~4 ; |ULA_32bits|ULA_8bits:inst6|ULA_1bit:inst21|FULL_ADDER_1bit:inst5|inst11~4 ; combout          ;
; |ULA_32bits|ULA_8bits:inst6|ULA_1bit:inst21|FULL_ADDER_1bit:inst5|inst11~5 ; |ULA_32bits|ULA_8bits:inst6|ULA_1bit:inst21|FULL_ADDER_1bit:inst5|inst11~5 ; combout          ;
; |ULA_32bits|ULA_8bits:inst6|ULA_1bit:inst21|FULL_ADDER_1bit:inst5|inst11~6 ; |ULA_32bits|ULA_8bits:inst6|ULA_1bit:inst21|FULL_ADDER_1bit:inst5|inst11~6 ; combout          ;
; |ULA_32bits|ULA_8bits:inst6|ULA_1bit:inst22|FULL_ADDER_1bit:inst5|inst11   ; |ULA_32bits|ULA_8bits:inst6|ULA_1bit:inst22|FULL_ADDER_1bit:inst5|inst11   ; combout          ;
; |ULA_32bits|ULA_8bits:inst6|ULA_1bit:inst25|FULL_ADDER_1bit:inst5|inst11~0 ; |ULA_32bits|ULA_8bits:inst6|ULA_1bit:inst25|FULL_ADDER_1bit:inst5|inst11~0 ; combout          ;
; |ULA_32bits|ULA_8bits:inst6|ULA_1bit:inst25|FULL_ADDER_1bit:inst5|inst11~1 ; |ULA_32bits|ULA_8bits:inst6|ULA_1bit:inst25|FULL_ADDER_1bit:inst5|inst11~1 ; combout          ;
; |ULA_32bits|ULA_8bits:inst6|ULA_1bit:inst25|FULL_ADDER_1bit:inst5|inst11~2 ; |ULA_32bits|ULA_8bits:inst6|ULA_1bit:inst25|FULL_ADDER_1bit:inst5|inst11~2 ; combout          ;
; |ULA_32bits|ULA_8bits:inst5|ULA_1bit:inst|FULL_ADDER_1bit:inst5|inst11     ; |ULA_32bits|ULA_8bits:inst5|ULA_1bit:inst|FULL_ADDER_1bit:inst5|inst11     ; combout          ;
; |ULA_32bits|ULA_8bits:inst5|ULA_1bit:inst19|FULL_ADDER_1bit:inst5|inst11   ; |ULA_32bits|ULA_8bits:inst5|ULA_1bit:inst19|FULL_ADDER_1bit:inst5|inst11   ; combout          ;
; |ULA_32bits|ULA_8bits:inst5|ULA_1bit:inst20|FULL_ADDER_1bit:inst5|inst11   ; |ULA_32bits|ULA_8bits:inst5|ULA_1bit:inst20|FULL_ADDER_1bit:inst5|inst11   ; combout          ;
; |ULA_32bits|ULA_8bits:inst5|ULA_1bit:inst21|FULL_ADDER_1bit:inst5|inst11   ; |ULA_32bits|ULA_8bits:inst5|ULA_1bit:inst21|FULL_ADDER_1bit:inst5|inst11   ; combout          ;
; |ULA_32bits|ULA_8bits:inst5|ULA_1bit:inst22|FULL_ADDER_1bit:inst5|inst10~0 ; |ULA_32bits|ULA_8bits:inst5|ULA_1bit:inst22|FULL_ADDER_1bit:inst5|inst10~0 ; combout          ;
; |ULA_32bits|ULA_8bits:inst5|ULA_1bit:inst23|FULL_ADDER_1bit:inst5|inst10   ; |ULA_32bits|ULA_8bits:inst5|ULA_1bit:inst23|FULL_ADDER_1bit:inst5|inst10   ; combout          ;
; |ULA_32bits|ULA_8bits:inst5|ULA_1bit:inst24|FULL_ADDER_1bit:inst5|inst11   ; |ULA_32bits|ULA_8bits:inst5|ULA_1bit:inst24|FULL_ADDER_1bit:inst5|inst11   ; combout          ;
; |ULA_32bits|ULA_8bits:inst5|ULA_1bit:inst25|FULL_ADDER_1bit:inst5|inst11   ; |ULA_32bits|ULA_8bits:inst5|ULA_1bit:inst25|FULL_ADDER_1bit:inst5|inst11   ; combout          ;
; |ULA_32bits|ULA_8bits:inst4|ULA_1bit:inst|FULL_ADDER_1bit:inst5|inst11     ; |ULA_32bits|ULA_8bits:inst4|ULA_1bit:inst|FULL_ADDER_1bit:inst5|inst11     ; combout          ;
; |ULA_32bits|ULA_8bits:inst4|ULA_1bit:inst20|FULL_ADDER_1bit:inst5|inst10~0 ; |ULA_32bits|ULA_8bits:inst4|ULA_1bit:inst20|FULL_ADDER_1bit:inst5|inst10~0 ; combout          ;
; |ULA_32bits|ULA_8bits:inst4|ULA_1bit:inst20|FULL_ADDER_1bit:inst5|inst10~1 ; |ULA_32bits|ULA_8bits:inst4|ULA_1bit:inst20|FULL_ADDER_1bit:inst5|inst10~1 ; combout          ;
; |ULA_32bits|ULA_8bits:inst4|ULA_1bit:inst21|FULL_ADDER_1bit:inst5|inst11~0 ; |ULA_32bits|ULA_8bits:inst4|ULA_1bit:inst21|FULL_ADDER_1bit:inst5|inst11~0 ; combout          ;
; |ULA_32bits|ULA_8bits:inst4|ULA_1bit:inst21|FULL_ADDER_1bit:inst5|inst11~1 ; |ULA_32bits|ULA_8bits:inst4|ULA_1bit:inst21|FULL_ADDER_1bit:inst5|inst11~1 ; combout          ;
; |ULA_32bits|ULA_8bits:inst4|ULA_1bit:inst22|FULL_ADDER_1bit:inst5|inst11   ; |ULA_32bits|ULA_8bits:inst4|ULA_1bit:inst22|FULL_ADDER_1bit:inst5|inst11   ; combout          ;
; |ULA_32bits|ULA_8bits:inst4|ULA_1bit:inst23|FULL_ADDER_1bit:inst5|inst11   ; |ULA_32bits|ULA_8bits:inst4|ULA_1bit:inst23|FULL_ADDER_1bit:inst5|inst11   ; combout          ;
; |ULA_32bits|ULA_8bits:inst4|ULA_1bit:inst24|FULL_ADDER_1bit:inst5|inst11   ; |ULA_32bits|ULA_8bits:inst4|ULA_1bit:inst24|FULL_ADDER_1bit:inst5|inst11   ; combout          ;
; |ULA_32bits|ULA_8bits:inst4|ULA_1bit:inst25|FULL_ADDER_1bit:inst5|inst10~0 ; |ULA_32bits|ULA_8bits:inst4|ULA_1bit:inst25|FULL_ADDER_1bit:inst5|inst10~0 ; combout          ;
; |ULA_32bits|ULA_8bits:inst3|ULA_1bit:inst|FULL_ADDER_1bit:inst5|inst10     ; |ULA_32bits|ULA_8bits:inst3|ULA_1bit:inst|FULL_ADDER_1bit:inst5|inst10     ; combout          ;
; |ULA_32bits|ULA_8bits:inst3|ULA_1bit:inst19|FULL_ADDER_1bit:inst5|inst11   ; |ULA_32bits|ULA_8bits:inst3|ULA_1bit:inst19|FULL_ADDER_1bit:inst5|inst11   ; combout          ;
; |ULA_32bits|ULA_8bits:inst3|ULA_1bit:inst20|FULL_ADDER_1bit:inst5|inst11   ; |ULA_32bits|ULA_8bits:inst3|ULA_1bit:inst20|FULL_ADDER_1bit:inst5|inst11   ; combout          ;
; |ULA_32bits|ULA_8bits:inst3|ULA_1bit:inst21|FULL_ADDER_1bit:inst5|inst11   ; |ULA_32bits|ULA_8bits:inst3|ULA_1bit:inst21|FULL_ADDER_1bit:inst5|inst11   ; combout          ;
; |ULA_32bits|ULA_8bits:inst3|ULA_1bit:inst22|FULL_ADDER_1bit:inst5|inst10~0 ; |ULA_32bits|ULA_8bits:inst3|ULA_1bit:inst22|FULL_ADDER_1bit:inst5|inst10~0 ; combout          ;
; |ULA_32bits|ULA_8bits:inst3|ULA_1bit:inst23|FULL_ADDER_1bit:inst5|inst10   ; |ULA_32bits|ULA_8bits:inst3|ULA_1bit:inst23|FULL_ADDER_1bit:inst5|inst10   ; combout          ;
; |ULA_32bits|ULA_8bits:inst3|ULA_1bit:inst24|FULL_ADDER_1bit:inst5|inst11~0 ; |ULA_32bits|ULA_8bits:inst3|ULA_1bit:inst24|FULL_ADDER_1bit:inst5|inst11~0 ; combout          ;
; |ULA_32bits|ULA_8bits:inst3|ULA_1bit:inst24|FULL_ADDER_1bit:inst5|inst11~1 ; |ULA_32bits|ULA_8bits:inst3|ULA_1bit:inst24|FULL_ADDER_1bit:inst5|inst11~1 ; combout          ;
; |ULA_32bits|ULA_8bits:inst3|ULA_1bit:inst25|FULL_ADDER_1bit:inst5|inst11   ; |ULA_32bits|ULA_8bits:inst3|ULA_1bit:inst25|FULL_ADDER_1bit:inst5|inst11   ; combout          ;
; |ULA_32bits|ULA_8bits:inst3|ULA_1bit:inst23|FULL_ADDER_1bit:inst5|inst11   ; |ULA_32bits|ULA_8bits:inst3|ULA_1bit:inst23|FULL_ADDER_1bit:inst5|inst11   ; combout          ;
; |ULA_32bits|ULA_8bits:inst3|ULA_1bit:inst22|FULL_ADDER_1bit:inst5|inst11   ; |ULA_32bits|ULA_8bits:inst3|ULA_1bit:inst22|FULL_ADDER_1bit:inst5|inst11   ; combout          ;
; |ULA_32bits|ULA_8bits:inst3|ULA_1bit:inst22|inst                           ; |ULA_32bits|ULA_8bits:inst3|ULA_1bit:inst22|inst                           ; combout          ;
; |ULA_32bits|ULA_8bits:inst3|ULA_1bit:inst21|FULL_ADDER_1bit:inst5|inst8    ; |ULA_32bits|ULA_8bits:inst3|ULA_1bit:inst21|FULL_ADDER_1bit:inst5|inst8    ; combout          ;
; |ULA_32bits|ULA_8bits:inst3|ULA_1bit:inst19|inst                           ; |ULA_32bits|ULA_8bits:inst3|ULA_1bit:inst19|inst                           ; combout          ;
; |ULA_32bits|ULA_8bits:inst3|ULA_1bit:inst|FULL_ADDER_1bit:inst5|inst11     ; |ULA_32bits|ULA_8bits:inst3|ULA_1bit:inst|FULL_ADDER_1bit:inst5|inst11     ; combout          ;
; |ULA_32bits|ULA_8bits:inst3|ULA_1bit:inst19|FULL_ADDER_1bit:inst5|inst8    ; |ULA_32bits|ULA_8bits:inst3|ULA_1bit:inst19|FULL_ADDER_1bit:inst5|inst8    ; combout          ;
; |ULA_32bits|ULA_8bits:inst3|ULA_1bit:inst|inst                             ; |ULA_32bits|ULA_8bits:inst3|ULA_1bit:inst|inst                             ; combout          ;
; |ULA_32bits|ULA_8bits:inst4|ULA_1bit:inst25|FULL_ADDER_1bit:inst5|inst11   ; |ULA_32bits|ULA_8bits:inst4|ULA_1bit:inst25|FULL_ADDER_1bit:inst5|inst11   ; combout          ;
; |ULA_32bits|ULA_8bits:inst4|ULA_1bit:inst24|FULL_ADDER_1bit:inst5|inst8    ; |ULA_32bits|ULA_8bits:inst4|ULA_1bit:inst24|FULL_ADDER_1bit:inst5|inst8    ; combout          ;
; |ULA_32bits|ULA_8bits:inst4|ULA_1bit:inst23|FULL_ADDER_1bit:inst5|inst8    ; |ULA_32bits|ULA_8bits:inst4|ULA_1bit:inst23|FULL_ADDER_1bit:inst5|inst8    ; combout          ;
; |ULA_32bits|ULA_8bits:inst4|ULA_1bit:inst22|FULL_ADDER_1bit:inst5|inst8    ; |ULA_32bits|ULA_8bits:inst4|ULA_1bit:inst22|FULL_ADDER_1bit:inst5|inst8    ; combout          ;
; |ULA_32bits|ULA_8bits:inst4|ULA_1bit:inst20|FULL_ADDER_1bit:inst5|inst11   ; |ULA_32bits|ULA_8bits:inst4|ULA_1bit:inst20|FULL_ADDER_1bit:inst5|inst11   ; combout          ;
; |ULA_32bits|ULA_8bits:inst4|ULA_1bit:inst20|inst                           ; |ULA_32bits|ULA_8bits:inst4|ULA_1bit:inst20|inst                           ; combout          ;
; |ULA_32bits|ULA_8bits:inst4|ULA_1bit:inst19|FULL_ADDER_1bit:inst5|inst11   ; |ULA_32bits|ULA_8bits:inst4|ULA_1bit:inst19|FULL_ADDER_1bit:inst5|inst11   ; combout          ;
; |ULA_32bits|ULA_8bits:inst5|ULA_1bit:inst25|inst7~0                        ; |ULA_32bits|ULA_8bits:inst5|ULA_1bit:inst25|inst7~0                        ; combout          ;
; |ULA_32bits|ULA_8bits:inst5|ULA_1bit:inst24|inst                           ; |ULA_32bits|ULA_8bits:inst5|ULA_1bit:inst24|inst                           ; combout          ;
; |ULA_32bits|ULA_8bits:inst5|ULA_1bit:inst23|FULL_ADDER_1bit:inst5|inst11   ; |ULA_32bits|ULA_8bits:inst5|ULA_1bit:inst23|FULL_ADDER_1bit:inst5|inst11   ; combout          ;
; |ULA_32bits|ULA_8bits:inst5|ULA_1bit:inst23|inst                           ; |ULA_32bits|ULA_8bits:inst5|ULA_1bit:inst23|inst                           ; combout          ;
; |ULA_32bits|ULA_8bits:inst5|ULA_1bit:inst22|FULL_ADDER_1bit:inst5|inst11   ; |ULA_32bits|ULA_8bits:inst5|ULA_1bit:inst22|FULL_ADDER_1bit:inst5|inst11   ; combout          ;
; |ULA_32bits|ULA_8bits:inst5|ULA_1bit:inst22|inst                           ; |ULA_32bits|ULA_8bits:inst5|ULA_1bit:inst22|inst                           ; combout          ;
; |ULA_32bits|ULA_8bits:inst5|ULA_1bit:inst20|inst7~0                        ; |ULA_32bits|ULA_8bits:inst5|ULA_1bit:inst20|inst7~0                        ; combout          ;
; |ULA_32bits|ULA_8bits:inst6|ULA_1bit:inst24|FULL_ADDER_1bit:inst5|inst10   ; |ULA_32bits|ULA_8bits:inst6|ULA_1bit:inst24|FULL_ADDER_1bit:inst5|inst10   ; combout          ;
; |ULA_32bits|ULA_8bits:inst6|ULA_1bit:inst24|FULL_ADDER_1bit:inst5|inst11   ; |ULA_32bits|ULA_8bits:inst6|ULA_1bit:inst24|FULL_ADDER_1bit:inst5|inst11   ; combout          ;
; |ULA_32bits|ULA_8bits:inst6|ULA_1bit:inst25|inst7~0                        ; |ULA_32bits|ULA_8bits:inst6|ULA_1bit:inst25|inst7~0                        ; combout          ;
; |ULA_32bits|ULA_8bits:inst6|ULA_1bit:inst23|FULL_ADDER_1bit:inst5|inst11   ; |ULA_32bits|ULA_8bits:inst6|ULA_1bit:inst23|FULL_ADDER_1bit:inst5|inst11   ; combout          ;
; |ULA_32bits|ULA_8bits:inst6|ULA_1bit:inst20|FULL_ADDER_1bit:inst5|inst11   ; |ULA_32bits|ULA_8bits:inst6|ULA_1bit:inst20|FULL_ADDER_1bit:inst5|inst11   ; combout          ;
; |ULA_32bits|ULA_8bits:inst6|ULA_1bit:inst20|inst7~0                        ; |ULA_32bits|ULA_8bits:inst6|ULA_1bit:inst20|inst7~0                        ; combout          ;
; |ULA_32bits|ULA_8bits:inst6|ULA_1bit:inst|inst7~0                          ; |ULA_32bits|ULA_8bits:inst6|ULA_1bit:inst|inst7~0                          ; combout          ;
; |ULA_32bits|ULA_8bits:inst6|ULA_1bit:inst19|FULL_ADDER_1bit:inst5|inst9    ; |ULA_32bits|ULA_8bits:inst6|ULA_1bit:inst19|FULL_ADDER_1bit:inst5|inst9    ; combout          ;
; |ULA_32bits|COUT                                                           ; |ULA_32bits|COUT                                                           ; padio            ;
; |ULA_32bits|F1                                                             ; |ULA_32bits|F1~corein                                                      ; combout          ;
; |ULA_32bits|A[31]                                                          ; |ULA_32bits|A[31]~corein                                                   ; combout          ;
; |ULA_32bits|B[31]                                                          ; |ULA_32bits|B[31]~corein                                                   ; combout          ;
; |ULA_32bits|A[30]                                                          ; |ULA_32bits|A[30]~corein                                                   ; combout          ;
; |ULA_32bits|B[30]                                                          ; |ULA_32bits|B[30]~corein                                                   ; combout          ;
; |ULA_32bits|B[29]                                                          ; |ULA_32bits|B[29]~corein                                                   ; combout          ;
; |ULA_32bits|A[29]                                                          ; |ULA_32bits|A[29]~corein                                                   ; combout          ;
; |ULA_32bits|A[28]                                                          ; |ULA_32bits|A[28]~corein                                                   ; combout          ;
; |ULA_32bits|B[28]                                                          ; |ULA_32bits|B[28]~corein                                                   ; combout          ;
; |ULA_32bits|A[27]                                                          ; |ULA_32bits|A[27]~corein                                                   ; combout          ;
; |ULA_32bits|B[27]                                                          ; |ULA_32bits|B[27]~corein                                                   ; combout          ;
; |ULA_32bits|A[26]                                                          ; |ULA_32bits|A[26]~corein                                                   ; combout          ;
; |ULA_32bits|B[26]                                                          ; |ULA_32bits|B[26]~corein                                                   ; combout          ;
; |ULA_32bits|A[25]                                                          ; |ULA_32bits|A[25]~corein                                                   ; combout          ;
; |ULA_32bits|B[25]                                                          ; |ULA_32bits|B[25]~corein                                                   ; combout          ;
; |ULA_32bits|A[24]                                                          ; |ULA_32bits|A[24]~corein                                                   ; combout          ;
; |ULA_32bits|B[24]                                                          ; |ULA_32bits|B[24]~corein                                                   ; combout          ;
; |ULA_32bits|B[23]                                                          ; |ULA_32bits|B[23]~corein                                                   ; combout          ;
; |ULA_32bits|A[23]                                                          ; |ULA_32bits|A[23]~corein                                                   ; combout          ;
; |ULA_32bits|A[22]                                                          ; |ULA_32bits|A[22]~corein                                                   ; combout          ;
; |ULA_32bits|B[22]                                                          ; |ULA_32bits|B[22]~corein                                                   ; combout          ;
; |ULA_32bits|A[21]                                                          ; |ULA_32bits|A[21]~corein                                                   ; combout          ;
; |ULA_32bits|B[21]                                                          ; |ULA_32bits|B[21]~corein                                                   ; combout          ;
; |ULA_32bits|A[20]                                                          ; |ULA_32bits|A[20]~corein                                                   ; combout          ;
; |ULA_32bits|B[20]                                                          ; |ULA_32bits|B[20]~corein                                                   ; combout          ;
; |ULA_32bits|A[19]                                                          ; |ULA_32bits|A[19]~corein                                                   ; combout          ;
; |ULA_32bits|B[19]                                                          ; |ULA_32bits|B[19]~corein                                                   ; combout          ;
; |ULA_32bits|A[18]                                                          ; |ULA_32bits|A[18]~corein                                                   ; combout          ;
; |ULA_32bits|B[18]                                                          ; |ULA_32bits|B[18]~corein                                                   ; combout          ;
; |ULA_32bits|A[17]                                                          ; |ULA_32bits|A[17]~corein                                                   ; combout          ;
; |ULA_32bits|B[17]                                                          ; |ULA_32bits|B[17]~corein                                                   ; combout          ;
; |ULA_32bits|A[16]                                                          ; |ULA_32bits|A[16]~corein                                                   ; combout          ;
; |ULA_32bits|B[16]                                                          ; |ULA_32bits|B[16]~corein                                                   ; combout          ;
; |ULA_32bits|A[15]                                                          ; |ULA_32bits|A[15]~corein                                                   ; combout          ;
; |ULA_32bits|B[15]                                                          ; |ULA_32bits|B[15]~corein                                                   ; combout          ;
; |ULA_32bits|A[14]                                                          ; |ULA_32bits|A[14]~corein                                                   ; combout          ;
; |ULA_32bits|B[14]                                                          ; |ULA_32bits|B[14]~corein                                                   ; combout          ;
; |ULA_32bits|A[13]                                                          ; |ULA_32bits|A[13]~corein                                                   ; combout          ;
; |ULA_32bits|B[13]                                                          ; |ULA_32bits|B[13]~corein                                                   ; combout          ;
; |ULA_32bits|A[12]                                                          ; |ULA_32bits|A[12]~corein                                                   ; combout          ;
; |ULA_32bits|B[12]                                                          ; |ULA_32bits|B[12]~corein                                                   ; combout          ;
; |ULA_32bits|A[11]                                                          ; |ULA_32bits|A[11]~corein                                                   ; combout          ;
; |ULA_32bits|B[11]                                                          ; |ULA_32bits|B[11]~corein                                                   ; combout          ;
; |ULA_32bits|A[10]                                                          ; |ULA_32bits|A[10]~corein                                                   ; combout          ;
; |ULA_32bits|B[10]                                                          ; |ULA_32bits|B[10]~corein                                                   ; combout          ;
; |ULA_32bits|A[9]                                                           ; |ULA_32bits|A[9]~corein                                                    ; combout          ;
; |ULA_32bits|B[9]                                                           ; |ULA_32bits|B[9]~corein                                                    ; combout          ;
; |ULA_32bits|A[8]                                                           ; |ULA_32bits|A[8]~corein                                                    ; combout          ;
; |ULA_32bits|B[8]                                                           ; |ULA_32bits|B[8]~corein                                                    ; combout          ;
; |ULA_32bits|CIN                                                            ; |ULA_32bits|CIN~corein                                                     ; combout          ;
+----------------------------------------------------------------------------+----------------------------------------------------------------------------+------------------+


The following table displays output ports that do not toggle to 0 during simulation.
+----------------------------------------------------------------------------------------------------------------------------------------------------------------------------+
; Missing 0-Value Coverage                                                                                                                                                   ;
+----------------------------------------------------------------------------+----------------------------------------------------------------------------+------------------+
; Node Name                                                                  ; Output Port Name                                                           ; Output Port Type ;
+----------------------------------------------------------------------------+----------------------------------------------------------------------------+------------------+
; |ULA_32bits|ULA_8bits:inst4|ULA_1bit:inst19|decoder_2x4:inst4|inst1~0      ; |ULA_32bits|ULA_8bits:inst4|ULA_1bit:inst19|decoder_2x4:inst4|inst1~0      ; combout          ;
; |ULA_32bits|ULA_8bits:inst3|ULA_1bit:inst25|inst                           ; |ULA_32bits|ULA_8bits:inst3|ULA_1bit:inst25|inst                           ; combout          ;
; |ULA_32bits|ULA_8bits:inst3|ULA_1bit:inst24|inst                           ; |ULA_32bits|ULA_8bits:inst3|ULA_1bit:inst24|inst                           ; combout          ;
; |ULA_32bits|ULA_8bits:inst3|ULA_1bit:inst23|inst                           ; |ULA_32bits|ULA_8bits:inst3|ULA_1bit:inst23|inst                           ; combout          ;
; |ULA_32bits|ULA_8bits:inst3|ULA_1bit:inst23|inst1                          ; |ULA_32bits|ULA_8bits:inst3|ULA_1bit:inst23|inst1                          ; combout          ;
; |ULA_32bits|ULA_8bits:inst3|ULA_1bit:inst23|FULL_ADDER_1bit:inst5|inst9    ; |ULA_32bits|ULA_8bits:inst3|ULA_1bit:inst23|FULL_ADDER_1bit:inst5|inst9    ; combout          ;
; |ULA_32bits|ULA_8bits:inst3|ULA_1bit:inst23|FULL_ADDER_1bit:inst5|inst10~0 ; |ULA_32bits|ULA_8bits:inst3|ULA_1bit:inst23|FULL_ADDER_1bit:inst5|inst10~0 ; combout          ;
; |ULA_32bits|ULA_8bits:inst3|ULA_1bit:inst22|FULL_ADDER_1bit:inst5|inst9    ; |ULA_32bits|ULA_8bits:inst3|ULA_1bit:inst22|FULL_ADDER_1bit:inst5|inst9    ; combout          ;
; |ULA_32bits|ULA_8bits:inst3|ULA_1bit:inst21|inst                           ; |ULA_32bits|ULA_8bits:inst3|ULA_1bit:inst21|inst                           ; combout          ;
; |ULA_32bits|ULA_8bits:inst3|ULA_1bit:inst20|inst                           ; |ULA_32bits|ULA_8bits:inst3|ULA_1bit:inst20|inst                           ; combout          ;
; |ULA_32bits|ULA_8bits:inst3|ULA_1bit:inst19|FULL_ADDER_1bit:inst5|inst9    ; |ULA_32bits|ULA_8bits:inst3|ULA_1bit:inst19|FULL_ADDER_1bit:inst5|inst9    ; combout          ;
; |ULA_32bits|ULA_8bits:inst3|ULA_1bit:inst19|FULL_ADDER_1bit:inst5|inst10~0 ; |ULA_32bits|ULA_8bits:inst3|ULA_1bit:inst19|FULL_ADDER_1bit:inst5|inst10~0 ; combout          ;
; |ULA_32bits|ULA_8bits:inst3|ULA_1bit:inst|FULL_ADDER_1bit:inst5|inst9      ; |ULA_32bits|ULA_8bits:inst3|ULA_1bit:inst|FULL_ADDER_1bit:inst5|inst9      ; combout          ;
; |ULA_32bits|ULA_8bits:inst3|ULA_1bit:inst|FULL_ADDER_1bit:inst5|inst10~0   ; |ULA_32bits|ULA_8bits:inst3|ULA_1bit:inst|FULL_ADDER_1bit:inst5|inst10~0   ; combout          ;
; |ULA_32bits|ULA_8bits:inst4|ULA_1bit:inst25|inst                           ; |ULA_32bits|ULA_8bits:inst4|ULA_1bit:inst25|inst                           ; combout          ;
; |ULA_32bits|ULA_8bits:inst4|ULA_1bit:inst25|inst1                          ; |ULA_32bits|ULA_8bits:inst4|ULA_1bit:inst25|inst1                          ; combout          ;
; |ULA_32bits|ULA_8bits:inst4|ULA_1bit:inst25|FULL_ADDER_1bit:inst5|inst9    ; |ULA_32bits|ULA_8bits:inst4|ULA_1bit:inst25|FULL_ADDER_1bit:inst5|inst9    ; combout          ;
; |ULA_32bits|ULA_8bits:inst4|ULA_1bit:inst24|inst                           ; |ULA_32bits|ULA_8bits:inst4|ULA_1bit:inst24|inst                           ; combout          ;
; |ULA_32bits|ULA_8bits:inst4|ULA_1bit:inst23|inst                           ; |ULA_32bits|ULA_8bits:inst4|ULA_1bit:inst23|inst                           ; combout          ;
; |ULA_32bits|ULA_8bits:inst4|ULA_1bit:inst22|inst                           ; |ULA_32bits|ULA_8bits:inst4|ULA_1bit:inst22|inst                           ; combout          ;
; |ULA_32bits|ULA_8bits:inst4|ULA_1bit:inst21|inst                           ; |ULA_32bits|ULA_8bits:inst4|ULA_1bit:inst21|inst                           ; combout          ;
; |ULA_32bits|ULA_8bits:inst4|ULA_1bit:inst20|FULL_ADDER_1bit:inst5|inst9    ; |ULA_32bits|ULA_8bits:inst4|ULA_1bit:inst20|FULL_ADDER_1bit:inst5|inst9    ; combout          ;
; |ULA_32bits|ULA_8bits:inst4|ULA_1bit:inst19|inst                           ; |ULA_32bits|ULA_8bits:inst4|ULA_1bit:inst19|inst                           ; combout          ;
; |ULA_32bits|ULA_8bits:inst4|ULA_1bit:inst|inst                             ; |ULA_32bits|ULA_8bits:inst4|ULA_1bit:inst|inst                             ; combout          ;
; |ULA_32bits|ULA_8bits:inst5|ULA_1bit:inst25|inst                           ; |ULA_32bits|ULA_8bits:inst5|ULA_1bit:inst25|inst                           ; combout          ;
; |ULA_32bits|ULA_8bits:inst5|ULA_1bit:inst24|FULL_ADDER_1bit:inst5|inst9    ; |ULA_32bits|ULA_8bits:inst5|ULA_1bit:inst24|FULL_ADDER_1bit:inst5|inst9    ; combout          ;
; |ULA_32bits|ULA_8bits:inst5|ULA_1bit:inst24|FULL_ADDER_1bit:inst5|inst10~0 ; |ULA_32bits|ULA_8bits:inst5|ULA_1bit:inst24|FULL_ADDER_1bit:inst5|inst10~0 ; combout          ;
; |ULA_32bits|ULA_8bits:inst5|ULA_1bit:inst23|FULL_ADDER_1bit:inst5|inst9    ; |ULA_32bits|ULA_8bits:inst5|ULA_1bit:inst23|FULL_ADDER_1bit:inst5|inst9    ; combout          ;
; |ULA_32bits|ULA_8bits:inst5|ULA_1bit:inst23|FULL_ADDER_1bit:inst5|inst10~0 ; |ULA_32bits|ULA_8bits:inst5|ULA_1bit:inst23|FULL_ADDER_1bit:inst5|inst10~0 ; combout          ;
; |ULA_32bits|ULA_8bits:inst5|ULA_1bit:inst22|FULL_ADDER_1bit:inst5|inst9    ; |ULA_32bits|ULA_8bits:inst5|ULA_1bit:inst22|FULL_ADDER_1bit:inst5|inst9    ; combout          ;
; |ULA_32bits|ULA_8bits:inst5|ULA_1bit:inst21|inst                           ; |ULA_32bits|ULA_8bits:inst5|ULA_1bit:inst21|inst                           ; combout          ;
; |ULA_32bits|ULA_8bits:inst5|ULA_1bit:inst20|inst                           ; |ULA_32bits|ULA_8bits:inst5|ULA_1bit:inst20|inst                           ; combout          ;
; |ULA_32bits|ULA_8bits:inst5|ULA_1bit:inst19|inst                           ; |ULA_32bits|ULA_8bits:inst5|ULA_1bit:inst19|inst                           ; combout          ;
; |ULA_32bits|ULA_8bits:inst5|ULA_1bit:inst|inst                             ; |ULA_32bits|ULA_8bits:inst5|ULA_1bit:inst|inst                             ; combout          ;
; |ULA_32bits|ULA_8bits:inst6|ULA_1bit:inst24|FULL_ADDER_1bit:inst5|inst10~0 ; |ULA_32bits|ULA_8bits:inst6|ULA_1bit:inst24|FULL_ADDER_1bit:inst5|inst10~0 ; combout          ;
; |ULA_32bits|ULA_8bits:inst6|ULA_1bit:inst24|FULL_ADDER_1bit:inst5|inst9    ; |ULA_32bits|ULA_8bits:inst6|ULA_1bit:inst24|FULL_ADDER_1bit:inst5|inst9    ; combout          ;
; |ULA_32bits|ULA_8bits:inst6|ULA_1bit:inst23|FULL_ADDER_1bit:inst5|inst9    ; |ULA_32bits|ULA_8bits:inst6|ULA_1bit:inst23|FULL_ADDER_1bit:inst5|inst9    ; combout          ;
; |ULA_32bits|ULA_8bits:inst6|ULA_1bit:inst23|FULL_ADDER_1bit:inst5|inst10~0 ; |ULA_32bits|ULA_8bits:inst6|ULA_1bit:inst23|FULL_ADDER_1bit:inst5|inst10~0 ; combout          ;
; |ULA_32bits|ULA_8bits:inst6|ULA_1bit:inst21|FULL_ADDER_1bit:inst5|inst10~0 ; |ULA_32bits|ULA_8bits:inst6|ULA_1bit:inst21|FULL_ADDER_1bit:inst5|inst10~0 ; combout          ;
; |ULA_32bits|ULA_8bits:inst6|ULA_1bit:inst19|FULL_ADDER_1bit:inst5|inst10~0 ; |ULA_32bits|ULA_8bits:inst6|ULA_1bit:inst19|FULL_ADDER_1bit:inst5|inst10~0 ; combout          ;
; |ULA_32bits|ULA_8bits:inst6|ULA_1bit:inst21|FULL_ADDER_1bit:inst5|inst11~4 ; |ULA_32bits|ULA_8bits:inst6|ULA_1bit:inst21|FULL_ADDER_1bit:inst5|inst11~4 ; combout          ;
; |ULA_32bits|ULA_8bits:inst6|ULA_1bit:inst21|FULL_ADDER_1bit:inst5|inst11~5 ; |ULA_32bits|ULA_8bits:inst6|ULA_1bit:inst21|FULL_ADDER_1bit:inst5|inst11~5 ; combout          ;
; |ULA_32bits|ULA_8bits:inst6|ULA_1bit:inst21|FULL_ADDER_1bit:inst5|inst11~6 ; |ULA_32bits|ULA_8bits:inst6|ULA_1bit:inst21|FULL_ADDER_1bit:inst5|inst11~6 ; combout          ;
; |ULA_32bits|ULA_8bits:inst6|ULA_1bit:inst22|FULL_ADDER_1bit:inst5|inst11   ; |ULA_32bits|ULA_8bits:inst6|ULA_1bit:inst22|FULL_ADDER_1bit:inst5|inst11   ; combout          ;
; |ULA_32bits|ULA_8bits:inst6|ULA_1bit:inst25|FULL_ADDER_1bit:inst5|inst11~0 ; |ULA_32bits|ULA_8bits:inst6|ULA_1bit:inst25|FULL_ADDER_1bit:inst5|inst11~0 ; combout          ;
; |ULA_32bits|ULA_8bits:inst6|ULA_1bit:inst25|FULL_ADDER_1bit:inst5|inst11~1 ; |ULA_32bits|ULA_8bits:inst6|ULA_1bit:inst25|FULL_ADDER_1bit:inst5|inst11~1 ; combout          ;
; |ULA_32bits|ULA_8bits:inst6|ULA_1bit:inst25|FULL_ADDER_1bit:inst5|inst11~2 ; |ULA_32bits|ULA_8bits:inst6|ULA_1bit:inst25|FULL_ADDER_1bit:inst5|inst11~2 ; combout          ;
; |ULA_32bits|ULA_8bits:inst5|ULA_1bit:inst|FULL_ADDER_1bit:inst5|inst11     ; |ULA_32bits|ULA_8bits:inst5|ULA_1bit:inst|FULL_ADDER_1bit:inst5|inst11     ; combout          ;
; |ULA_32bits|ULA_8bits:inst5|ULA_1bit:inst19|FULL_ADDER_1bit:inst5|inst11   ; |ULA_32bits|ULA_8bits:inst5|ULA_1bit:inst19|FULL_ADDER_1bit:inst5|inst11   ; combout          ;
; |ULA_32bits|ULA_8bits:inst5|ULA_1bit:inst20|FULL_ADDER_1bit:inst5|inst11   ; |ULA_32bits|ULA_8bits:inst5|ULA_1bit:inst20|FULL_ADDER_1bit:inst5|inst11   ; combout          ;
; |ULA_32bits|ULA_8bits:inst5|ULA_1bit:inst21|FULL_ADDER_1bit:inst5|inst11   ; |ULA_32bits|ULA_8bits:inst5|ULA_1bit:inst21|FULL_ADDER_1bit:inst5|inst11   ; combout          ;
; |ULA_32bits|ULA_8bits:inst5|ULA_1bit:inst22|FULL_ADDER_1bit:inst5|inst10~0 ; |ULA_32bits|ULA_8bits:inst5|ULA_1bit:inst22|FULL_ADDER_1bit:inst5|inst10~0 ; combout          ;
; |ULA_32bits|ULA_8bits:inst5|ULA_1bit:inst23|FULL_ADDER_1bit:inst5|inst10   ; |ULA_32bits|ULA_8bits:inst5|ULA_1bit:inst23|FULL_ADDER_1bit:inst5|inst10   ; combout          ;
; |ULA_32bits|ULA_8bits:inst5|ULA_1bit:inst24|FULL_ADDER_1bit:inst5|inst11   ; |ULA_32bits|ULA_8bits:inst5|ULA_1bit:inst24|FULL_ADDER_1bit:inst5|inst11   ; combout          ;
; |ULA_32bits|ULA_8bits:inst5|ULA_1bit:inst25|FULL_ADDER_1bit:inst5|inst11   ; |ULA_32bits|ULA_8bits:inst5|ULA_1bit:inst25|FULL_ADDER_1bit:inst5|inst11   ; combout          ;
; |ULA_32bits|ULA_8bits:inst4|ULA_1bit:inst|FULL_ADDER_1bit:inst5|inst11     ; |ULA_32bits|ULA_8bits:inst4|ULA_1bit:inst|FULL_ADDER_1bit:inst5|inst11     ; combout          ;
; |ULA_32bits|ULA_8bits:inst4|ULA_1bit:inst20|FULL_ADDER_1bit:inst5|inst10~0 ; |ULA_32bits|ULA_8bits:inst4|ULA_1bit:inst20|FULL_ADDER_1bit:inst5|inst10~0 ; combout          ;
; |ULA_32bits|ULA_8bits:inst4|ULA_1bit:inst20|FULL_ADDER_1bit:inst5|inst10~1 ; |ULA_32bits|ULA_8bits:inst4|ULA_1bit:inst20|FULL_ADDER_1bit:inst5|inst10~1 ; combout          ;
; |ULA_32bits|ULA_8bits:inst4|ULA_1bit:inst21|FULL_ADDER_1bit:inst5|inst11~0 ; |ULA_32bits|ULA_8bits:inst4|ULA_1bit:inst21|FULL_ADDER_1bit:inst5|inst11~0 ; combout          ;
; |ULA_32bits|ULA_8bits:inst4|ULA_1bit:inst21|FULL_ADDER_1bit:inst5|inst11~1 ; |ULA_32bits|ULA_8bits:inst4|ULA_1bit:inst21|FULL_ADDER_1bit:inst5|inst11~1 ; combout          ;
; |ULA_32bits|ULA_8bits:inst4|ULA_1bit:inst22|FULL_ADDER_1bit:inst5|inst11   ; |ULA_32bits|ULA_8bits:inst4|ULA_1bit:inst22|FULL_ADDER_1bit:inst5|inst11   ; combout          ;
; |ULA_32bits|ULA_8bits:inst4|ULA_1bit:inst23|FULL_ADDER_1bit:inst5|inst11   ; |ULA_32bits|ULA_8bits:inst4|ULA_1bit:inst23|FULL_ADDER_1bit:inst5|inst11   ; combout          ;
; |ULA_32bits|ULA_8bits:inst4|ULA_1bit:inst24|FULL_ADDER_1bit:inst5|inst11   ; |ULA_32bits|ULA_8bits:inst4|ULA_1bit:inst24|FULL_ADDER_1bit:inst5|inst11   ; combout          ;
; |ULA_32bits|ULA_8bits:inst4|ULA_1bit:inst25|FULL_ADDER_1bit:inst5|inst10~0 ; |ULA_32bits|ULA_8bits:inst4|ULA_1bit:inst25|FULL_ADDER_1bit:inst5|inst10~0 ; combout          ;
; |ULA_32bits|ULA_8bits:inst3|ULA_1bit:inst|FULL_ADDER_1bit:inst5|inst10     ; |ULA_32bits|ULA_8bits:inst3|ULA_1bit:inst|FULL_ADDER_1bit:inst5|inst10     ; combout          ;
; |ULA_32bits|ULA_8bits:inst3|ULA_1bit:inst19|FULL_ADDER_1bit:inst5|inst11   ; |ULA_32bits|ULA_8bits:inst3|ULA_1bit:inst19|FULL_ADDER_1bit:inst5|inst11   ; combout          ;
; |ULA_32bits|ULA_8bits:inst3|ULA_1bit:inst20|FULL_ADDER_1bit:inst5|inst11   ; |ULA_32bits|ULA_8bits:inst3|ULA_1bit:inst20|FULL_ADDER_1bit:inst5|inst11   ; combout          ;
; |ULA_32bits|ULA_8bits:inst3|ULA_1bit:inst21|FULL_ADDER_1bit:inst5|inst11   ; |ULA_32bits|ULA_8bits:inst3|ULA_1bit:inst21|FULL_ADDER_1bit:inst5|inst11   ; combout          ;
; |ULA_32bits|ULA_8bits:inst3|ULA_1bit:inst22|FULL_ADDER_1bit:inst5|inst10~0 ; |ULA_32bits|ULA_8bits:inst3|ULA_1bit:inst22|FULL_ADDER_1bit:inst5|inst10~0 ; combout          ;
; |ULA_32bits|ULA_8bits:inst3|ULA_1bit:inst23|FULL_ADDER_1bit:inst5|inst10   ; |ULA_32bits|ULA_8bits:inst3|ULA_1bit:inst23|FULL_ADDER_1bit:inst5|inst10   ; combout          ;
; |ULA_32bits|ULA_8bits:inst3|ULA_1bit:inst24|FULL_ADDER_1bit:inst5|inst11~0 ; |ULA_32bits|ULA_8bits:inst3|ULA_1bit:inst24|FULL_ADDER_1bit:inst5|inst11~0 ; combout          ;
; |ULA_32bits|ULA_8bits:inst3|ULA_1bit:inst24|FULL_ADDER_1bit:inst5|inst11~1 ; |ULA_32bits|ULA_8bits:inst3|ULA_1bit:inst24|FULL_ADDER_1bit:inst5|inst11~1 ; combout          ;
; |ULA_32bits|ULA_8bits:inst3|ULA_1bit:inst25|FULL_ADDER_1bit:inst5|inst11   ; |ULA_32bits|ULA_8bits:inst3|ULA_1bit:inst25|FULL_ADDER_1bit:inst5|inst11   ; combout          ;
; |ULA_32bits|ULA_8bits:inst3|ULA_1bit:inst23|FULL_ADDER_1bit:inst5|inst11   ; |ULA_32bits|ULA_8bits:inst3|ULA_1bit:inst23|FULL_ADDER_1bit:inst5|inst11   ; combout          ;
; |ULA_32bits|ULA_8bits:inst3|ULA_1bit:inst22|FULL_ADDER_1bit:inst5|inst11   ; |ULA_32bits|ULA_8bits:inst3|ULA_1bit:inst22|FULL_ADDER_1bit:inst5|inst11   ; combout          ;
; |ULA_32bits|ULA_8bits:inst3|ULA_1bit:inst22|inst                           ; |ULA_32bits|ULA_8bits:inst3|ULA_1bit:inst22|inst                           ; combout          ;
; |ULA_32bits|ULA_8bits:inst3|ULA_1bit:inst21|FULL_ADDER_1bit:inst5|inst8    ; |ULA_32bits|ULA_8bits:inst3|ULA_1bit:inst21|FULL_ADDER_1bit:inst5|inst8    ; combout          ;
; |ULA_32bits|ULA_8bits:inst3|ULA_1bit:inst19|inst                           ; |ULA_32bits|ULA_8bits:inst3|ULA_1bit:inst19|inst                           ; combout          ;
; |ULA_32bits|ULA_8bits:inst3|ULA_1bit:inst|FULL_ADDER_1bit:inst5|inst11     ; |ULA_32bits|ULA_8bits:inst3|ULA_1bit:inst|FULL_ADDER_1bit:inst5|inst11     ; combout          ;
; |ULA_32bits|ULA_8bits:inst3|ULA_1bit:inst19|FULL_ADDER_1bit:inst5|inst8    ; |ULA_32bits|ULA_8bits:inst3|ULA_1bit:inst19|FULL_ADDER_1bit:inst5|inst8    ; combout          ;
; |ULA_32bits|ULA_8bits:inst3|ULA_1bit:inst19|inst7~1                        ; |ULA_32bits|ULA_8bits:inst3|ULA_1bit:inst19|inst7~1                        ; combout          ;
; |ULA_32bits|ULA_8bits:inst3|ULA_1bit:inst|inst                             ; |ULA_32bits|ULA_8bits:inst3|ULA_1bit:inst|inst                             ; combout          ;
; |ULA_32bits|ULA_8bits:inst4|ULA_1bit:inst25|FULL_ADDER_1bit:inst5|inst11   ; |ULA_32bits|ULA_8bits:inst4|ULA_1bit:inst25|FULL_ADDER_1bit:inst5|inst11   ; combout          ;
; |ULA_32bits|ULA_8bits:inst4|ULA_1bit:inst25|inst7~0                        ; |ULA_32bits|ULA_8bits:inst4|ULA_1bit:inst25|inst7~0                        ; combout          ;
; |ULA_32bits|ULA_8bits:inst4|ULA_1bit:inst25|inst7~1                        ; |ULA_32bits|ULA_8bits:inst4|ULA_1bit:inst25|inst7~1                        ; combout          ;
; |ULA_32bits|ULA_8bits:inst4|ULA_1bit:inst24|FULL_ADDER_1bit:inst5|inst8    ; |ULA_32bits|ULA_8bits:inst4|ULA_1bit:inst24|FULL_ADDER_1bit:inst5|inst8    ; combout          ;
; |ULA_32bits|ULA_8bits:inst4|ULA_1bit:inst23|FULL_ADDER_1bit:inst5|inst8    ; |ULA_32bits|ULA_8bits:inst4|ULA_1bit:inst23|FULL_ADDER_1bit:inst5|inst8    ; combout          ;
; |ULA_32bits|ULA_8bits:inst4|ULA_1bit:inst22|FULL_ADDER_1bit:inst5|inst8    ; |ULA_32bits|ULA_8bits:inst4|ULA_1bit:inst22|FULL_ADDER_1bit:inst5|inst8    ; combout          ;
; |ULA_32bits|ULA_8bits:inst4|ULA_1bit:inst20|FULL_ADDER_1bit:inst5|inst11   ; |ULA_32bits|ULA_8bits:inst4|ULA_1bit:inst20|FULL_ADDER_1bit:inst5|inst11   ; combout          ;
; |ULA_32bits|ULA_8bits:inst4|ULA_1bit:inst20|inst                           ; |ULA_32bits|ULA_8bits:inst4|ULA_1bit:inst20|inst                           ; combout          ;
; |ULA_32bits|ULA_8bits:inst4|ULA_1bit:inst19|FULL_ADDER_1bit:inst5|inst11   ; |ULA_32bits|ULA_8bits:inst4|ULA_1bit:inst19|FULL_ADDER_1bit:inst5|inst11   ; combout          ;
; |ULA_32bits|ULA_8bits:inst4|ULA_1bit:inst20|inst7~1                        ; |ULA_32bits|ULA_8bits:inst4|ULA_1bit:inst20|inst7~1                        ; combout          ;
; |ULA_32bits|ULA_8bits:inst4|ULA_1bit:inst19|inst7~0                        ; |ULA_32bits|ULA_8bits:inst4|ULA_1bit:inst19|inst7~0                        ; combout          ;
; |ULA_32bits|ULA_8bits:inst4|ULA_1bit:inst19|inst7~1                        ; |ULA_32bits|ULA_8bits:inst4|ULA_1bit:inst19|inst7~1                        ; combout          ;
; |ULA_32bits|ULA_8bits:inst5|ULA_1bit:inst25|inst7~0                        ; |ULA_32bits|ULA_8bits:inst5|ULA_1bit:inst25|inst7~0                        ; combout          ;
; |ULA_32bits|ULA_8bits:inst5|ULA_1bit:inst25|inst7~1                        ; |ULA_32bits|ULA_8bits:inst5|ULA_1bit:inst25|inst7~1                        ; combout          ;
; |ULA_32bits|ULA_8bits:inst5|ULA_1bit:inst25|inst7~2                        ; |ULA_32bits|ULA_8bits:inst5|ULA_1bit:inst25|inst7~2                        ; combout          ;
; |ULA_32bits|ULA_8bits:inst5|ULA_1bit:inst24|inst                           ; |ULA_32bits|ULA_8bits:inst5|ULA_1bit:inst24|inst                           ; combout          ;
; |ULA_32bits|ULA_8bits:inst5|ULA_1bit:inst23|FULL_ADDER_1bit:inst5|inst11   ; |ULA_32bits|ULA_8bits:inst5|ULA_1bit:inst23|FULL_ADDER_1bit:inst5|inst11   ; combout          ;
; |ULA_32bits|ULA_8bits:inst5|ULA_1bit:inst23|inst                           ; |ULA_32bits|ULA_8bits:inst5|ULA_1bit:inst23|inst                           ; combout          ;
; |ULA_32bits|ULA_8bits:inst5|ULA_1bit:inst22|FULL_ADDER_1bit:inst5|inst11   ; |ULA_32bits|ULA_8bits:inst5|ULA_1bit:inst22|FULL_ADDER_1bit:inst5|inst11   ; combout          ;
; |ULA_32bits|ULA_8bits:inst5|ULA_1bit:inst22|inst                           ; |ULA_32bits|ULA_8bits:inst5|ULA_1bit:inst22|inst                           ; combout          ;
; |ULA_32bits|ULA_8bits:inst5|ULA_1bit:inst22|inst7~0                        ; |ULA_32bits|ULA_8bits:inst5|ULA_1bit:inst22|inst7~0                        ; combout          ;
; |ULA_32bits|ULA_8bits:inst5|ULA_1bit:inst22|inst7~1                        ; |ULA_32bits|ULA_8bits:inst5|ULA_1bit:inst22|inst7~1                        ; combout          ;
; |ULA_32bits|ULA_8bits:inst5|ULA_1bit:inst20|inst7~0                        ; |ULA_32bits|ULA_8bits:inst5|ULA_1bit:inst20|inst7~0                        ; combout          ;
; |ULA_32bits|ULA_8bits:inst5|ULA_1bit:inst20|inst7~1                        ; |ULA_32bits|ULA_8bits:inst5|ULA_1bit:inst20|inst7~1                        ; combout          ;
; |ULA_32bits|ULA_8bits:inst5|ULA_1bit:inst20|inst7~2                        ; |ULA_32bits|ULA_8bits:inst5|ULA_1bit:inst20|inst7~2                        ; combout          ;
; |ULA_32bits|ULA_8bits:inst5|ULA_1bit:inst19|inst7~0                        ; |ULA_32bits|ULA_8bits:inst5|ULA_1bit:inst19|inst7~0                        ; combout          ;
; |ULA_32bits|ULA_8bits:inst5|ULA_1bit:inst19|inst7~1                        ; |ULA_32bits|ULA_8bits:inst5|ULA_1bit:inst19|inst7~1                        ; combout          ;
; |ULA_32bits|ULA_8bits:inst5|ULA_1bit:inst|inst7~0                          ; |ULA_32bits|ULA_8bits:inst5|ULA_1bit:inst|inst7~0                          ; combout          ;
; |ULA_32bits|ULA_8bits:inst5|ULA_1bit:inst|inst7~1                          ; |ULA_32bits|ULA_8bits:inst5|ULA_1bit:inst|inst7~1                          ; combout          ;
; |ULA_32bits|ULA_8bits:inst6|ULA_1bit:inst24|FULL_ADDER_1bit:inst5|inst10   ; |ULA_32bits|ULA_8bits:inst6|ULA_1bit:inst24|FULL_ADDER_1bit:inst5|inst10   ; combout          ;
; |ULA_32bits|ULA_8bits:inst6|ULA_1bit:inst24|FULL_ADDER_1bit:inst5|inst11   ; |ULA_32bits|ULA_8bits:inst6|ULA_1bit:inst24|FULL_ADDER_1bit:inst5|inst11   ; combout          ;
; |ULA_32bits|ULA_8bits:inst6|ULA_1bit:inst25|inst7~0                        ; |ULA_32bits|ULA_8bits:inst6|ULA_1bit:inst25|inst7~0                        ; combout          ;
; |ULA_32bits|ULA_8bits:inst6|ULA_1bit:inst23|FULL_ADDER_1bit:inst5|inst11   ; |ULA_32bits|ULA_8bits:inst6|ULA_1bit:inst23|FULL_ADDER_1bit:inst5|inst11   ; combout          ;
; |ULA_32bits|ULA_8bits:inst6|ULA_1bit:inst20|FULL_ADDER_1bit:inst5|inst11   ; |ULA_32bits|ULA_8bits:inst6|ULA_1bit:inst20|FULL_ADDER_1bit:inst5|inst11   ; combout          ;
; |ULA_32bits|ULA_8bits:inst6|ULA_1bit:inst20|inst7~0                        ; |ULA_32bits|ULA_8bits:inst6|ULA_1bit:inst20|inst7~0                        ; combout          ;
; |ULA_32bits|ULA_8bits:inst6|ULA_1bit:inst|inst7~0                          ; |ULA_32bits|ULA_8bits:inst6|ULA_1bit:inst|inst7~0                          ; combout          ;
; |ULA_32bits|ULA_8bits:inst6|ULA_1bit:inst19|FULL_ADDER_1bit:inst5|inst9    ; |ULA_32bits|ULA_8bits:inst6|ULA_1bit:inst19|FULL_ADDER_1bit:inst5|inst9    ; combout          ;
; |ULA_32bits|COUT                                                           ; |ULA_32bits|COUT                                                           ; padio            ;
; |ULA_32bits|OUTPUT[25]                                                     ; |ULA_32bits|OUTPUT[25]                                                     ; padio            ;
; |ULA_32bits|OUTPUT[23]                                                     ; |ULA_32bits|OUTPUT[23]                                                     ; padio            ;
; |ULA_32bits|OUTPUT[18]                                                     ; |ULA_32bits|OUTPUT[18]                                                     ; padio            ;
; |ULA_32bits|OUTPUT[17]                                                     ; |ULA_32bits|OUTPUT[17]                                                     ; padio            ;
; |ULA_32bits|OUTPUT[15]                                                     ; |ULA_32bits|OUTPUT[15]                                                     ; padio            ;
; |ULA_32bits|OUTPUT[12]                                                     ; |ULA_32bits|OUTPUT[12]                                                     ; padio            ;
; |ULA_32bits|OUTPUT[10]                                                     ; |ULA_32bits|OUTPUT[10]                                                     ; padio            ;
; |ULA_32bits|OUTPUT[9]                                                      ; |ULA_32bits|OUTPUT[9]                                                      ; padio            ;
; |ULA_32bits|OUTPUT[8]                                                      ; |ULA_32bits|OUTPUT[8]                                                      ; padio            ;
; |ULA_32bits|F0                                                             ; |ULA_32bits|F0~corein                                                      ; combout          ;
; |ULA_32bits|A[31]                                                          ; |ULA_32bits|A[31]~corein                                                   ; combout          ;
; |ULA_32bits|B[31]                                                          ; |ULA_32bits|B[31]~corein                                                   ; combout          ;
; |ULA_32bits|A[30]                                                          ; |ULA_32bits|A[30]~corein                                                   ; combout          ;
; |ULA_32bits|B[30]                                                          ; |ULA_32bits|B[30]~corein                                                   ; combout          ;
; |ULA_32bits|B[29]                                                          ; |ULA_32bits|B[29]~corein                                                   ; combout          ;
; |ULA_32bits|A[29]                                                          ; |ULA_32bits|A[29]~corein                                                   ; combout          ;
; |ULA_32bits|A[28]                                                          ; |ULA_32bits|A[28]~corein                                                   ; combout          ;
; |ULA_32bits|B[28]                                                          ; |ULA_32bits|B[28]~corein                                                   ; combout          ;
; |ULA_32bits|A[27]                                                          ; |ULA_32bits|A[27]~corein                                                   ; combout          ;
; |ULA_32bits|B[27]                                                          ; |ULA_32bits|B[27]~corein                                                   ; combout          ;
; |ULA_32bits|A[26]                                                          ; |ULA_32bits|A[26]~corein                                                   ; combout          ;
; |ULA_32bits|B[26]                                                          ; |ULA_32bits|B[26]~corein                                                   ; combout          ;
; |ULA_32bits|A[25]                                                          ; |ULA_32bits|A[25]~corein                                                   ; combout          ;
; |ULA_32bits|B[25]                                                          ; |ULA_32bits|B[25]~corein                                                   ; combout          ;
; |ULA_32bits|A[24]                                                          ; |ULA_32bits|A[24]~corein                                                   ; combout          ;
; |ULA_32bits|B[24]                                                          ; |ULA_32bits|B[24]~corein                                                   ; combout          ;
; |ULA_32bits|B[23]                                                          ; |ULA_32bits|B[23]~corein                                                   ; combout          ;
; |ULA_32bits|A[23]                                                          ; |ULA_32bits|A[23]~corein                                                   ; combout          ;
; |ULA_32bits|A[22]                                                          ; |ULA_32bits|A[22]~corein                                                   ; combout          ;
; |ULA_32bits|B[22]                                                          ; |ULA_32bits|B[22]~corein                                                   ; combout          ;
; |ULA_32bits|A[21]                                                          ; |ULA_32bits|A[21]~corein                                                   ; combout          ;
; |ULA_32bits|B[21]                                                          ; |ULA_32bits|B[21]~corein                                                   ; combout          ;
; |ULA_32bits|A[20]                                                          ; |ULA_32bits|A[20]~corein                                                   ; combout          ;
; |ULA_32bits|B[20]                                                          ; |ULA_32bits|B[20]~corein                                                   ; combout          ;
; |ULA_32bits|A[19]                                                          ; |ULA_32bits|A[19]~corein                                                   ; combout          ;
; |ULA_32bits|B[19]                                                          ; |ULA_32bits|B[19]~corein                                                   ; combout          ;
; |ULA_32bits|A[18]                                                          ; |ULA_32bits|A[18]~corein                                                   ; combout          ;
; |ULA_32bits|B[18]                                                          ; |ULA_32bits|B[18]~corein                                                   ; combout          ;
; |ULA_32bits|A[17]                                                          ; |ULA_32bits|A[17]~corein                                                   ; combout          ;
; |ULA_32bits|B[17]                                                          ; |ULA_32bits|B[17]~corein                                                   ; combout          ;
; |ULA_32bits|A[16]                                                          ; |ULA_32bits|A[16]~corein                                                   ; combout          ;
; |ULA_32bits|B[16]                                                          ; |ULA_32bits|B[16]~corein                                                   ; combout          ;
; |ULA_32bits|A[15]                                                          ; |ULA_32bits|A[15]~corein                                                   ; combout          ;
; |ULA_32bits|B[15]                                                          ; |ULA_32bits|B[15]~corein                                                   ; combout          ;
; |ULA_32bits|A[14]                                                          ; |ULA_32bits|A[14]~corein                                                   ; combout          ;
; |ULA_32bits|B[14]                                                          ; |ULA_32bits|B[14]~corein                                                   ; combout          ;
; |ULA_32bits|A[13]                                                          ; |ULA_32bits|A[13]~corein                                                   ; combout          ;
; |ULA_32bits|B[13]                                                          ; |ULA_32bits|B[13]~corein                                                   ; combout          ;
; |ULA_32bits|A[12]                                                          ; |ULA_32bits|A[12]~corein                                                   ; combout          ;
; |ULA_32bits|B[12]                                                          ; |ULA_32bits|B[12]~corein                                                   ; combout          ;
; |ULA_32bits|A[11]                                                          ; |ULA_32bits|A[11]~corein                                                   ; combout          ;
; |ULA_32bits|B[11]                                                          ; |ULA_32bits|B[11]~corein                                                   ; combout          ;
; |ULA_32bits|A[10]                                                          ; |ULA_32bits|A[10]~corein                                                   ; combout          ;
; |ULA_32bits|B[10]                                                          ; |ULA_32bits|B[10]~corein                                                   ; combout          ;
; |ULA_32bits|A[9]                                                           ; |ULA_32bits|A[9]~corein                                                    ; combout          ;
; |ULA_32bits|B[9]                                                           ; |ULA_32bits|B[9]~corein                                                    ; combout          ;
; |ULA_32bits|A[8]                                                           ; |ULA_32bits|A[8]~corein                                                    ; combout          ;
; |ULA_32bits|B[8]                                                           ; |ULA_32bits|B[8]~corein                                                    ; combout          ;
; |ULA_32bits|B[3]                                                           ; |ULA_32bits|B[3]~corein                                                    ; combout          ;
; |ULA_32bits|CIN                                                            ; |ULA_32bits|CIN~corein                                                     ; combout          ;
+----------------------------------------------------------------------------+----------------------------------------------------------------------------+------------------+


+---------------------+
; Simulator INI Usage ;
+--------+------------+
; Option ; Usage      ;
+--------+------------+


+--------------------+
; Simulator Messages ;
+--------------------+
Info: *******************************************************************
Info: Running Quartus II 64-Bit Simulator
    Info: Version 13.0.1 Build 232 06/12/2013 Service Pack 1 SJ Web Edition
    Info: Processing started: Thu Jul 03 17:19:29 2025
Info: Command: quartus_sim --simulation_results_format=VWF mic1 -c mic1
Info (324025): Using vector source file "C:/Users/Aluno/Juan_pablo/ULA_32bit.vwf"
Info (310003): Option to preserve fewer signal transitions to reduce memory requirements is enabled
    Info (310004): Simulation has been partitioned into sub-simulations according to the maximum transition count determined by the engine. Transitions from memory will be flushed out to disk at the end of each sub-simulation to reduce memory requirements.
Info (310002): Simulation partitioned into 1 sub-simulations
Info (328053): Simulation coverage is      45.81 %
Info (328052): Number of transitions in simulation is 588
Info (324045): Vector file mic1.sim.vwf is saved in VWF text format. You can compress it into CVWF format in order to reduce file size. For more details please refer to the Quartus II Help.
Info: Quartus II 64-Bit Simulator was successful. 0 errors, 0 warnings
    Info: Peak virtual memory: 4467 megabytes
    Info: Processing ended: Thu Jul 03 17:19:29 2025
    Info: Elapsed time: 00:00:00
    Info: Total CPU time (on all processors): 00:00:01


